../Drivers/CMSIS/Include/core_cm4.h:1933:34:__NVIC_SystemReset	4	static,ignoring_inline_asm
../Core/Src/nnTasks.c:97:6:createNnObjects	8	static
../Core/Src/nnTasks.c:114:6:initSensorsAndNN	16	static
../Core/Src/nnTasks.c:119:6:initTask	32	static
../Core/Src/nnTasks.c:143:6:createNnTasks	16	static
../Core/Src/nnTasks.c:158:13:ai_log_err	16	static
../Core/Src/nnTasks.c:171:12:ai_boostrap	72	static
../Core/Src/nnTasks.c:205:12:ai_run	32	static
../Core/Src/nnTasks.c:225:6:initNN	16	static
../Core/Src/nnTasks.c:266:6:acquireDataTask	24	static
../Core/Src/nnTasks.c:288:6:processDataTask	24	static
../Core/Src/nnTasks.c:315:6:postProcessTask	32	static
../Core/Src/nnTasks.c:338:6:wifiTask	16	static
../Core/Src/nnTasks.c:346:6:HAL_I2C_MemRxCpltCallback	24	static,ignoring_inline_asm
../Core/Src/nnTasks.c:360:10:getNNoutput	24	static
../Core/Src/nnTasks.c:368:6:ReadI2C_IT	24	static
../Core/Src/nnTasks.c:381:9:initSensors	32	static
../Core/Src/nnTasks.c:399:6:readSensorsIT	24	static
