../Core/Src/main.c:105:5:main	8	static
../Core/Src/main.c:160:6:SystemClock_Config	96	static
../Core/Src/main.c:221:13:MX_CRC_Init	8	static
../Core/Src/main.c:252:13:MX_DFSDM1_Init	8	static
../Core/Src/main.c:290:13:MX_I2C2_Init	8	static
../Core/Src/main.c:338:13:MX_QUADSPI_Init	8	static
../Core/Src/main.c:371:13:MX_SPI3_Init	8	static
../Core/Src/main.c:411:13:MX_TIM1_Init	40	static
../Core/Src/main.c:458:13:MX_USART1_UART_Init	8	static
../Core/Src/main.c:493:13:MX_USART3_UART_Init	8	static
../Core/Src/main.c:528:13:MX_USB_OTG_FS_PCD_Init	8	static
../Core/Src/main.c:563:13:MX_GPIO_Init	48	static
../Core/Src/main.c:746:6:initSensors	32	static
../Core/Src/main.c:761:6:readSensors	48	static
../Core/Src/main.c:798:6:Error_Handler	4	static,ignoring_inline_asm
