Archive member included to satisfy reference by file (symbol)

../Middlewares/ST/AI/Lib\NetworkRuntime700_CM4_GCC.a(ai_platform_interface.o)
                              ./X-CUBE-AI/App/network.o (ai_platform_get_weights_map)
../Middlewares/ST/AI/Lib\NetworkRuntime700_CM4_GCC.a(core_mem_manager.o)
                              ../Middlewares/ST/AI/Lib\NetworkRuntime700_CM4_GCC.a(ai_platform_interface.o) (core_mem_alloc)
../Middlewares/ST/AI/Lib\NetworkRuntime700_CM4_GCC.a(core_common.o)
                              ../Middlewares/ST/AI/Lib\NetworkRuntime700_CM4_GCC.a(ai_platform_interface.o) (core_init)
../Middlewares/ST/AI/Lib\NetworkRuntime700_CM4_GCC.a(layers_conv2d_generic_float.o)
                              ./X-CUBE-AI/App/network.o (forward_conv2d_nl_pool)
../Middlewares/ST/AI/Lib\NetworkRuntime700_CM4_GCC.a(layers_nl_generic_float.o)
                              ./X-CUBE-AI/App/network.o (nl_func_relu_array_f32)
../Middlewares/ST/AI/Lib\NetworkRuntime700_CM4_GCC.a(layers_pool_generic_float.o)
                              ./X-CUBE-AI/App/network.o (pool_func_mp_array_f32)
../Middlewares/ST/AI/Lib\NetworkRuntime700_CM4_GCC.a(layers.o)
                              ../Middlewares/ST/AI/Lib\NetworkRuntime700_CM4_GCC.a(ai_platform_interface.o) (ai_check_custom_types)
../Middlewares/ST/AI/Lib\NetworkRuntime700_CM4_GCC.a(arm_mat_init_f32.o)
                              ../Middlewares/ST/AI/Lib\NetworkRuntime700_CM4_GCC.a(layers_conv2d_generic_float.o) (st_dsp_arm_mat_init_f32)
../Middlewares/ST/AI/Lib\NetworkRuntime700_CM4_GCC.a(ai_datatypes_format.o)
                              ../Middlewares/ST/AI/Lib\NetworkRuntime700_CM4_GCC.a(ai_platform_interface.o) (ai_array_to_buffer_fmt)
../Middlewares/ST/AI/Lib\NetworkRuntime700_CM4_GCC.a(ai_math_helpers.o)
                              ../Middlewares/ST/AI/Lib\NetworkRuntime700_CM4_GCC.a(layers_nl_generic_float.o) (ai_math_sqrt)
../Middlewares/ST/AI/Lib\NetworkRuntime700_CM4_GCC.a(st_convolve_reference.o)
                              ../Middlewares/ST/AI/Lib\NetworkRuntime700_CM4_GCC.a(ai_math_helpers.o) (align_factor)
c:/st/stm32cubeide_1.11.0/stm32cubeide/plugins/com.st.stm32cube.ide.mcu.externaltools.gnu-tools-for-stm32.10.3-2021.10.win32_1.0.100.202210260954/tools/bin/../lib/gcc/arm-none-eabi/10.3.1/../../../../arm-none-eabi/lib/thumb/v7e-m+fp/hard\libc_nano.a(lib_a-errno.o)
                              ./Core/Src/syscalls.o (__errno)
c:/st/stm32cubeide_1.11.0/stm32cubeide/plugins/com.st.stm32cube.ide.mcu.externaltools.gnu-tools-for-stm32.10.3-2021.10.win32_1.0.100.202210260954/tools/bin/../lib/gcc/arm-none-eabi/10.3.1/../../../../arm-none-eabi/lib/thumb/v7e-m+fp/hard\libc_nano.a(lib_a-exit.o)
                              c:/st/stm32cubeide_1.11.0/stm32cubeide/plugins/com.st.stm32cube.ide.mcu.externaltools.gnu-tools-for-stm32.10.3-2021.10.win32_1.0.100.202210260954/tools/bin/../lib/gcc/arm-none-eabi/10.3.1/../../../../arm-none-eabi/lib/thumb/v7e-m+fp/hard/crt0.o (exit)
c:/st/stm32cubeide_1.11.0/stm32cubeide/plugins/com.st.stm32cube.ide.mcu.externaltools.gnu-tools-for-stm32.10.3-2021.10.win32_1.0.100.202210260954/tools/bin/../lib/gcc/arm-none-eabi/10.3.1/../../../../arm-none-eabi/lib/thumb/v7e-m+fp/hard\libc_nano.a(lib_a-findfp.o)
                              ./Middlewares/Third_Party/FreeRTOS/Source/tasks.o (__sf_fake_stderr)
c:/st/stm32cubeide_1.11.0/stm32cubeide/plugins/com.st.stm32cube.ide.mcu.externaltools.gnu-tools-for-stm32.10.3-2021.10.win32_1.0.100.202210260954/tools/bin/../lib/gcc/arm-none-eabi/10.3.1/../../../../arm-none-eabi/lib/thumb/v7e-m+fp/hard\libc_nano.a(lib_a-fwalk.o)
                              c:/st/stm32cubeide_1.11.0/stm32cubeide/plugins/com.st.stm32cube.ide.mcu.externaltools.gnu-tools-for-stm32.10.3-2021.10.win32_1.0.100.202210260954/tools/bin/../lib/gcc/arm-none-eabi/10.3.1/../../../../arm-none-eabi/lib/thumb/v7e-m+fp/hard\libc_nano.a(lib_a-findfp.o) (_fwalk)
c:/st/stm32cubeide_1.11.0/stm32cubeide/plugins/com.st.stm32cube.ide.mcu.externaltools.gnu-tools-for-stm32.10.3-2021.10.win32_1.0.100.202210260954/tools/bin/../lib/gcc/arm-none-eabi/10.3.1/../../../../arm-none-eabi/lib/thumb/v7e-m+fp/hard\libc_nano.a(lib_a-impure.o)
                              c:/st/stm32cubeide_1.11.0/stm32cubeide/plugins/com.st.stm32cube.ide.mcu.externaltools.gnu-tools-for-stm32.10.3-2021.10.win32_1.0.100.202210260954/tools/bin/../lib/gcc/arm-none-eabi/10.3.1/../../../../arm-none-eabi/lib/thumb/v7e-m+fp/hard\libc_nano.a(lib_a-exit.o) (_global_impure_ptr)
c:/st/stm32cubeide_1.11.0/stm32cubeide/plugins/com.st.stm32cube.ide.mcu.externaltools.gnu-tools-for-stm32.10.3-2021.10.win32_1.0.100.202210260954/tools/bin/../lib/gcc/arm-none-eabi/10.3.1/../../../../arm-none-eabi/lib/thumb/v7e-m+fp/hard\libc_nano.a(lib_a-init.o)
[...]
Memory Configuration

Name             Origin             Length             Attributes
RAM              0x0000000020000000 0x0000000000018000 xrw
RAM2             0x0000000010000000 0x0000000000008000 xrw
FLASH            0x0000000008000000 0x0000000000100000 xr
*default*        0x0000000000000000 0xffffffffffffffff

Linker script and memory map

LOAD c:/st/stm32cubeide_1.11.0/stm32cubeide/plugins/com.st.stm32cube.ide.mcu.externaltools.gnu-tools-for-stm32.10.3-2021.10.win32_1.0.100.202210260954/tools/bin/../lib/gcc/arm-none-eabi/10.3.1/thumb/v7e-m+fp/hard/crti.o
LOAD c:/st/stm32cubeide_1.11.0/stm32cubeide/plugins/com.st.stm32cube.ide.mcu.externaltools.gnu-tools-for-stm32.10.3-2021.10.win32_1.0.100.202210260954/tools/bin/../lib/gcc/arm-none-eabi/10.3.1/thumb/v7e-m+fp/hard/crtbegin.o
LOAD c:/st/stm32cubeide_1.11.0/stm32cubeide/plugins/com.st.stm32cube.ide.mcu.externaltools.gnu-tools-for-stm32.10.3-2021.10.win32_1.0.100.202210260954/tools/bin/../lib/gcc/arm-none-eabi/10.3.1/../../../../arm-none-eabi/lib/thumb/v7e-m+fp/hard/crt0.o
LOAD ./Core/Src/freertos.o
LOAD ./Core/Src/main.o
LOAD ./Core/Src/nnTasks.o
LOAD ./Core/Src/printf.o
LOAD ./Core/Src/stm32l4xx_hal_msp.o
LOAD ./Core/Src/stm32l4xx_it.o
LOAD ./Core/Src/syscalls.o
LOAD ./Core/Src/sysmem.o
LOAD ./Core/Src/system_stm32l4xx.o
LOAD ./Core/Startup/startup_stm32l475vgtx.o
LOAD ./Drivers/STM32L4xx_HAL_Driver/Src/stm32l4xx_hal.o
LOAD ./Drivers/STM32L4xx_HAL_Driver/Src/stm32l4xx_hal_cortex.o
LOAD ./Drivers/STM32L4xx_HAL_Driver/Src/stm32l4xx_hal_crc.o
LOAD ./Drivers/STM32L4xx_HAL_Driver/Src/stm32l4xx_hal_crc_ex.o
LOAD ./Drivers/STM32L4xx_HAL_Driver/Src/stm32l4xx_hal_dma.o
LOAD ./Drivers/STM32L4xx_HAL_Driver/Src/stm32l4xx_hal_dma_ex.o
LOAD ./Drivers/STM32L4xx_HAL_Driver/Src/stm32l4xx_hal_exti.o
LOAD ./Drivers/STM32L4xx_HAL_Driver/Src/stm32l4xx_hal_flash.o
LOAD ./Drivers/STM32L4xx_HAL_Driver/Src/stm32l4xx_hal_flash_ex.o
LOAD ./Drivers/STM32L4xx_HAL_Driver/Src/stm32l4xx_hal_flash_ramfunc.o
LOAD ./Drivers/STM32L4xx_HAL_Driver/Src/stm32l4xx_hal_gpio.o
LOAD ./Drivers/STM32L4xx_HAL_Driver/Src/stm32l4xx_hal_i2c.o
LOAD ./Drivers/STM32L4xx_HAL_Driver/Src/stm32l4xx_hal_i2c_ex.o
LOAD ./Drivers/STM32L4xx_HAL_Driver/Src/stm32l4xx_hal_pwr.o
LOAD ./Drivers/STM32L4xx_HAL_Driver/Src/stm32l4xx_hal_pwr_ex.o
LOAD ./Drivers/STM32L4xx_HAL_Driver/Src/stm32l4xx_hal_rcc.o
LOAD ./Drivers/STM32L4xx_HAL_Driver/Src/stm32l4xx_hal_rcc_ex.o
LOAD ./Drivers/STM32L4xx_HAL_Driver/Src/stm32l4xx_hal_tim.o
LOAD ./Drivers/STM32L4xx_HAL_Driver/Src/stm32l4xx_hal_tim_ex.o
LOAD ./Drivers/STM32L4xx_HAL_Driver/Src/stm32l4xx_hal_uart.o
LOAD ./Drivers/STM32L4xx_HAL_Driver/Src/stm32l4xx_hal_uart_ex.o
LOAD ./Middlewares/Third_Party/FreeRTOS/Source/CMSIS_RTOS_V2/cmsis_os2.o
LOAD ./Middlewares/Third_Party/FreeRTOS/Source/croutine.o
LOAD ./Middlewares/Third_Party/FreeRTOS/Source/event_groups.o
LOAD ./Middlewares/Third_Party/FreeRTOS/Source/list.o
LOAD ./Middlewares/Third_Party/FreeRTOS/Source/queue.o
LOAD ./Middlewares/Third_Party/FreeRTOS/Source/stream_buffer.o
LOAD ./Middlewares/Third_Party/FreeRTOS/Source/tasks.o
LOAD ./Middlewares/Third_Party/FreeRTOS/Source/timers.o
LOAD ./Middlewares/Third_Party/FreeRTOS/Source/portable/GCC/ARM_CM4F/port.o
LOAD ./Middlewares/Third_Party/FreeRTOS/Source/portable/MemMang/heap_4.o
LOAD ./X-CUBE-AI/App/network.o
LOAD ./X-CUBE-AI/App/network_data.o
LOAD ../Middlewares/ST/AI/Lib\NetworkRuntime700_CM4_GCC.a
START GROUP
LOAD c:/st/stm32cubeide_1.11.0/stm32cubeide/plugins/com.st.stm32cube.ide.mcu.externaltools.gnu-tools-for-stm32.10.3-2021.10.win32_1.0.100.202210260954/tools/bin/../lib/gcc/arm-none-eabi/10.3.1/../../../../arm-none-eabi/lib/thumb/v7e-m+fp/hard\libc_nano.a
LOAD c:/st/stm32cubeide_1.11.0/stm32cubeide/plugins/com.st.stm32cube.ide.mcu.externaltools.gnu-tools-for-stm32.10.3-2021.10.win32_1.0.100.202210260954/tools/bin/../lib/gcc/arm-none-eabi/10.3.1/../../../../arm-none-eabi/lib/thumb/v7e-m+fp/hard\libm.a
END GROUP
START GROUP
LOAD c:/st/stm32cubeide_1.11.0/stm32cubeide/plugins/com.st.stm32cube.ide.mcu.externaltools.gnu-tools-for-stm32.10.3-2021.10.win32_1.0.100.202210260954/tools/bin/../lib/gcc/arm-none-eabi/10.3.1/thumb/v7e-m+fp/hard\libgcc.a
LOAD c:/st/stm32cubeide_1.11.0/stm32cubeide/plugins/com.st.stm32cube.ide.mcu.externaltools.gnu-tools-for-stm32.10.3-2021.10.win32_1.0.100.202210260954/tools/bin/../lib/gcc/arm-none-eabi/10.3.1/../../../../arm-none-eabi/lib/thumb/v7e-m+fp/hard\libc_nano.a
END GROUP
START GROUP
LOAD c:/st/stm32cubeide_1.11.0/stm32cubeide/plugins/com.st.stm32cube.ide.mcu.externaltools.gnu-tools-for-stm32.10.3-2021.10.win32_1.0.100.202210260954/tools/bin/../lib/gcc/arm-none-eabi/10.3.1/thumb/v7e-m+fp/hard\libgcc.a
LOAD c:/st/stm32cubeide_1.11.0/stm32cubeide/plugins/com.st.stm32cube.ide.mcu.externaltools.gnu-tools-for-stm32.10.3-2021.10.win32_1.0.100.202210260954/tools/bin/../lib/gcc/arm-none-eabi/10.3.1/../../../../arm-none-eabi/lib/thumb/v7e-m+fp/hard\libc_nano.a
LOAD c:/st/stm32cubeide_1.11.0/stm32cubeide/plugins/com.st.stm32cube.ide.mcu.externaltools.gnu-tools-for-stm32.10.3-2021.10.win32_1.0.100.202210260954/tools/bin/../lib/gcc/arm-none-eabi/10.3.1/../../../../arm-none-eabi/lib/thumb/v7e-m+fp/hard\libnosys.a
END GROUP
START GROUP
LOAD c:/st/stm32cubeide_1.11.0/stm32cubeide/plugins/com.st.stm32cube.ide.mcu.externaltools.gnu-tools-for-stm32.10.3-2021.10.win32_1.0.100.202210260954/tools/bin/../lib/gcc/arm-none-eabi/10.3.1/thumb/v7e-m+fp/hard\libgcc.a
LOAD c:/st/stm32cubeide_1.11.0/stm32cubeide/plugins/com.st.stm32cube.ide.mcu.externaltools.gnu-tools-for-stm32.10.3-2021.10.win32_1.0.100.202210260954/tools/bin/../lib/gcc/arm-none-eabi/10.3.1/../../../../arm-none-eabi/lib/thumb/v7e-m+fp/hard\libc_nano.a
LOAD c:/st/stm32cubeide_1.11.0/stm32cubeide/plugins/com.st.stm32cube.ide.mcu.externaltools.gnu-tools-for-stm32.10.3-2021.10.win32_1.0.100.202210260954/tools/bin/../lib/gcc/arm-none-eabi/10.3.1/../../../../arm-none-eabi/lib/thumb/v7e-m+fp/hard\libnosys.a
END GROUP
LOAD c:/st/stm32cubeide_1.11.0/stm32cubeide/plugins/com.st.stm32cube.ide.mcu.externaltools.gnu-tools-for-stm32.10.3-2021.10.win32_1.0.100.202210260954/tools/bin/../lib/gcc/arm-none-eabi/10.3.1/thumb/v7e-m+fp/hard/crtend.o
LOAD c:/st/stm32cubeide_1.11.0/stm32cubeide/plugins/com.st.stm32cube.ide.mcu.externaltools.gnu-tools-for-stm32.10.3-2021.10.win32_1.0.100.202210260954/tools/bin/../lib/gcc/arm-none-eabi/10.3.1/thumb/v7e-m+fp/hard/crtn.o
                0x0000000020018000                _estack = (ORIGIN (RAM) + LENGTH (RAM))
                0x0000000000000800                _Min_Heap_Size = 0x800
                0x0000000000000800                _Min_Stack_Size = 0x800

.isr_vector     0x0000000008000000      0x188
                0x0000000008000000                . = ALIGN (0x4)
 *(.isr_vector)
 .isr_vector    0x0000000008000000      0x188 ./Core/Startup/startup_stm32l475vgtx.o
                0x0000000008000000                g_pfnVectors
                0x0000000008000188                . = ALIGN (0x4)

.text           0x0000000008000190    0x1116c
                0x0000000008000190                . = ALIGN (0x4)
 *(.text)
 .text          0x0000000008000190       0x40 c:/st/stm32cubeide_1.11.0/stm32cubeide/plugins/com.st.stm32cube.ide.mcu.externaltools.gnu-tools-for-stm32.10.3-2021.10.win32_1.0.100.202210260954/tools/bin/../lib/gcc/arm-none-eabi/10.3.1/thumb/v7e-m+fp/hard/crtbegin.o
 .text          0x00000000080001d0       0x10 c:/st/stm32cubeide_1.11.0/stm32cubeide/plugins/com.st.stm32cube.ide.mcu.externaltools.gnu-tools-for-stm32.10.3-2021.10.win32_1.0.100.202210260954/tools/bin/../lib/gcc/arm-none-eabi/10.3.1/../../../../arm-none-eabi/lib/thumb/v7e-m+fp/hard\libc_nano.a(lib_a-strlen.o)
                0x00000000080001d0                strlen
 .text          0x00000000080001e0       0xa0 c:/st/stm32cubeide_1.11.0/stm32cubeide/plugins/com.st.stm32cube.ide.mcu.externaltools.gnu-tools-for-stm32.10.3-2021.10.win32_1.0.100.202210260954/tools/bin/../lib/gcc/arm-none-eabi/10.3.1/../../../../arm-none-eabi/lib/thumb/v7e-m+fp/hard\libc_nano.a(lib_a-memchr.o)
                0x00000000080001e0                memchr
 .text          0x0000000008000280      0x378 c:/st/stm32cubeide_1.11.0/stm32cubeide/plugins/com.st.stm32cube.ide.mcu.externaltools.gnu-tools-for-stm32.10.3-2021.10.win32_1.0.100.202210260954/tools/bin/../lib/gcc/arm-none-eabi/10.3.1/thumb/v7e-m+fp/hard\libgcc.a(_arm_addsubdf3.o)
                0x0000000008000280                __aeabi_drsub
                0x0000000008000288                __aeabi_dsub
                0x0000000008000288                __subdf3
                0x000000000800028c                __aeabi_dadd
                0x000000000800028c                __adddf3
                0x0000000008000504                __floatunsidf
                0x0000000008000504                __aeabi_ui2d
                0x0000000008000524                __floatsidf
                0x0000000008000524                __aeabi_i2d
                0x0000000008000548                __aeabi_f2d
                0x0000000008000548                __extendsfdf2
                0x000000000800058c                __floatundidf
                0x000000000800058c                __aeabi_ul2d
                0x000000000800059c                __floatdidf
                0x000000000800059c                __aeabi_l2d
 .text          0x00000000080005f8      0x424 c:/st/stm32cubeide_1.11.0/stm32cubeide/plugins/com.st.stm32cube.ide.mcu.externaltools.gnu-tools-for-stm32.10.3-2021.10.win32_1.0.100.202210260954/tools/bin/../lib/gcc/arm-none-eabi/10.3.1/thumb/v7e-m+fp/hard\libgcc.a(_arm_muldivdf3.o)
                0x00000000080005f8                __aeabi_dmul
                0x00000000080005f8                __muldf3
                0x000000000800084c                __divdf3
                0x000000000800084c                __aeabi_ddiv
 .text          0x0000000008000a1c      0x110 c:/st/stm32cubeide_1.11.0/stm32cubeide/plugins/com.st.stm32cube.ide.mcu.externaltools.gnu-tools-for-stm32.10.3-2021.10.win32_1.0.100.202210260954/tools/bin/../lib/gcc/arm-none-eabi/10.3.1/thumb/v7e-m+fp/hard\libgcc.a(_arm_cmpdf2.o)
                0x0000000008000a1c                __gtdf2
                0x0000000008000a1c                __gedf2
                0x0000000008000a24                __ltdf2
                0x0000000008000a24                __ledf2
                0x0000000008000a2c                __nedf2
                0x0000000008000a2c                __eqdf2
                0x0000000008000a2c                __cmpdf2
                0x0000000008000aa8                __aeabi_cdrcmple
                0x0000000008000ab8                __aeabi_cdcmpeq
                0x0000000008000ab8                __aeabi_cdcmple
                0x0000000008000ac8                __aeabi_dcmpeq
                0x0000000008000adc                __aeabi_dcmplt
                0x0000000008000af0                __aeabi_dcmple
                0x0000000008000b04                __aeabi_dcmpge
                0x0000000008000b18                __aeabi_dcmpgt
 .text          0x0000000008000b2c       0x2c c:/st/stm32cubeide_1.11.0/stm32cubeide/plugins/com.st.stm32cube.ide.mcu.externaltools.gnu-tools-for-stm32.10.3-2021.10.win32_1.0.100.202210260954/tools/bin/../lib/gcc/arm-none-eabi/10.3.1/thumb/v7e-m+fp/hard\libgcc.a(_arm_unorddf2.o)
                0x0000000008000b2c                __unorddf2
                0x0000000008000b2c                __aeabi_dcmpun
 .text          0x0000000008000b58       0x50 c:/st/stm32cubeide_1.11.0/stm32cubeide/plugins/com.st.stm32cube.ide.mcu.externaltools.gnu-tools-for-stm32.10.3-2021.10.win32_1.0.100.202210260954/tools/bin/../lib/gcc/arm-none-eabi/10.3.1/thumb/v7e-m+fp/hard\libgcc.a(_arm_fixdfsi.o)
                0x0000000008000b58                __aeabi_d2iz
                0x0000000008000b58                __fixdfsi
 .text          0x0000000008000ba8       0x30 c:/st/stm32cubeide_1.11.0/stm32cubeide/plugins/com.st.stm32cube.ide.mcu.externaltools.gnu-tools-for-stm32.10.3-2021.10.win32_1.0.100.202210260954/tools/bin/../lib/gcc/arm-none-eabi/10.3.1/thumb/v7e-m+fp/hard\libgcc.a(_aeabi_uldivmod.o)
                0x0000000008000ba8                __aeabi_uldivmod
 .text          0x0000000008000bd8      0x2d0 c:/st/stm32cubeide_1.11.0/stm32cubeide/plugins/com.st.stm32cube.ide.mcu.externaltools.gnu-tools-for-stm32.10.3-2021.10.win32_1.0.100.202210260954/tools/bin/../lib/gcc/arm-none-eabi/10.3.1/thumb/v7e-m+fp/hard\libgcc.a(_udivmoddi4.o)
                0x0000000008000bd8                __udivmoddi4
 .text          0x0000000008000ea8        0x4 c:/st/stm32cubeide_1.11.0/stm32cubeide/plugins/com.st.stm32cube.ide.mcu.externaltools.gnu-tools-for-stm32.10.3-2021.10.win32_1.0.100.202210260954/tools/bin/../lib/gcc/arm-none-eabi/10.3.1/thumb/v7e-m+fp/hard\libgcc.a(_dvmd_tls.o)
                0x0000000008000ea8                __aeabi_idiv0
                0x0000000008000ea8                __aeabi_ldiv0
 *(.text*)
 .text.main     0x0000000008000eac       0x4c ./Core/Src/main.o
                0x0000000008000eac                main
 .text.SystemClock_Config
                0x0000000008000ef8       0xa4 ./Core/Src/main.o
                0x0000000008000ef8                SystemClock_Config
 .text.MX_CRC_Init
                0x0000000008000f9c       0x44 ./Core/Src/main.o
 .text.MX_I2C2_Init
                0x0000000008000fe0       0x80 ./Core/Src/main.o
 .text.MX_USART1_UART_Init
                0x0000000008001060       0x60 ./Core/Src/main.o
 .text.MX_GPIO_Init
                0x00000000080010c0      0x430 ./Core/Src/main.o
 .text.StartDefaultTask
                0x00000000080014f0       0x10 ./Core/Src/main.o
                0x00000000080014f0                StartDefaultTask
 .text.Error_Handler
                0x0000000008001500        0xa ./Core/Src/main.o
                0x0000000008001500                Error_Handler
 *fill*         0x000000000800150a        0x2 
 .text.__NVIC_SystemReset
                0x000000000800150c       0x2c ./Core/Src/nnTasks.o
 .text.createNnObjects
                0x0000000008001538       0xac ./Core/Src/nnTasks.o
                0x0000000008001538                createNnObjects
 .text.initSensorsAndNN
                0x00000000080015e4       0x30 ./Core/Src/nnTasks.o
                0x00000000080015e4                initSensorsAndNN
 *fill*         0x0000000008001614        0x4 
 .text.initTask
                0x0000000008001618       0x84 ./Core/Src/nnTasks.o
                0x0000000008001618                initTask
 .text.createNnTasks
                0x000000000800169c       0x74 ./Core/Src/nnTasks.o
                0x000000000800169c                createNnTasks
 .text.ai_log_err
                0x0000000008001710       0x40 ./Core/Src/nnTasks.o
 .text.ai_boostrap
                0x0000000008001750      0x10c ./Core/Src/nnTasks.o
 .text.ai_run   0x000000000800185c       0x68 ./Core/Src/nnTasks.o
 .text.initNN   0x00000000080018c4       0xa4 ./Core/Src/nnTasks.o
                0x00000000080018c4                initNN
 .text.acquireDataTask
                0x0000000008001968       0xf4 ./Core/Src/nnTasks.o
                0x0000000008001968                acquireDataTask
 .text.processDataTask
                0x0000000008001a5c       0x6c ./Core/Src/nnTasks.o
                0x0000000008001a5c                processDataTask
 .text.postProcessTask
                0x0000000008001ac8       0xd0 ./Core/Src/nnTasks.o
                0x0000000008001ac8                postProcessTask
 .text.HAL_I2C_MemRxCpltCallback
                0x0000000008001b98       0x54 ./Core/Src/nnTasks.o
                0x0000000008001b98                HAL_I2C_MemRxCpltCallback
 .text.ReadI2C_IT
                0x0000000008001bec       0x64 ./Core/Src/nnTasks.o
                0x0000000008001bec                ReadI2C_IT
 .text.initSensors
                0x0000000008001c50       0x98 ./Core/Src/nnTasks.o
                0x0000000008001c50                initSensors
 .text.readSensorsIT
                0x0000000008001ce8       0xe0 ./Core/Src/nnTasks.o
                0x0000000008001ce8                readSensorsIT
 .text.HAL_UART_TxCpltCallback
                0x0000000008001dc8       0x40 ./Core/Src/printf.o
                0x0000000008001dc8                HAL_UART_TxCpltCallback
 .text.__io_putchar
                0x0000000008001e08       0x34 ./Core/Src/printf.o
                0x0000000008001e08                __io_putchar
 .text.__io_getchar
                0x0000000008001e3c       0x24 ./Core/Src/printf.o
                0x0000000008001e3c                __io_getchar
 .text.HAL_MspInit
                0x0000000008001e60       0x50 ./Core/Src/stm32l4xx_hal_msp.o
                0x0000000008001e60                HAL_MspInit
 .text.HAL_CRC_MspInit
                0x0000000008001eb0       0x40 ./Core/Src/stm32l4xx_hal_msp.o
                0x0000000008001eb0                HAL_CRC_MspInit
 .text.HAL_I2C_MspInit
                0x0000000008001ef0       0xcc ./Core/Src/stm32l4xx_hal_msp.o
                0x0000000008001ef0                HAL_I2C_MspInit
 .text.HAL_UART_MspInit
                0x0000000008001fbc       0xcc ./Core/Src/stm32l4xx_hal_msp.o
                0x0000000008001fbc                HAL_UART_MspInit
 .text.NMI_Handler
                0x0000000008002088        0x6 ./Core/Src/stm32l4xx_it.o
                0x0000000008002088                NMI_Handler
 .text.HardFault_Handler
                0x000000000800208e        0x6 ./Core/Src/stm32l4xx_it.o
                0x000000000800208e                HardFault_Handler
 .text.MemManage_Handler
                0x0000000008002094        0x6 ./Core/Src/stm32l4xx_it.o
                0x0000000008002094                MemManage_Handler
 .text.BusFault_Handler
                0x000000000800209a        0x6 ./Core/Src/stm32l4xx_it.o
                0x000000000800209a                BusFault_Handler
 .text.UsageFault_Handler
                0x00000000080020a0        0x6 ./Core/Src/stm32l4xx_it.o
                0x00000000080020a0                UsageFault_Handler
 .text.DebugMon_Handler
                0x00000000080020a6        0xe ./Core/Src/stm32l4xx_it.o
                0x00000000080020a6                DebugMon_Handler
 .text.SysTick_Handler
                0x00000000080020b4       0x1a ./Core/Src/stm32l4xx_it.o
                0x00000000080020b4                SysTick_Handler
 .text.EXTI9_5_IRQHandler
                0x00000000080020ce       0x22 ./Core/Src/stm32l4xx_it.o
                0x00000000080020ce                EXTI9_5_IRQHandler
 .text.I2C2_EV_IRQHandler
                0x00000000080020f0       0x14 ./Core/Src/stm32l4xx_it.o
                0x00000000080020f0                I2C2_EV_IRQHandler
 .text.USART1_IRQHandler
                0x0000000008002104       0x14 ./Core/Src/stm32l4xx_it.o
                0x0000000008002104                USART1_IRQHandler
 .text.EXTI15_10_IRQHandler
                0x0000000008002118       0x30 ./Core/Src/stm32l4xx_it.o
                0x0000000008002118                EXTI15_10_IRQHandler
 .text._getpid  0x0000000008002148       0x10 ./Core/Src/syscalls.o
                0x0000000008002148                _getpid
 .text._kill    0x0000000008002158       0x20 ./Core/Src/syscalls.o
                0x0000000008002158                _kill
 .text._exit    0x0000000008002178       0x14 ./Core/Src/syscalls.o
                0x0000000008002178                _exit
 .text._read    0x000000000800218c       0x3a ./Core/Src/syscalls.o
                0x000000000800218c                _read
 .text._write   0x00000000080021c6       0x38 ./Core/Src/syscalls.o
                0x00000000080021c6                _write
 .text._close   0x00000000080021fe       0x18 ./Core/Src/syscalls.o
                0x00000000080021fe                _close
 .text._fstat   0x0000000008002216       0x20 ./Core/Src/syscalls.o
                0x0000000008002216                _fstat
 .text._isatty  0x0000000008002236       0x16 ./Core/Src/syscalls.o
                0x0000000008002236                _isatty
 .text._lseek   0x000000000800224c       0x1a ./Core/Src/syscalls.o
                0x000000000800224c                _lseek
 *fill*         0x0000000008002266        0x2 
 .text._sbrk    0x0000000008002268       0x6c ./Core/Src/sysmem.o
                0x0000000008002268                _sbrk
 .text.SystemInit
                0x00000000080022d4       0x24 ./Core/Src/system_stm32l4xx.o
                0x00000000080022d4                SystemInit
 .text.Reset_Handler
                0x00000000080022f8       0x50 ./Core/Startup/startup_stm32l475vgtx.o
                0x00000000080022f8                Reset_Handler
 .text.Default_Handler
                0x0000000008002348        0x2 ./Core/Startup/startup_stm32l475vgtx.o
                0x0000000008002348                RTC_Alarm_IRQHandler
                0x0000000008002348                EXTI2_IRQHandler
                0x0000000008002348                TIM8_TRG_COM_IRQHandler
                0x0000000008002348                TIM8_CC_IRQHandler
                0x0000000008002348                TIM1_CC_IRQHandler
                0x0000000008002348                TSC_IRQHandler
                0x0000000008002348                TAMP_STAMP_IRQHandler
                0x0000000008002348                EXTI3_IRQHandler
                0x0000000008002348                LPTIM2_IRQHandler
                0x0000000008002348                DFSDM1_FLT1_IRQHandler
                0x0000000008002348                I2C3_ER_IRQHandler
                0x0000000008002348                DFSDM1_FLT2_IRQHandler
                0x0000000008002348                EXTI0_IRQHandler
                0x0000000008002348                CAN1_RX0_IRQHandler
                0x0000000008002348                FPU_IRQHandler
                0x0000000008002348                TIM1_UP_TIM16_IRQHandler
                0x0000000008002348                ADC1_2_IRQHandler
                0x0000000008002348                SPI1_IRQHandler
                0x0000000008002348                TIM6_DAC_IRQHandler
                0x0000000008002348                TIM8_UP_IRQHandler
                0x0000000008002348                DMA2_Channel2_IRQHandler
                0x0000000008002348                DMA1_Channel4_IRQHandler
                0x0000000008002348                SAI2_IRQHandler
                0x0000000008002348                DFSDM1_FLT3_IRQHandler
                0x0000000008002348                USART3_IRQHandler
                0x0000000008002348                DMA1_Channel7_IRQHandler
                0x0000000008002348                CAN1_RX1_IRQHandler
                0x0000000008002348                UART5_IRQHandler
                0x0000000008002348                ADC3_IRQHandler
                0x0000000008002348                TIM4_IRQHandler
                0x0000000008002348                DMA2_Channel1_IRQHandler
                0x0000000008002348                QUADSPI_IRQHandler
                0x0000000008002348                I2C1_EV_IRQHandler
                0x0000000008002348                DMA1_Channel6_IRQHandler
                0x0000000008002348                UART4_IRQHandler
                0x0000000008002348                DMA2_Channel4_IRQHandler
                0x0000000008002348                TIM3_IRQHandler
                0x0000000008002348                RCC_IRQHandler
                0x0000000008002348                DMA1_Channel1_IRQHandler
                0x0000000008002348                Default_Handler
                0x0000000008002348                DMA2_Channel7_IRQHandler
                0x0000000008002348                TIM7_IRQHandler
                0x0000000008002348                SDMMC1_IRQHandler
                0x0000000008002348                TIM5_IRQHandler
                0x0000000008002348                I2C3_EV_IRQHandler
                0x0000000008002348                RTC_WKUP_IRQHandler
                0x0000000008002348                PVD_PVM_IRQHandler
                0x0000000008002348                SPI2_IRQHandler
                0x0000000008002348                CAN1_TX_IRQHandler
                0x0000000008002348                DMA2_Channel5_IRQHandler
                0x0000000008002348                DMA1_Channel5_IRQHandler
                0x0000000008002348                EXTI4_IRQHandler
                0x0000000008002348                RNG_IRQHandler
                0x0000000008002348                TIM1_TRG_COM_TIM17_IRQHandler
                0x0000000008002348                DMA1_Channel3_IRQHandler
                0x0000000008002348                COMP_IRQHandler
                0x0000000008002348                WWDG_IRQHandler
                0x0000000008002348                LPUART1_IRQHandler
                0x0000000008002348                DMA2_Channel6_IRQHandler
                0x0000000008002348                TIM2_IRQHandler
                0x0000000008002348                EXTI1_IRQHandler
                0x0000000008002348                USART2_IRQHandler
                0x0000000008002348                DFSDM1_FLT0_IRQHandler
                0x0000000008002348                I2C2_ER_IRQHandler
                0x0000000008002348                DMA1_Channel2_IRQHandler
                0x0000000008002348                TIM8_BRK_IRQHandler
                0x0000000008002348                CAN1_SCE_IRQHandler
                0x0000000008002348                FLASH_IRQHandler
                0x0000000008002348                OTG_FS_IRQHandler
                0x0000000008002348                SPI3_IRQHandler
                0x0000000008002348                I2C1_ER_IRQHandler
                0x0000000008002348                FMC_IRQHandler
                0x0000000008002348                SWPMI1_IRQHandler
                0x0000000008002348                LPTIM1_IRQHandler
                0x0000000008002348                SAI1_IRQHandler
                0x0000000008002348                DMA2_Channel3_IRQHandler
                0x0000000008002348                TIM1_BRK_TIM15_IRQHandler
 .text.HAL_Init
                0x000000000800234a       0x30 ./Drivers/STM32L4xx_HAL_Driver/Src/stm32l4xx_hal.o
                0x000000000800234a                HAL_Init
 *fill*         0x000000000800237a        0x2 
 .text.HAL_InitTick
                0x000000000800237c       0x78 ./Drivers/STM32L4xx_HAL_Driver/Src/stm32l4xx_hal.o
                0x000000000800237c                HAL_InitTick
 .text.HAL_IncTick
                0x00000000080023f4       0x28 ./Drivers/STM32L4xx_HAL_Driver/Src/stm32l4xx_hal.o
                0x00000000080023f4                HAL_IncTick
 .text.HAL_GetTick
                0x000000000800241c       0x18 ./Drivers/STM32L4xx_HAL_Driver/Src/stm32l4xx_hal.o
                0x000000000800241c                HAL_GetTick
 .text.__NVIC_SetPriorityGrouping
                0x0000000008002434       0x48 ./Drivers/STM32L4xx_HAL_Driver/Src/stm32l4xx_hal_cortex.o
 .text.__NVIC_GetPriorityGrouping
                0x000000000800247c       0x1c ./Drivers/STM32L4xx_HAL_Driver/Src/stm32l4xx_hal_cortex.o
 .text.__NVIC_EnableIRQ
                0x0000000008002498       0x3c ./Drivers/STM32L4xx_HAL_Driver/Src/stm32l4xx_hal_cortex.o
 .text.__NVIC_SetPriority
                0x00000000080024d4       0x54 ./Drivers/STM32L4xx_HAL_Driver/Src/stm32l4xx_hal_cortex.o
 .text.NVIC_EncodePriority
                0x0000000008002528       0x66 ./Drivers/STM32L4xx_HAL_Driver/Src/stm32l4xx_hal_cortex.o
 *fill*         0x000000000800258e        0x2 
 .text.SysTick_Config
                0x0000000008002590       0x44 ./Drivers/STM32L4xx_HAL_Driver/Src/stm32l4xx_hal_cortex.o
 .text.HAL_NVIC_SetPriorityGrouping
                0x00000000080025d4       0x16 ./Drivers/STM32L4xx_HAL_Driver/Src/stm32l4xx_hal_cortex.o
                0x00000000080025d4                HAL_NVIC_SetPriorityGrouping
 .text.HAL_NVIC_SetPriority
                0x00000000080025ea       0x38 ./Drivers/STM32L4xx_HAL_Driver/Src/stm32l4xx_hal_cortex.o
                0x00000000080025ea                HAL_NVIC_SetPriority
 .text.HAL_NVIC_EnableIRQ
                0x0000000008002622       0x1c ./Drivers/STM32L4xx_HAL_Driver/Src/stm32l4xx_hal_cortex.o
                0x0000000008002622                HAL_NVIC_EnableIRQ
 .text.HAL_SYSTICK_Config
                0x000000000800263e       0x18 ./Drivers/STM32L4xx_HAL_Driver/Src/stm32l4xx_hal_cortex.o
                0x000000000800263e                HAL_SYSTICK_Config
 *fill*         0x0000000008002656        0x2 
 .text.HAL_CRC_Init
                0x0000000008002658       0xc8 ./Drivers/STM32L4xx_HAL_Driver/Src/stm32l4xx_hal_crc.o
                0x0000000008002658                HAL_CRC_Init
 .text.HAL_CRCEx_Polynomial_Set
                0x0000000008002720      0x10c ./Drivers/STM32L4xx_HAL_Driver/Src/stm32l4xx_hal_crc_ex.o
                0x0000000008002720                HAL_CRCEx_Polynomial_Set
 .text.HAL_DMA_Abort
                0x000000000800282c       0x7c ./Drivers/STM32L4xx_HAL_Driver/Src/stm32l4xx_hal_dma.o
                0x000000000800282c                HAL_DMA_Abort
 .text.HAL_DMA_Abort_IT
                0x00000000080028a8       0x82 ./Drivers/STM32L4xx_HAL_Driver/Src/stm32l4xx_hal_dma.o
                0x00000000080028a8                HAL_DMA_Abort_IT
 .text.HAL_DMA_GetState
                0x000000000800292a       0x1c ./Drivers/STM32L4xx_HAL_Driver/Src/stm32l4xx_hal_dma.o
                0x000000000800292a                HAL_DMA_GetState
 *fill*         0x0000000008002946        0x2 
 .text.HAL_GPIO_Init
                0x0000000008002948      0x354 ./Drivers/STM32L4xx_HAL_Driver/Src/stm32l4xx_hal_gpio.o
                0x0000000008002948                HAL_GPIO_Init
 .text.HAL_GPIO_WritePin
                0x0000000008002c9c       0x30 ./Drivers/STM32L4xx_HAL_Driver/Src/stm32l4xx_hal_gpio.o
                0x0000000008002c9c                HAL_GPIO_WritePin
 .text.HAL_GPIO_EXTI_IRQHandler
                0x0000000008002ccc       0x30 ./Drivers/STM32L4xx_HAL_Driver/Src/stm32l4xx_hal_gpio.o
                0x0000000008002ccc                HAL_GPIO_EXTI_IRQHandler
 .text.HAL_GPIO_EXTI_Callback
                0x0000000008002cfc       0x16 ./Drivers/STM32L4xx_HAL_Driver/Src/stm32l4xx_hal_gpio.o
                0x0000000008002cfc                HAL_GPIO_EXTI_Callback
 .text.HAL_I2C_Init
                0x0000000008002d12      0x11e ./Drivers/STM32L4xx_HAL_Driver/Src/stm32l4xx_hal_i2c.o
                0x0000000008002d12                HAL_I2C_Init
 .text.HAL_I2C_Mem_Write
                0x0000000008002e30      0x228 ./Drivers/STM32L4xx_HAL_Driver/Src/stm32l4xx_hal_i2c.o
                0x0000000008002e30                HAL_I2C_Mem_Write
 .text.HAL_I2C_Mem_Read_IT
                0x0000000008003058      0x10c ./Drivers/STM32L4xx_HAL_Driver/Src/stm32l4xx_hal_i2c.o
                0x0000000008003058                HAL_I2C_Mem_Read_IT
 .text.HAL_I2C_EV_IRQHandler
                0x0000000008003164       0x34 ./Drivers/STM32L4xx_HAL_Driver/Src/stm32l4xx_hal_i2c.o
                0x0000000008003164                HAL_I2C_EV_IRQHandler
 .text.HAL_I2C_MasterTxCpltCallback
                0x0000000008003198       0x14 ./Drivers/STM32L4xx_HAL_Driver/Src/stm32l4xx_hal_i2c.o
                0x0000000008003198                HAL_I2C_MasterTxCpltCallback
 .text.HAL_I2C_MasterRxCpltCallback
                0x00000000080031ac       0x14 ./Drivers/STM32L4xx_HAL_Driver/Src/stm32l4xx_hal_i2c.o
                0x00000000080031ac                HAL_I2C_MasterRxCpltCallback
 .text.HAL_I2C_SlaveTxCpltCallback
                0x00000000080031c0       0x14 ./Drivers/STM32L4xx_HAL_Driver/Src/stm32l4xx_hal_i2c.o
                0x00000000080031c0                HAL_I2C_SlaveTxCpltCallback
 .text.HAL_I2C_SlaveRxCpltCallback
                0x00000000080031d4       0x14 ./Drivers/STM32L4xx_HAL_Driver/Src/stm32l4xx_hal_i2c.o
                0x00000000080031d4                HAL_I2C_SlaveRxCpltCallback
 .text.HAL_I2C_AddrCallback
                0x00000000080031e8       0x1c ./Drivers/STM32L4xx_HAL_Driver/Src/stm32l4xx_hal_i2c.o
                0x00000000080031e8                HAL_I2C_AddrCallback
 .text.HAL_I2C_ListenCpltCallback
                0x0000000008003204       0x14 ./Drivers/STM32L4xx_HAL_Driver/Src/stm32l4xx_hal_i2c.o
                0x0000000008003204                HAL_I2C_ListenCpltCallback
 .text.HAL_I2C_MemTxCpltCallback
                0x0000000008003218       0x14 ./Drivers/STM32L4xx_HAL_Driver/Src/stm32l4xx_hal_i2c.o
                0x0000000008003218                HAL_I2C_MemTxCpltCallback
 .text.HAL_I2C_ErrorCallback
                0x000000000800322c       0x14 ./Drivers/STM32L4xx_HAL_Driver/Src/stm32l4xx_hal_i2c.o
                0x000000000800322c                HAL_I2C_ErrorCallback
 .text.HAL_I2C_AbortCpltCallback
                0x0000000008003240       0x14 ./Drivers/STM32L4xx_HAL_Driver/Src/stm32l4xx_hal_i2c.o
                0x0000000008003240                HAL_I2C_AbortCpltCallback
 .text.I2C_Mem_ISR_IT
                0x0000000008003254      0x254 ./Drivers/STM32L4xx_HAL_Driver/Src/stm32l4xx_hal_i2c.o
 .text.I2C_Slave_ISR_IT
                0x00000000080034a8      0x206 ./Drivers/STM32L4xx_HAL_Driver/Src/stm32l4xx_hal_i2c.o
 .text.I2C_Master_ISR_DMA
                0x00000000080036ae      0x1e6 ./Drivers/STM32L4xx_HAL_Driver/Src/stm32l4xx_hal_i2c.o
 .text.I2C_Slave_ISR_DMA
                0x0000000008003894      0x1c0 ./Drivers/STM32L4xx_HAL_Driver/Src/stm32l4xx_hal_i2c.o
 .text.I2C_RequestMemoryWrite
                0x0000000008003a54       0xa8 ./Drivers/STM32L4xx_HAL_Driver/Src/stm32l4xx_hal_i2c.o
 .text.I2C_ITAddrCplt
                0x0000000008003afc      0x108 ./Drivers/STM32L4xx_HAL_Driver/Src/stm32l4xx_hal_i2c.o
 .text.I2C_ITMasterSeqCplt
                0x0000000008003c04       0x7a ./Drivers/STM32L4xx_HAL_Driver/Src/stm32l4xx_hal_i2c.o
 .text.I2C_ITSlaveSeqCplt
                0x0000000008003c7e       0xbc ./Drivers/STM32L4xx_HAL_Driver/Src/stm32l4xx_hal_i2c.o
 *fill*         0x0000000008003d3a        0x2 
 .text.I2C_ITMasterCplt
                0x0000000008003d3c      0x194 ./Drivers/STM32L4xx_HAL_Driver/Src/stm32l4xx_hal_i2c.o
 .text.I2C_ITSlaveCplt
                0x0000000008003ed0      0x214 ./Drivers/STM32L4xx_HAL_Driver/Src/stm32l4xx_hal_i2c.o
 .text.I2C_ITListenCplt
                0x00000000080040e4       0xac ./Drivers/STM32L4xx_HAL_Driver/Src/stm32l4xx_hal_i2c.o
 .text.I2C_ITError
                0x0000000008004190      0x1a0 ./Drivers/STM32L4xx_HAL_Driver/Src/stm32l4xx_hal_i2c.o
 .text.I2C_TreatErrorCallback
                0x0000000008004330       0x4e ./Drivers/STM32L4xx_HAL_Driver/Src/stm32l4xx_hal_i2c.o
 .text.I2C_Flush_TXDR
                0x000000000800437e       0x48 ./Drivers/STM32L4xx_HAL_Driver/Src/stm32l4xx_hal_i2c.o
 .text.I2C_DMAAbort
                0x00000000080043c6       0x3c ./Drivers/STM32L4xx_HAL_Driver/Src/stm32l4xx_hal_i2c.o
 .text.I2C_WaitOnFlagUntilTimeout
                0x0000000008004402       0x80 ./Drivers/STM32L4xx_HAL_Driver/Src/stm32l4xx_hal_i2c.o
 .text.I2C_WaitOnTXISFlagUntilTimeout
                0x0000000008004482       0x80 ./Drivers/STM32L4xx_HAL_Driver/Src/stm32l4xx_hal_i2c.o
 .text.I2C_WaitOnSTOPFlagUntilTimeout
                0x0000000008004502       0x78 ./Drivers/STM32L4xx_HAL_Driver/Src/stm32l4xx_hal_i2c.o
 *fill*         0x000000000800457a        0x2 
 .text.I2C_IsErrorOccurred
                0x000000000800457c      0x1d8 ./Drivers/STM32L4xx_HAL_Driver/Src/stm32l4xx_hal_i2c.o
 .text.I2C_TransferConfig
                0x0000000008004754       0x64 ./Drivers/STM32L4xx_HAL_Driver/Src/stm32l4xx_hal_i2c.o
 .text.I2C_Enable_IRQ
                0x00000000080047b8       0xd4 ./Drivers/STM32L4xx_HAL_Driver/Src/stm32l4xx_hal_i2c.o
 .text.I2C_Disable_IRQ
                0x000000000800488c       0xbc ./Drivers/STM32L4xx_HAL_Driver/Src/stm32l4xx_hal_i2c.o
 .text.HAL_I2CEx_ConfigAnalogFilter
                0x0000000008004948       0x96 ./Drivers/STM32L4xx_HAL_Driver/Src/stm32l4xx_hal_i2c_ex.o
                0x0000000008004948                HAL_I2CEx_ConfigAnalogFilter
 .text.HAL_I2CEx_ConfigDigitalFilter
                0x00000000080049de       0x98 ./Drivers/STM32L4xx_HAL_Driver/Src/stm32l4xx_hal_i2c_ex.o
                0x00000000080049de                HAL_I2CEx_ConfigDigitalFilter
 *fill*         0x0000000008004a76        0x2 
 .text.HAL_PWREx_GetVoltageRange
                0x0000000008004a78       0x1c ./Drivers/STM32L4xx_HAL_Driver/Src/stm32l4xx_hal_pwr_ex.o
                0x0000000008004a78                HAL_PWREx_GetVoltageRange
 .text.HAL_PWREx_ControlVoltageScaling
                0x0000000008004a94       0xac ./Drivers/STM32L4xx_HAL_Driver/Src/stm32l4xx_hal_pwr_ex.o
                0x0000000008004a94                HAL_PWREx_ControlVoltageScaling
 .text.HAL_RCC_OscConfig
                0x0000000008004b40      0x7b8 ./Drivers/STM32L4xx_HAL_Driver/Src/stm32l4xx_hal_rcc.o
                0x0000000008004b40                HAL_RCC_OscConfig
 .text.HAL_RCC_ClockConfig
                0x00000000080052f8      0x200 ./Drivers/STM32L4xx_HAL_Driver/Src/stm32l4xx_hal_rcc.o
                0x00000000080052f8                HAL_RCC_ClockConfig
 .text.HAL_RCC_GetSysClockFreq
                0x00000000080054f8      0x118 ./Drivers/STM32L4xx_HAL_Driver/Src/stm32l4xx_hal_rcc.o
                0x00000000080054f8                HAL_RCC_GetSysClockFreq
 .text.HAL_RCC_GetHCLKFreq
                0x0000000008005610       0x18 ./Drivers/STM32L4xx_HAL_Driver/Src/stm32l4xx_hal_rcc.o
                0x0000000008005610                HAL_RCC_GetHCLKFreq
 .text.HAL_RCC_GetPCLK1Freq
                0x0000000008005628       0x2c ./Drivers/STM32L4xx_HAL_Driver/Src/stm32l4xx_hal_rcc.o
                0x0000000008005628                HAL_RCC_GetPCLK1Freq
 .text.HAL_RCC_GetPCLK2Freq
                0x0000000008005654       0x2c ./Drivers/STM32L4xx_HAL_Driver/Src/stm32l4xx_hal_rcc.o
                0x0000000008005654                HAL_RCC_GetPCLK2Freq
 .text.RCC_SetFlashLatencyFromMSIRange
                0x0000000008005680       0xc0 ./Drivers/STM32L4xx_HAL_Driver/Src/stm32l4xx_hal_rcc.o
 .text.HAL_RCCEx_PeriphCLKConfig
                0x0000000008005740      0x5d4 ./Drivers/STM32L4xx_HAL_Driver/Src/stm32l4xx_hal_rcc_ex.o
                0x0000000008005740                HAL_RCCEx_PeriphCLKConfig
 .text.RCCEx_PLLSAI1_Config
                0x0000000008005d14      0x1e8 ./Drivers/STM32L4xx_HAL_Driver/Src/stm32l4xx_hal_rcc_ex.o
 .text.RCCEx_PLLSAI2_Config
                0x0000000008005efc      0x1bc ./Drivers/STM32L4xx_HAL_Driver/Src/stm32l4xx_hal_rcc_ex.o
 .text.HAL_UART_Init
                0x00000000080060b8       0x9c ./Drivers/STM32L4xx_HAL_Driver/Src/stm32l4xx_hal_uart.o
                0x00000000080060b8                HAL_UART_Init
 .text.HAL_UART_Receive
                0x0000000008006154      0x1a2 ./Drivers/STM32L4xx_HAL_Driver/Src/stm32l4xx_hal_uart.o
                0x0000000008006154                HAL_UART_Receive
 *fill*         0x00000000080062f6        0x2 
 .text.HAL_UART_Transmit_IT
                0x00000000080062f8       0xdc ./Drivers/STM32L4xx_HAL_Driver/Src/stm32l4xx_hal_uart.o
                0x00000000080062f8                HAL_UART_Transmit_IT
 .text.HAL_UART_IRQHandler
                0x00000000080063d4      0x5c4 ./Drivers/STM32L4xx_HAL_Driver/Src/stm32l4xx_hal_uart.o
                0x00000000080063d4                HAL_UART_IRQHandler
 .text.HAL_UART_ErrorCallback
                0x0000000008006998       0x14 ./Drivers/STM32L4xx_HAL_Driver/Src/stm32l4xx_hal_uart.o
                0x0000000008006998                HAL_UART_ErrorCallback
 .text.HAL_UARTEx_RxEventCallback
                0x00000000080069ac       0x18 ./Drivers/STM32L4xx_HAL_Driver/Src/stm32l4xx_hal_uart.o
                0x00000000080069ac                HAL_UARTEx_RxEventCallback
 .text.UART_SetConfig
                0x00000000080069c4      0x570 ./Drivers/STM32L4xx_HAL_Driver/Src/stm32l4xx_hal_uart.o
                0x00000000080069c4                UART_SetConfig
 .text.UART_AdvFeatureConfig
                0x0000000008006f34      0x144 ./Drivers/STM32L4xx_HAL_Driver/Src/stm32l4xx_hal_uart.o
                0x0000000008006f34                UART_AdvFeatureConfig
 .text.UART_CheckIdleState
                0x0000000008007078       0x92 ./Drivers/STM32L4xx_HAL_Driver/Src/stm32l4xx_hal_uart.o
                0x0000000008007078                UART_CheckIdleState
 .text.UART_WaitOnFlagUntilTimeout
                0x000000000800710a      0x188 ./Drivers/STM32L4xx_HAL_Driver/Src/stm32l4xx_hal_uart.o
                0x000000000800710a                UART_WaitOnFlagUntilTimeout
 .text.UART_EndRxTransfer
                0x0000000008007292       0xc6 ./Drivers/STM32L4xx_HAL_Driver/Src/stm32l4xx_hal_uart.o
 .text.UART_DMAAbortOnError
                0x0000000008007358       0x2c ./Drivers/STM32L4xx_HAL_Driver/Src/stm32l4xx_hal_uart.o
 .text.UART_TxISR_8BIT
                0x0000000008007384       0xb8 ./Drivers/STM32L4xx_HAL_Driver/Src/stm32l4xx_hal_uart.o
 .text.UART_TxISR_16BIT
                0x000000000800743c       0xc0 ./Drivers/STM32L4xx_HAL_Driver/Src/stm32l4xx_hal_uart.o
 .text.UART_EndTransmit_IT
                0x00000000080074fc       0x54 ./Drivers/STM32L4xx_HAL_Driver/Src/stm32l4xx_hal_uart.o
 .text.HAL_UARTEx_WakeupCallback
                0x0000000008007550       0x14 ./Drivers/STM32L4xx_HAL_Driver/Src/stm32l4xx_hal_uart_ex.o
                0x0000000008007550                HAL_UARTEx_WakeupCallback
 .text.__NVIC_SetPriority
                0x0000000008007564       0x54 ./Middlewares/Third_Party/FreeRTOS/Source/CMSIS_RTOS_V2/cmsis_os2.o
 .text.SVC_Setup
                0x00000000080075b8       0x12 ./Middlewares/Third_Party/FreeRTOS/Source/CMSIS_RTOS_V2/cmsis_os2.o
 *fill*         0x00000000080075ca        0x2 
 .text.osKernelInitialize
                0x00000000080075cc       0x48 ./Middlewares/Third_Party/FreeRTOS/Source/CMSIS_RTOS_V2/cmsis_os2.o
                0x00000000080075cc                osKernelInitialize
 .text.osKernelStart
                0x0000000008007614       0x4c ./Middlewares/Third_Party/FreeRTOS/Source/CMSIS_RTOS_V2/cmsis_os2.o
                0x0000000008007614                osKernelStart
 .text.osThreadNew
                0x0000000008007660      0x124 ./Middlewares/Third_Party/FreeRTOS/Source/CMSIS_RTOS_V2/cmsis_os2.o
                0x0000000008007660                osThreadNew
 .text.osDelay  0x0000000008007784       0x36 ./Middlewares/Third_Party/FreeRTOS/Source/CMSIS_RTOS_V2/cmsis_os2.o
                0x0000000008007784                osDelay
 *fill*         0x00000000080077ba        0x2 
 .text.vApplicationGetIdleTaskMemory
                0x00000000080077bc       0x34 ./Middlewares/Third_Party/FreeRTOS/Source/CMSIS_RTOS_V2/cmsis_os2.o
                0x00000000080077bc                vApplicationGetIdleTaskMemory
 .text.vApplicationGetTimerTaskMemory
                0x00000000080077f0       0x34 ./Middlewares/Third_Party/FreeRTOS/Source/CMSIS_RTOS_V2/cmsis_os2.o
                0x00000000080077f0                vApplicationGetTimerTaskMemory
 .text.vListInitialise
                0x0000000008007824       0x40 ./Middlewares/Third_Party/FreeRTOS/Source/list.o
                0x0000000008007824                vListInitialise
 .text.vListInitialiseItem
                0x0000000008007864       0x1a ./Middlewares/Third_Party/FreeRTOS/Source/list.o
                0x0000000008007864                vListInitialiseItem
 .text.vListInsertEnd
                0x000000000800787e       0x48 ./Middlewares/Third_Party/FreeRTOS/Source/list.o
                0x000000000800787e                vListInsertEnd
 .text.vListInsert
                0x00000000080078c6       0x72 ./Middlewares/Third_Party/FreeRTOS/Source/list.o
                0x00000000080078c6                vListInsert
 .text.uxListRemove
                0x0000000008007938       0x54 ./Middlewares/Third_Party/FreeRTOS/Source/list.o
                0x0000000008007938                uxListRemove
 .text.xQueueGenericReset
                0x000000000800798c       0xd0 ./Middlewares/Third_Party/FreeRTOS/Source/queue.o
                0x000000000800798c                xQueueGenericReset
 .text.xQueueGenericCreateStatic
                0x0000000008007a5c       0xf0 ./Middlewares/Third_Party/FreeRTOS/Source/queue.o
                0x0000000008007a5c                xQueueGenericCreateStatic
 .text.xQueueGenericCreate
                0x0000000008007b4c       0x74 ./Middlewares/Third_Party/FreeRTOS/Source/queue.o
                0x0000000008007b4c                xQueueGenericCreate
 .text.prvInitialiseNewQueue
                0x0000000008007bc0       0x46 ./Middlewares/Third_Party/FreeRTOS/Source/queue.o
 *fill*         0x0000000008007c06        0x2 
 .text.xQueueGenericSend
                0x0000000008007c08      0x1fc ./Middlewares/Third_Party/FreeRTOS/Source/queue.o
                0x0000000008007c08                xQueueGenericSend
 .text.xQueueGenericSendFromISR
                0x0000000008007e04      0x136 ./Middlewares/Third_Party/FreeRTOS/Source/queue.o
                0x0000000008007e04                xQueueGenericSendFromISR
 .text.xQueueGiveFromISR
                0x0000000008007f3a      0x11a ./Middlewares/Third_Party/FreeRTOS/Source/queue.o
                0x0000000008007f3a                xQueueGiveFromISR
 .text.xQueueReceive
                0x0000000008008054      0x1c0 ./Middlewares/Third_Party/FreeRTOS/Source/queue.o
                0x0000000008008054                xQueueReceive
 .text.xQueueSemaphoreTake
                0x0000000008008214      0x218 ./Middlewares/Third_Party/FreeRTOS/Source/queue.o
                0x0000000008008214                xQueueSemaphoreTake
 .text.prvGetDisinheritPriorityAfterTimeout
                0x000000000800842c       0x30 ./Middlewares/Third_Party/FreeRTOS/Source/queue.o
 .text.prvCopyDataToQueue
                0x000000000800845c       0xd4 ./Middlewares/Third_Party/FreeRTOS/Source/queue.o
 .text.prvCopyDataFromQueue
                0x0000000008008530       0x4c ./Middlewares/Third_Party/FreeRTOS/Source/queue.o
 .text.prvUnlockQueue
                0x000000000800857c       0xa4 ./Middlewares/Third_Party/FreeRTOS/Source/queue.o
 .text.prvIsQueueEmpty
                0x0000000008008620       0x2c ./Middlewares/Third_Party/FreeRTOS/Source/queue.o
 .text.prvIsQueueFull
                0x000000000800864c       0x30 ./Middlewares/Third_Party/FreeRTOS/Source/queue.o
 .text.vQueueAddToRegistry
                0x000000000800867c       0x54 ./Middlewares/Third_Party/FreeRTOS/Source/queue.o
                0x000000000800867c                vQueueAddToRegistry
 .text.vQueueWaitForMessageRestricted
                0x00000000080086d0       0x68 ./Middlewares/Third_Party/FreeRTOS/Source/queue.o
                0x00000000080086d0                vQueueWaitForMessageRestricted
 .text.xTaskCreateStatic
                0x0000000008008738       0xba ./Middlewares/Third_Party/FreeRTOS/Source/tasks.o
                0x0000000008008738                xTaskCreateStatic
 .text.xTaskCreate
                0x00000000080087f2       0x8a ./Middlewares/Third_Party/FreeRTOS/Source/tasks.o
                0x00000000080087f2                xTaskCreate
 .text.prvInitialiseNewTask
                0x000000000800887c      0x14c ./Middlewares/Third_Party/FreeRTOS/Source/tasks.o
 .text.prvAddNewTaskToReadyList
                0x00000000080089c8       0xe0 ./Middlewares/Third_Party/FreeRTOS/Source/tasks.o
 .text.vTaskDelete
                0x0000000008008aa8       0xe4 ./Middlewares/Third_Party/FreeRTOS/Source/tasks.o
                0x0000000008008aa8                vTaskDelete
 .text.vTaskDelay
                0x0000000008008b8c       0x68 ./Middlewares/Third_Party/FreeRTOS/Source/tasks.o
                0x0000000008008b8c                vTaskDelay
 .text.vTaskStartScheduler
                0x0000000008008bf4       0xe0 ./Middlewares/Third_Party/FreeRTOS/Source/tasks.o
                0x0000000008008bf4                vTaskStartScheduler
 .text.vTaskSuspendAll
                0x0000000008008cd4       0x1c ./Middlewares/Third_Party/FreeRTOS/Source/tasks.o
                0x0000000008008cd4                vTaskSuspendAll
 .text.xTaskResumeAll
                0x0000000008008cf0      0x13c ./Middlewares/Third_Party/FreeRTOS/Source/tasks.o
                0x0000000008008cf0                xTaskResumeAll
 .text.xTaskGetTickCount
                0x0000000008008e2c       0x20 ./Middlewares/Third_Party/FreeRTOS/Source/tasks.o
                0x0000000008008e2c                xTaskGetTickCount
 .text.xTaskIncrementTick
                0x0000000008008e4c      0x174 ./Middlewares/Third_Party/FreeRTOS/Source/tasks.o
                0x0000000008008e4c                xTaskIncrementTick
 .text.vTaskSwitchContext
                0x0000000008008fc0       0xc8 ./Middlewares/Third_Party/FreeRTOS/Source/tasks.o
                0x0000000008008fc0                vTaskSwitchContext
 .text.vTaskPlaceOnEventList
                0x0000000008009088       0x48 ./Middlewares/Third_Party/FreeRTOS/Source/tasks.o
                0x0000000008009088                vTaskPlaceOnEventList
 .text.vTaskPlaceOnEventListRestricted
                0x00000000080090d0       0x58 ./Middlewares/Third_Party/FreeRTOS/Source/tasks.o
                0x00000000080090d0                vTaskPlaceOnEventListRestricted
 .text.xTaskRemoveFromEventList
                0x0000000008009128       0xc8 ./Middlewares/Third_Party/FreeRTOS/Source/tasks.o
                0x0000000008009128                xTaskRemoveFromEventList
 .text.vTaskInternalSetTimeOutState
                0x00000000080091f0       0x2c ./Middlewares/Third_Party/FreeRTOS/Source/tasks.o
                0x00000000080091f0                vTaskInternalSetTimeOutState
 .text.xTaskCheckForTimeOut
                0x000000000800921c       0xc4 ./Middlewares/Third_Party/FreeRTOS/Source/tasks.o
                0x000000000800921c                xTaskCheckForTimeOut
 .text.vTaskMissedYield
                0x00000000080092e0       0x18 ./Middlewares/Third_Party/FreeRTOS/Source/tasks.o
                0x00000000080092e0                vTaskMissedYield
 .text.prvIdleTask
                0x00000000080092f8       0x30 ./Middlewares/Third_Party/FreeRTOS/Source/tasks.o
 .text.prvInitialiseTaskLists
                0x0000000008009328       0x80 ./Middlewares/Third_Party/FreeRTOS/Source/tasks.o
 .text.prvCheckTasksWaitingTermination
                0x00000000080093a8       0x5c ./Middlewares/Third_Party/FreeRTOS/Source/tasks.o
 .text.prvDeleteTCB
                0x0000000008009404       0x68 ./Middlewares/Third_Party/FreeRTOS/Source/tasks.o
 .text.prvResetNextTaskUnblockTime
                0x000000000800946c       0x40 ./Middlewares/Third_Party/FreeRTOS/Source/tasks.o
 .text.xTaskGetSchedulerState
                0x00000000080094ac       0x3c ./Middlewares/Third_Party/FreeRTOS/Source/tasks.o
                0x00000000080094ac                xTaskGetSchedulerState
 .text.xTaskPriorityInherit
                0x00000000080094e8       0xd0 ./Middlewares/Third_Party/FreeRTOS/Source/tasks.o
                0x00000000080094e8                xTaskPriorityInherit
 .text.xTaskPriorityDisinherit
                0x00000000080095b8       0xdc ./Middlewares/Third_Party/FreeRTOS/Source/tasks.o
                0x00000000080095b8                xTaskPriorityDisinherit
 .text.vTaskPriorityDisinheritAfterTimeout
                0x0000000008009694      0x104 ./Middlewares/Third_Party/FreeRTOS/Source/tasks.o
                0x0000000008009694                vTaskPriorityDisinheritAfterTimeout
 .text.pvTaskIncrementMutexHeldCount
                0x0000000008009798       0x28 ./Middlewares/Third_Party/FreeRTOS/Source/tasks.o
                0x0000000008009798                pvTaskIncrementMutexHeldCount
 .text.prvAddCurrentTaskToDelayedList
                0x00000000080097c0       0xa8 ./Middlewares/Third_Party/FreeRTOS/Source/tasks.o
 .text.xTimerCreateTimerTask
                0x0000000008009868       0x90 ./Middlewares/Third_Party/FreeRTOS/Source/timers.o
                0x0000000008009868                xTimerCreateTimerTask
 .text.xTimerGenericCommand
                0x00000000080098f8       0x9c ./Middlewares/Third_Party/FreeRTOS/Source/timers.o
                0x00000000080098f8                xTimerGenericCommand
 .text.prvProcessExpiredTimer
                0x0000000008009994       0x98 ./Middlewares/Third_Party/FreeRTOS/Source/timers.o
 .text.prvTimerTask
                0x0000000008009a2c       0x24 ./Middlewares/Third_Party/FreeRTOS/Source/timers.o
 .text.prvProcessTimerOrBlockTask
                0x0000000008009a50       0x9c ./Middlewares/Third_Party/FreeRTOS/Source/timers.o
 .text.prvGetNextExpireTime
                0x0000000008009aec       0x48 ./Middlewares/Third_Party/FreeRTOS/Source/timers.o
 .text.prvSampleTimeNow
                0x0000000008009b34       0x40 ./Middlewares/Third_Party/FreeRTOS/Source/timers.o
 .text.prvInsertTimerInActiveList
                0x0000000008009b74       0x84 ./Middlewares/Third_Party/FreeRTOS/Source/timers.o
 .text.prvProcessReceivedCommands
                0x0000000008009bf8      0x1c4 ./Middlewares/Third_Party/FreeRTOS/Source/timers.o
 .text.prvSwitchTimerLists
                0x0000000008009dbc       0xc8 ./Middlewares/Third_Party/FreeRTOS/Source/timers.o
 .text.prvCheckForValidListAndQueue
                0x0000000008009e84       0x80 ./Middlewares/Third_Party/FreeRTOS/Source/timers.o
 .text.pxPortInitialiseStack
                0x0000000008009f04       0x68 ./Middlewares/Third_Party/FreeRTOS/Source/portable/GCC/ARM_CM4F/port.o
                0x0000000008009f04                pxPortInitialiseStack
 .text.prvTaskExitError
                0x0000000008009f6c       0x58 ./Middlewares/Third_Party/FreeRTOS/Source/portable/GCC/ARM_CM4F/port.o
 *fill*         0x0000000008009fc4        0xc 
 .text.SVC_Handler
                0x0000000008009fd0       0x28 ./Middlewares/Third_Party/FreeRTOS/Source/portable/GCC/ARM_CM4F/port.o
                0x0000000008009fd0                SVC_Handler
 .text.prvPortStartFirstTask
                0x0000000008009ff8       0x28 ./Middlewares/Third_Party/FreeRTOS/Source/portable/GCC/ARM_CM4F/port.o
 .text.xPortStartScheduler
                0x000000000800a020      0x144 ./Middlewares/Third_Party/FreeRTOS/Source/portable/GCC/ARM_CM4F/port.o
                0x000000000800a020                xPortStartScheduler
 .text.vPortEnterCritical
                0x000000000800a164       0x60 ./Middlewares/Third_Party/FreeRTOS/Source/portable/GCC/ARM_CM4F/port.o
                0x000000000800a164                vPortEnterCritical
 .text.vPortExitCritical
                0x000000000800a1c4       0x54 ./Middlewares/Third_Party/FreeRTOS/Source/portable/GCC/ARM_CM4F/port.o
                0x000000000800a1c4                vPortExitCritical
 *fill*         0x000000000800a218        0x8 
 .text.PendSV_Handler
                0x000000000800a220       0x68 ./Middlewares/Third_Party/FreeRTOS/Source/portable/GCC/ARM_CM4F/port.o
                0x000000000800a220                PendSV_Handler
 .text.xPortSysTickHandler
                0x000000000800a288       0x44 ./Middlewares/Third_Party/FreeRTOS/Source/portable/GCC/ARM_CM4F/port.o
                0x000000000800a288                xPortSysTickHandler
 .text.vPortSetupTimerInterrupt
                0x000000000800a2cc       0x48 ./Middlewares/Third_Party/FreeRTOS/Source/portable/GCC/ARM_CM4F/port.o
                0x000000000800a2cc                vPortSetupTimerInterrupt
 .text.vPortEnableVFP
                0x000000000800a314       0x14 ./Middlewares/Third_Party/FreeRTOS/Source/portable/GCC/ARM_CM4F/port.o
 .text.vPortValidateInterruptPriority
                0x000000000800a328       0x80 ./Middlewares/Third_Party/FreeRTOS/Source/portable/GCC/ARM_CM4F/port.o
                0x000000000800a328                vPortValidateInterruptPriority
 .text.pvPortMalloc
                0x000000000800a3a8      0x198 ./Middlewares/Third_Party/FreeRTOS/Source/portable/MemMang/heap_4.o
                0x000000000800a3a8                pvPortMalloc
 .text.vPortFree
                0x000000000800a540       0xc4 ./Middlewares/Third_Party/FreeRTOS/Source/portable/MemMang/heap_4.o
                0x000000000800a540                vPortFree
 .text.prvHeapInit
                0x000000000800a604       0xc4 ./Middlewares/Third_Party/FreeRTOS/Source/portable/MemMang/heap_4.o
 .text.prvInsertBlockIntoFreeList
                0x000000000800a6c8       0xb4 ./Middlewares/Third_Party/FreeRTOS/Source/portable/MemMang/heap_4.o
 .text.network_configure_activations
                0x000000000800a77c       0xd0 ./X-CUBE-AI/App/network.o
 .text.network_configure_weights
                0x000000000800a84c      0x154 ./X-CUBE-AI/App/network.o
 .text.ai_network_get_info
                0x000000000800a9a0       0xbc ./X-CUBE-AI/App/network.o
                0x000000000800a9a0                ai_network_get_info
 .text.ai_network_get_error
                0x000000000800aa5c       0x18 ./X-CUBE-AI/App/network.o
                0x000000000800aa5c                ai_network_get_error
 .text.ai_network_create
                0x000000000800aa74       0x2c ./X-CUBE-AI/App/network.o
                0x000000000800aa74                ai_network_create
 .text.ai_network_destroy
                0x000000000800aaa0       0x18 ./X-CUBE-AI/App/network.o
                0x000000000800aaa0                ai_network_destroy
 .text.ai_network_init
                0x000000000800aab8       0x78 ./X-CUBE-AI/App/network.o
                0x000000000800aab8                ai_network_init
 .text.ai_network_run
                0x000000000800ab30       0x20 ./X-CUBE-AI/App/network.o
                0x000000000800ab30                ai_network_run
 .text.ai_network_data_weights_get
                0x000000000800ab50       0x14 ./X-CUBE-AI/App/network_data.o
                0x000000000800ab50                ai_network_data_weights_get
 .text._ai_platform_acquire_crc
                0x000000000800ab64        0x4 ../Middlewares/ST/AI/Lib\NetworkRuntime700_CM4_GCC.a(ai_platform_interface.o)
                0x000000000800ab64                _ai_platform_acquire_crc
 .text._ai_platform_release_crc
                0x000000000800ab68        0x4 ../Middlewares/ST/AI/Lib\NetworkRuntime700_CM4_GCC.a(ai_platform_interface.o)
                0x000000000800ab68                _ai_platform_release_crc
 .text.ai_platform_get_weights_map
                0x000000000800ab6c       0x68 ../Middlewares/ST/AI/Lib\NetworkRuntime700_CM4_GCC.a(ai_platform_interface.o)
                0x000000000800ab6c                ai_platform_get_weights_map
 .text.ai_platform_get_activations_map
                0x000000000800abd4       0x68 ../Middlewares/ST/AI/Lib\NetworkRuntime700_CM4_GCC.a(ai_platform_interface.o)
                0x000000000800abd4                ai_platform_get_activations_map
 .text.ai_platform_runtime_get_revision
                0x000000000800ac3c       0x84 ../Middlewares/ST/AI/Lib\NetworkRuntime700_CM4_GCC.a(ai_platform_interface.o)
                0x000000000800ac3c                ai_platform_runtime_get_revision
 .text.ai_platform_runtime_get_version
                0x000000000800acc0       0x84 ../Middlewares/ST/AI/Lib\NetworkRuntime700_CM4_GCC.a(ai_platform_interface.o)
                0x000000000800acc0                ai_platform_runtime_get_version
 .text.ai_platform_api_get_version
                0x000000000800ad44       0xa8 ../Middlewares/ST/AI/Lib\NetworkRuntime700_CM4_GCC.a(ai_platform_interface.o)
                0x000000000800ad44                ai_platform_api_get_version
 .text.ai_platform_interface_api_get_version
                0x000000000800adec       0xa8 ../Middlewares/ST/AI/Lib\NetworkRuntime700_CM4_GCC.a(ai_platform_interface.o)
                0x000000000800adec                ai_platform_interface_api_get_version
 .text.ai_platform_context_acquire
                0x000000000800ae94       0x90 ../Middlewares/ST/AI/Lib\NetworkRuntime700_CM4_GCC.a(ai_platform_interface.o)
                0x000000000800ae94                ai_platform_context_acquire
 .text.ai_platform_network_get_error
                0x000000000800af24       0xf4 ../Middlewares/ST/AI/Lib\NetworkRuntime700_CM4_GCC.a(ai_platform_interface.o)
                0x000000000800af24                ai_platform_network_get_error
 .text.ai_platform_api_get_network_report
                0x000000000800b018      0x544 ../Middlewares/ST/AI/Lib\NetworkRuntime700_CM4_GCC.a(ai_platform_interface.o)
                0x000000000800b018                ai_platform_api_get_network_report
 .text.ai_platform_network_create
                0x000000000800b55c      0x1ac ../Middlewares/ST/AI/Lib\NetworkRuntime700_CM4_GCC.a(ai_platform_interface.o)
                0x000000000800b55c                ai_platform_network_create
 .text.ai_platform_network_destroy
                0x000000000800b708       0xf0 ../Middlewares/ST/AI/Lib\NetworkRuntime700_CM4_GCC.a(ai_platform_interface.o)
                0x000000000800b708                ai_platform_network_destroy
 .text.ai_platform_network_init
                0x000000000800b7f8      0x224 ../Middlewares/ST/AI/Lib\NetworkRuntime700_CM4_GCC.a(ai_platform_interface.o)
                0x000000000800b7f8                ai_platform_network_init
 .text.ai_platform_network_post_init
                0x000000000800ba1c      0x128 ../Middlewares/ST/AI/Lib\NetworkRuntime700_CM4_GCC.a(ai_platform_interface.o)
                0x000000000800ba1c                ai_platform_network_post_init
 .text.ai_platform_network_process
                0x000000000800bb44      0x4fc ../Middlewares/ST/AI/Lib\NetworkRuntime700_CM4_GCC.a(ai_platform_interface.o)
                0x000000000800bb44                ai_platform_network_process
 .text.core_init
                0x000000000800c040        0x4 ../Middlewares/ST/AI/Lib\NetworkRuntime700_CM4_GCC.a(core_common.o)
                0x000000000800c040                core_init
 .text.core_get_error
                0x000000000800c044        0xc ../Middlewares/ST/AI/Lib\NetworkRuntime700_CM4_GCC.a(core_common.o)
                0x000000000800c044                core_get_error
 .text.core_set_error
                0x000000000800c050       0x18 ../Middlewares/ST/AI/Lib\NetworkRuntime700_CM4_GCC.a(core_common.o)
                0x000000000800c050                core_set_error
 .text.func_dummy
                0x000000000800c068        0x4 ../Middlewares/ST/AI/Lib\NetworkRuntime700_CM4_GCC.a(layers_conv2d_generic_float.o)
 .text.ai_dict8_dot_array_f32
                0x000000000800c06c      0x19c ../Middlewares/ST/AI/Lib\NetworkRuntime700_CM4_GCC.a(layers_conv2d_generic_float.o)
                0x000000000800c06c                ai_dict8_dot_array_f32
 .text.ai_dict4_dot_array_f32
                0x000000000800c208      0x17c ../Middlewares/ST/AI/Lib\NetworkRuntime700_CM4_GCC.a(layers_conv2d_generic_float.o)
                0x000000000800c208                ai_dict4_dot_array_f32
 .text.ai_dict_decompress_f32
                0x000000000800c384       0xa0 ../Middlewares/ST/AI/Lib\NetworkRuntime700_CM4_GCC.a(layers_conv2d_generic_float.o)
                0x000000000800c384                ai_dict_decompress_f32
 .text.forward_conv2d_nl_pool
                0x000000000800c424     0x1270 ../Middlewares/ST/AI/Lib\NetworkRuntime700_CM4_GCC.a(layers_conv2d_generic_float.o)
                0x000000000800c424                forward_conv2d_nl_pool
 .text.forward_dense
                0x000000000800d694      0x470 ../Middlewares/ST/AI/Lib\NetworkRuntime700_CM4_GCC.a(layers_conv2d_generic_float.o)
                0x000000000800d694                forward_dense
 .text.nl_func_relu_array_f32
                0x000000000800db04       0x50 ../Middlewares/ST/AI/Lib\NetworkRuntime700_CM4_GCC.a(layers_nl_generic_float.o)
                0x000000000800db04                nl_func_relu_array_f32
 .text.nl_func_sm_array_f32
                0x000000000800db54      0x100 ../Middlewares/ST/AI/Lib\NetworkRuntime700_CM4_GCC.a(layers_nl_generic_float.o)
                0x000000000800db54                nl_func_sm_array_f32
 .text.nl_func_relu_generic_array_f32
                0x000000000800dc54       0xfc ../Middlewares/ST/AI/Lib\NetworkRuntime700_CM4_GCC.a(layers_nl_generic_float.o)
                0x000000000800dc54                nl_func_relu_generic_array_f32
 .text.forward_relu
                0x000000000800dd50      0x124 ../Middlewares/ST/AI/Lib\NetworkRuntime700_CM4_GCC.a(layers_nl_generic_float.o)
                0x000000000800dd50                forward_relu
 .text.forward_sm
                0x000000000800de74       0x64 ../Middlewares/ST/AI/Lib\NetworkRuntime700_CM4_GCC.a(layers_nl_generic_float.o)
                0x000000000800de74                forward_sm
 .text.pool_func_mp_array_f32
                0x000000000800ded8      0x2b8 ../Middlewares/ST/AI/Lib\NetworkRuntime700_CM4_GCC.a(layers_pool_generic_float.o)
                0x000000000800ded8                pool_func_mp_array_f32
 .text.ai_check_custom_types
                0x000000000800e190       0x54 ../Middlewares/ST/AI/Lib\NetworkRuntime700_CM4_GCC.a(layers.o)
                0x000000000800e190                ai_check_custom_types
 .text.ai_layers_init_all
                0x000000000800e1e4       0x28 ../Middlewares/ST/AI/Lib\NetworkRuntime700_CM4_GCC.a(layers.o)
                0x000000000800e1e4                ai_layers_init_all
 .text.ai_layers_post_init_all
                0x000000000800e20c       0x30 ../Middlewares/ST/AI/Lib\NetworkRuntime700_CM4_GCC.a(layers.o)
                0x000000000800e20c                ai_layers_post_init_all
 .text.ai_layers_forward_all
                0x000000000800e23c       0x9c ../Middlewares/ST/AI/Lib\NetworkRuntime700_CM4_GCC.a(layers.o)
                0x000000000800e23c                ai_layers_forward_all
 .text.ai_layers_destroy_all
                0x000000000800e2d8       0x30 ../Middlewares/ST/AI/Lib\NetworkRuntime700_CM4_GCC.a(layers.o)
                0x000000000800e2d8                ai_layers_destroy_all
 .text.ai_array_to_buffer_fmt
                0x000000000800e308       0xb0 ../Middlewares/ST/AI/Lib\NetworkRuntime700_CM4_GCC.a(ai_datatypes_format.o)
                0x000000000800e308                ai_array_to_buffer_fmt
 .text.ai_array_get_byte_size
                0x000000000800e3b8       0x44 ../Middlewares/ST/AI/Lib\NetworkRuntime700_CM4_GCC.a(ai_datatypes_format.o)
                0x000000000800e3b8                ai_array_get_byte_size
 .text.__errno  0x000000000800e3fc        0xc c:/st/stm32cubeide_1.11.0/stm32cubeide/plugins/com.st.stm32cube.ide.mcu.externaltools.gnu-tools-for-stm32.10.3-2021.10.win32_1.0.100.202210260954/tools/bin/../lib/gcc/arm-none-eabi/10.3.1/../../../../arm-none-eabi/lib/thumb/v7e-m+fp/hard\libc_nano.a(lib_a-errno.o)
                0x000000000800e3fc                __errno
 .text.std      0x000000000800e408       0x48 c:/st/stm32cubeide_1.11.0/stm32cubeide/plugins/com.st.stm32cube.ide.mcu.externaltools.gnu-tools-for-stm32.10.3-2021.10.win32_1.0.100.202210260954/tools/bin/../lib/gcc/arm-none-eabi/10.3.1/../../../../arm-none-eabi/lib/thumb/v7e-m+fp/hard\libc_nano.a(lib_a-findfp.o)
 .text._cleanup_r
                0x000000000800e450        0xc c:/st/stm32cubeide_1.11.0/stm32cubeide/plugins/com.st.stm32cube.ide.mcu.externaltools.gnu-tools-for-stm32.10.3-2021.10.win32_1.0.100.202210260954/tools/bin/../lib/gcc/arm-none-eabi/10.3.1/../../../../arm-none-eabi/lib/thumb/v7e-m+fp/hard\libc_nano.a(lib_a-findfp.o)
                0x000000000800e450                _cleanup_r
 .text.__sfmoreglue
                0x000000000800e45c       0x2c c:/st/stm32cubeide_1.11.0/stm32cubeide/plugins/com.st.stm32cube.ide.mcu.externaltools.gnu-tools-for-stm32.10.3-2021.10.win32_1.0.100.202210260954/tools/bin/../lib/gcc/arm-none-eabi/10.3.1/../../../../arm-none-eabi/lib/thumb/v7e-m+fp/hard\libc_nano.a(lib_a-findfp.o)
                0x000000000800e45c                __sfmoreglue
 .text.__sfp_lock_acquire
                0x000000000800e488        0xc c:/st/stm32cubeide_1.11.0/stm32cubeide/plugins/com.st.stm32cube.ide.mcu.externaltools.gnu-tools-for-stm32.10.3-2021.10.win32_1.0.100.202210260954/tools/bin/../lib/gcc/arm-none-eabi/10.3.1/../../../../arm-none-eabi/lib/thumb/v7e-m+fp/hard\libc_nano.a(lib_a-findfp.o)
                0x000000000800e488                __sfp_lock_acquire
 .text.__sfp_lock_release
                0x000000000800e494        0xc c:/st/stm32cubeide_1.11.0/stm32cubeide/plugins/com.st.stm32cube.ide.mcu.externaltools.gnu-tools-for-stm32.10.3-2021.10.win32_1.0.100.202210260954/tools/bin/../lib/gcc/arm-none-eabi/10.3.1/../../../../arm-none-eabi/lib/thumb/v7e-m+fp/hard\libc_nano.a(lib_a-findfp.o)
                0x000000000800e494                __sfp_lock_release
 .text.__sinit_lock_acquire
                0x000000000800e4a0        0xc c:/st/stm32cubeide_1.11.0/stm32cubeide/plugins/com.st.stm32cube.ide.mcu.externaltools.gnu-tools-for-stm32.10.3-2021.10.win32_1.0.100.202210260954/tools/bin/../lib/gcc/arm-none-eabi/10.3.1/../../../../arm-none-eabi/lib/thumb/v7e-m+fp/hard\libc_nano.a(lib_a-findfp.o)
                0x000000000800e4a0                __sinit_lock_acquire
 .text.__sinit_lock_release
                0x000000000800e4ac        0xc c:/st/stm32cubeide_1.11.0/stm32cubeide/plugins/com.st.stm32cube.ide.mcu.externaltools.gnu-tools-for-stm32.10.3-2021.10.win32_1.0.100.202210260954/tools/bin/../lib/gcc/arm-none-eabi/10.3.1/../../../../arm-none-eabi/lib/thumb/v7e-m+fp/hard\libc_nano.a(lib_a-findfp.o)
                0x000000000800e4ac                __sinit_lock_release
 .text.__sinit  0x000000000800e4b8       0x70 c:/st/stm32cubeide_1.11.0/stm32cubeide/plugins/com.st.stm32cube.ide.mcu.externaltools.gnu-tools-for-stm32.10.3-2021.10.win32_1.0.100.202210260954/tools/bin/../lib/gcc/arm-none-eabi/10.3.1/../../../../arm-none-eabi/lib/thumb/v7e-m+fp/hard\libc_nano.a(lib_a-findfp.o)
                0x000000000800e4b8                __sinit
 .text.__sfp    0x000000000800e528       0x8c c:/st/stm32cubeide_1.11.0/stm32cubeide/plugins/com.st.stm32cube.ide.mcu.externaltools.gnu-tools-for-stm32.10.3-2021.10.win32_1.0.100.202210260954/tools/bin/../lib/gcc/arm-none-eabi/10.3.1/../../../../arm-none-eabi/lib/thumb/v7e-m+fp/hard\libc_nano.a(lib_a-findfp.o)
                0x000000000800e528                __sfp
 .text._fwalk_reent
                0x000000000800e5b4       0x3e c:/st/stm32cubeide_1.11.0/stm32cubeide/plugins/com.st.stm32cube.ide.mcu.externaltools.gnu-tools-for-stm32.10.3-2021.10.win32_1.0.100.202210260954/tools/bin/../lib/gcc/arm-none-eabi/10.3.1/../../../../arm-none-eabi/lib/thumb/v7e-m+fp/hard\libc_nano.a(lib_a-fwalk.o)
                0x000000000800e5b4                _fwalk_reent
 *fill*         0x000000000800e5f2        0x2 
 .text.__libc_init_array
                0x000000000800e5f4       0x48 c:/st/stm32cubeide_1.11.0/stm32cubeide/plugins/com.st.stm32cube.ide.mcu.externaltools.gnu-tools-for-stm32.10.3-2021.10.win32_1.0.100.202210260954/tools/bin/../lib/gcc/arm-none-eabi/10.3.1/../../../../arm-none-eabi/lib/thumb/v7e-m+fp/hard\libc_nano.a(lib_a-init.o)
                0x000000000800e5f4                __libc_init_array
 .text.__retarget_lock_init_recursive
                0x000000000800e63c        0x2 c:/st/stm32cubeide_1.11.0/stm32cubeide/plugins/com.st.stm32cube.ide.mcu.externaltools.gnu-tools-for-stm32.10.3-2021.10.win32_1.0.100.202210260954/tools/bin/../lib/gcc/arm-none-eabi/10.3.1/../../../../arm-none-eabi/lib/thumb/v7e-m+fp/hard\libc_nano.a(lib_a-lock.o)
                0x000000000800e63c                __retarget_lock_init_recursive
 .text.__retarget_lock_acquire_recursive
                0x000000000800e63e        0x2 c:/st/stm32cubeide_1.11.0/stm32cubeide/plugins/com.st.stm32cube.ide.mcu.externaltools.gnu-tools-for-stm32.10.3-2021.10.win32_1.0.100.202210260954/tools/bin/../lib/gcc/arm-none-eabi/10.3.1/../../../../arm-none-eabi/lib/thumb/v7e-m+fp/hard\libc_nano.a(lib_a-lock.o)
                0x000000000800e63e                __retarget_lock_acquire_recursive
 .text.__retarget_lock_release_recursive
                0x000000000800e640        0x2 c:/st/stm32cubeide_1.11.0/stm32cubeide/plugins/com.st.stm32cube.ide.mcu.externaltools.gnu-tools-for-stm32.10.3-2021.10.win32_1.0.100.202210260954/tools/bin/../lib/gcc/arm-none-eabi/10.3.1/../../../../arm-none-eabi/lib/thumb/v7e-m+fp/hard\libc_nano.a(lib_a-lock.o)
                0x000000000800e640                __retarget_lock_release_recursive
 *fill*         0x000000000800e642        0x2 
 .text.malloc   0x000000000800e644       0x10 c:/st/stm32cubeide_1.11.0/stm32cubeide/plugins/com.st.stm32cube.ide.mcu.externaltools.gnu-tools-for-stm32.10.3-2021.10.win32_1.0.100.202210260954/tools/bin/../lib/gcc/arm-none-eabi/10.3.1/../../../../arm-none-eabi/lib/thumb/v7e-m+fp/hard\libc_nano.a(lib_a-malloc.o)
                0x000000000800e644                malloc
 .text.memcpy   0x000000000800e654       0x1c c:/st/stm32cubeide_1.11.0/stm32cubeide/plugins/com.st.stm32cube.ide.mcu.externaltools.gnu-tools-for-stm32.10.3-2021.10.win32_1.0.100.202210260954/tools/bin/../lib/gcc/arm-none-eabi/10.3.1/../../../../arm-none-eabi/lib/thumb/v7e-m+fp/hard\libc_nano.a(lib_a-memcpy-stub.o)
                0x000000000800e654                memcpy
 .text.memset   0x000000000800e670       0x10 c:/st/stm32cubeide_1.11.0/stm32cubeide/plugins/com.st.stm32cube.ide.mcu.externaltools.gnu-tools-for-stm32.10.3-2021.10.win32_1.0.100.202210260954/tools/bin/../lib/gcc/arm-none-eabi/10.3.1/../../../../arm-none-eabi/lib/thumb/v7e-m+fp/hard\libc_nano.a(lib_a-memset.o)
                0x000000000800e670                memset
 .text._free_r  0x000000000800e680       0x98 c:/st/stm32cubeide_1.11.0/stm32cubeide/plugins/com.st.stm32cube.ide.mcu.externaltools.gnu-tools-for-stm32.10.3-2021.10.win32_1.0.100.202210260954/tools/bin/../lib/gcc/arm-none-eabi/10.3.1/../../../../arm-none-eabi/lib/thumb/v7e-m+fp/hard\libc_nano.a(lib_a-nano-freer.o)
                0x000000000800e680                _free_r
 .text.sbrk_aligned
                0x000000000800e718       0x40 c:/st/stm32cubeide_1.11.0/stm32cubeide/plugins/com.st.stm32cube.ide.mcu.externaltools.gnu-tools-for-stm32.10.3-2021.10.win32_1.0.100.202210260954/tools/bin/../lib/gcc/arm-none-eabi/10.3.1/../../../../arm-none-eabi/lib/thumb/v7e-m+fp/hard\libc_nano.a(lib_a-nano-mallocr.o)
 .text._malloc_r
                0x000000000800e758       0xe8 c:/st/stm32cubeide_1.11.0/stm32cubeide/plugins/com.st.stm32cube.ide.mcu.externaltools.gnu-tools-for-stm32.10.3-2021.10.win32_1.0.100.202210260954/tools/bin/../lib/gcc/arm-none-eabi/10.3.1/../../../../arm-none-eabi/lib/thumb/v7e-m+fp/hard\libc_nano.a(lib_a-nano-mallocr.o)
                0x000000000800e758                _malloc_r
 .text.__cvt    0x000000000800e840       0xc4 c:/st/stm32cubeide_1.11.0/stm32cubeide/plugins/com.st.stm32cube.ide.mcu.externaltools.gnu-tools-for-stm32.10.3-2021.10.win32_1.0.100.202210260954/tools/bin/../lib/gcc/arm-none-eabi/10.3.1/../../../../arm-none-eabi/lib/thumb/v7e-m+fp/hard\libc_nano.a(lib_a-nano-vfprintf_float.o)
                0x000000000800e840                __cvt
 .text.__exponent
                0x000000000800e904       0x7c c:/st/stm32cubeide_1.11.0/stm32cubeide/plugins/com.st.stm32cube.ide.mcu.externaltools.gnu-tools-for-stm32.10.3-2021.10.win32_1.0.100.202210260954/tools/bin/../lib/gcc/arm-none-eabi/10.3.1/../../../../arm-none-eabi/lib/thumb/v7e-m+fp/hard\libc_nano.a(lib_a-nano-vfprintf_float.o)
                0x000000000800e904                __exponent
 .text._printf_float
                0x000000000800e980      0x46c c:/st/stm32cubeide_1.11.0/stm32cubeide/plugins/com.st.stm32cube.ide.mcu.externaltools.gnu-tools-for-stm32.10.3-2021.10.win32_1.0.100.202210260954/tools/bin/../lib/gcc/arm-none-eabi/10.3.1/../../../../arm-none-eabi/lib/thumb/v7e-m+fp/hard\libc_nano.a(lib_a-nano-vfprintf_float.o)
                0x000000000800e980                _printf_float
 .text._printf_common
                0x000000000800edec       0xda c:/st/stm32cubeide_1.11.0/stm32cubeide/plugins/com.st.stm32cube.ide.mcu.externaltools.gnu-tools-for-stm32.10.3-2021.10.win32_1.0.100.202210260954/tools/bin/../lib/gcc/arm-none-eabi/10.3.1/../../../../arm-none-eabi/lib/thumb/v7e-m+fp/hard\libc_nano.a(lib_a-nano-vfprintf_i.o)
                0x000000000800edec                _printf_common
 *fill*         0x000000000800eec6        0x2 
 .text._printf_i
                0x000000000800eec8      0x24c c:/st/stm32cubeide_1.11.0/stm32cubeide/plugins/com.st.stm32cube.ide.mcu.externaltools.gnu-tools-for-stm32.10.3-2021.10.win32_1.0.100.202210260954/tools/bin/../lib/gcc/arm-none-eabi/10.3.1/../../../../arm-none-eabi/lib/thumb/v7e-m+fp/hard\libc_nano.a(lib_a-nano-vfprintf_i.o)
                0x000000000800eec8                _printf_i
 .text.printf   0x000000000800f114       0x30 c:/st/stm32cubeide_1.11.0/stm32cubeide/plugins/com.st.stm32cube.ide.mcu.externaltools.gnu-tools-for-stm32.10.3-2021.10.win32_1.0.100.202210260954/tools/bin/../lib/gcc/arm-none-eabi/10.3.1/../../../../arm-none-eabi/lib/thumb/v7e-m+fp/hard\libc_nano.a(lib_a-printf.o)
                0x000000000800f114                iprintf
                0x000000000800f114                printf
 .text._puts_r  0x000000000800f144       0xdc c:/st/stm32cubeide_1.11.0/stm32cubeide/plugins/com.st.stm32cube.ide.mcu.externaltools.gnu-tools-for-stm32.10.3-2021.10.win32_1.0.100.202210260954/tools/bin/../lib/gcc/arm-none-eabi/10.3.1/../../../../arm-none-eabi/lib/thumb/v7e-m+fp/hard\libc_nano.a(lib_a-puts.o)
                0x000000000800f144                _puts_r
 .text.puts     0x000000000800f220       0x10 c:/st/stm32cubeide_1.11.0/stm32cubeide/plugins/com.st.stm32cube.ide.mcu.externaltools.gnu-tools-for-stm32.10.3-2021.10.win32_1.0.100.202210260954/tools/bin/../lib/gcc/arm-none-eabi/10.3.1/../../../../arm-none-eabi/lib/thumb/v7e-m+fp/hard\libc_nano.a(lib_a-puts.o)
                0x000000000800f220                puts
 .text.cleanup_glue
                0x000000000800f230       0x1a c:/st/stm32cubeide_1.11.0/stm32cubeide/plugins/com.st.stm32cube.ide.mcu.externaltools.gnu-tools-for-stm32.10.3-2021.10.win32_1.0.100.202210260954/tools/bin/../lib/gcc/arm-none-eabi/10.3.1/../../../../arm-none-eabi/lib/thumb/v7e-m+fp/hard\libc_nano.a(lib_a-reent.o)
                0x000000000800f230                cleanup_glue
 *fill*         0x000000000800f24a        0x2 
 .text._reclaim_reent
                0x000000000800f24c       0xb8 c:/st/stm32cubeide_1.11.0/stm32cubeide/plugins/com.st.stm32cube.ide.mcu.externaltools.gnu-tools-for-stm32.10.3-2021.10.win32_1.0.100.202210260954/tools/bin/../lib/gcc/arm-none-eabi/10.3.1/../../../../arm-none-eabi/lib/thumb/v7e-m+fp/hard\libc_nano.a(lib_a-reent.o)
                0x000000000800f24c                _reclaim_reent
 .text._sbrk_r  0x000000000800f304       0x20 c:/st/stm32cubeide_1.11.0/stm32cubeide/plugins/com.st.stm32cube.ide.mcu.externaltools.gnu-tools-for-stm32.10.3-2021.10.win32_1.0.100.202210260954/tools/bin/../lib/gcc/arm-none-eabi/10.3.1/../../../../arm-none-eabi/lib/thumb/v7e-m+fp/hard\libc_nano.a(lib_a-sbrkr.o)
                0x000000000800f304                _sbrk_r
 .text.__sread  0x000000000800f324       0x22 c:/st/stm32cubeide_1.11.0/stm32cubeide/plugins/com.st.stm32cube.ide.mcu.externaltools.gnu-tools-for-stm32.10.3-2021.10.win32_1.0.100.202210260954/tools/bin/../lib/gcc/arm-none-eabi/10.3.1/../../../../arm-none-eabi/lib/thumb/v7e-m+fp/hard\libc_nano.a(lib_a-stdio.o)
                0x000000000800f324                __sread
 .text.__swrite
                0x000000000800f346       0x38 c:/st/stm32cubeide_1.11.0/stm32cubeide/plugins/com.st.stm32cube.ide.mcu.externaltools.gnu-tools-for-stm32.10.3-2021.10.win32_1.0.100.202210260954/tools/bin/../lib/gcc/arm-none-eabi/10.3.1/../../../../arm-none-eabi/lib/thumb/v7e-m+fp/hard\libc_nano.a(lib_a-stdio.o)
                0x000000000800f346                __swrite
 .text.__sseek  0x000000000800f37e       0x24 c:/st/stm32cubeide_1.11.0/stm32cubeide/plugins/com.st.stm32cube.ide.mcu.externaltools.gnu-tools-for-stm32.10.3-2021.10.win32_1.0.100.202210260954/tools/bin/../lib/gcc/arm-none-eabi/10.3.1/../../../../arm-none-eabi/lib/thumb/v7e-m+fp/hard\libc_nano.a(lib_a-stdio.o)
                0x000000000800f37e                __sseek
 .text.__sclose
                0x000000000800f3a2        0x8 c:/st/stm32cubeide_1.11.0/stm32cubeide/plugins/com.st.stm32cube.ide.mcu.externaltools.gnu-tools-for-stm32.10.3-2021.10.win32_1.0.100.202210260954/tools/bin/../lib/gcc/arm-none-eabi/10.3.1/../../../../arm-none-eabi/lib/thumb/v7e-m+fp/hard\libc_nano.a(lib_a-stdio.o)
                0x000000000800f3a2                __sclose
 *fill*         0x000000000800f3aa        0x2 
 .text.__swbuf_r
                0x000000000800f3ac       0xa4 c:/st/stm32cubeide_1.11.0/stm32cubeide/plugins/com.st.stm32cube.ide.mcu.externaltools.gnu-tools-for-stm32.10.3-2021.10.win32_1.0.100.202210260954/tools/bin/../lib/gcc/arm-none-eabi/10.3.1/../../../../arm-none-eabi/lib/thumb/v7e-m+fp/hard\libc_nano.a(lib_a-wbuf.o)
                0x000000000800f3ac                __swbuf_r
 .text._write_r
                0x000000000800f450       0x24 c:/st/stm32cubeide_1.11.0/stm32cubeide/plugins/com.st.stm32cube.ide.mcu.externaltools.gnu-tools-for-stm32.10.3-2021.10.win32_1.0.100.202210260954/tools/bin/../lib/gcc/arm-none-eabi/10.3.1/../../../../arm-none-eabi/lib/thumb/v7e-m+fp/hard\libc_nano.a(lib_a-writer.o)
                0x000000000800f450                _write_r
 .text.__swsetup_r
                0x000000000800f474       0xdc c:/st/stm32cubeide_1.11.0/stm32cubeide/plugins/com.st.stm32cube.ide.mcu.externaltools.gnu-tools-for-stm32.10.3-2021.10.win32_1.0.100.202210260954/tools/bin/../lib/gcc/arm-none-eabi/10.3.1/../../../../arm-none-eabi/lib/thumb/v7e-m+fp/hard\libc_nano.a(lib_a-wsetup.o)
                0x000000000800f474                __swsetup_r
 .text._close_r
                0x000000000800f550       0x20 c:/st/stm32cubeide_1.11.0/stm32cubeide/plugins/com.st.stm32cube.ide.mcu.externaltools.gnu-tools-for-stm32.10.3-2021.10.win32_1.0.100.202210260954/tools/bin/../lib/gcc/arm-none-eabi/10.3.1/../../../../arm-none-eabi/lib/thumb/v7e-m+fp/hard\libc_nano.a(lib_a-closer.o)
                0x000000000800f550                _close_r
 .text.quorem   0x000000000800f570      0x116 c:/st/stm32cubeide_1.11.0/stm32cubeide/plugins/com.st.stm32cube.ide.mcu.externaltools.gnu-tools-for-stm32.10.3-2021.10.win32_1.0.100.202210260954/tools/bin/../lib/gcc/arm-none-eabi/10.3.1/../../../../arm-none-eabi/lib/thumb/v7e-m+fp/hard\libc_nano.a(lib_a-dtoa.o)
 *fill*         0x000000000800f686        0x2 
 .text._dtoa_r  0x000000000800f688      0xbdc c:/st/stm32cubeide_1.11.0/stm32cubeide/plugins/com.st.stm32cube.ide.mcu.externaltools.gnu-tools-for-stm32.10.3-2021.10.win32_1.0.100.202210260954/tools/bin/../lib/gcc/arm-none-eabi/10.3.1/../../../../arm-none-eabi/lib/thumb/v7e-m+fp/hard\libc_nano.a(lib_a-dtoa.o)
                0x000000000800f688                _dtoa_r
 .text.__sflush_r
                0x0000000008010264      0x10c c:/st/stm32cubeide_1.11.0/stm32cubeide/plugins/com.st.stm32cube.ide.mcu.externaltools.gnu-tools-for-stm32.10.3-2021.10.win32_1.0.100.202210260954/tools/bin/../lib/gcc/arm-none-eabi/10.3.1/../../../../arm-none-eabi/lib/thumb/v7e-m+fp/hard\libc_nano.a(lib_a-fflush.o)
                0x0000000008010264                __sflush_r
 .text._fflush_r
                0x0000000008010370       0x78 c:/st/stm32cubeide_1.11.0/stm32cubeide/plugins/com.st.stm32cube.ide.mcu.externaltools.gnu-tools-for-stm32.10.3-2021.10.win32_1.0.100.202210260954/tools/bin/../lib/gcc/arm-none-eabi/10.3.1/../../../../arm-none-eabi/lib/thumb/v7e-m+fp/hard\libc_nano.a(lib_a-fflush.o)
                0x0000000008010370                _fflush_r
 .text._localeconv_r
                0x00000000080103e8        0x8 c:/st/stm32cubeide_1.11.0/stm32cubeide/plugins/com.st.stm32cube.ide.mcu.externaltools.gnu-tools-for-stm32.10.3-2021.10.win32_1.0.100.202210260954/tools/bin/../lib/gcc/arm-none-eabi/10.3.1/../../../../arm-none-eabi/lib/thumb/v7e-m+fp/hard\libc_nano.a(lib_a-localeconv.o)
                0x00000000080103e8                _localeconv_r
 .text._lseek_r
                0x00000000080103f0       0x24 c:/st/stm32cubeide_1.11.0/stm32cubeide/plugins/com.st.stm32cube.ide.mcu.externaltools.gnu-tools-for-stm32.10.3-2021.10.win32_1.0.100.202210260954/tools/bin/../lib/gcc/arm-none-eabi/10.3.1/../../../../arm-none-eabi/lib/thumb/v7e-m+fp/hard\libc_nano.a(lib_a-lseekr.o)
                0x00000000080103f0                _lseek_r
 .text.__swhatbuf_r
                0x0000000008010414       0x4a c:/st/stm32cubeide_1.11.0/stm32cubeide/plugins/com.st.stm32cube.ide.mcu.externaltools.gnu-tools-for-stm32.10.3-2021.10.win32_1.0.100.202210260954/tools/bin/../lib/gcc/arm-none-eabi/10.3.1/../../../../arm-none-eabi/lib/thumb/v7e-m+fp/hard\libc_nano.a(lib_a-makebuf.o)
                0x0000000008010414                __swhatbuf_r
 *fill*         0x000000000801045e        0x2 
 .text.__smakebuf_r
                0x0000000008010460       0x80 c:/st/stm32cubeide_1.11.0/stm32cubeide/plugins/com.st.stm32cube.ide.mcu.externaltools.gnu-tools-for-stm32.10.3-2021.10.win32_1.0.100.202210260954/tools/bin/../lib/gcc/arm-none-eabi/10.3.1/../../../../arm-none-eabi/lib/thumb/v7e-m+fp/hard\libc_nano.a(lib_a-makebuf.o)
                0x0000000008010460                __smakebuf_r
 .text.__malloc_lock
                0x00000000080104e0        0xc c:/st/stm32cubeide_1.11.0/stm32cubeide/plugins/com.st.stm32cube.ide.mcu.externaltools.gnu-tools-for-stm32.10.3-2021.10.win32_1.0.100.202210260954/tools/bin/../lib/gcc/arm-none-eabi/10.3.1/../../../../arm-none-eabi/lib/thumb/v7e-m+fp/hard\libc_nano.a(lib_a-mlock.o)
                0x00000000080104e0                __malloc_lock
 .text.__malloc_unlock
                0x00000000080104ec        0xc c:/st/stm32cubeide_1.11.0/stm32cubeide/plugins/com.st.stm32cube.ide.mcu.externaltools.gnu-tools-for-stm32.10.3-2021.10.win32_1.0.100.202210260954/tools/bin/../lib/gcc/arm-none-eabi/10.3.1/../../../../arm-none-eabi/lib/thumb/v7e-m+fp/hard\libc_nano.a(lib_a-mlock.o)
                0x00000000080104ec                __malloc_unlock
 .text._Balloc  0x00000000080104f8       0x80 c:/st/stm32cubeide_1.11.0/stm32cubeide/plugins/com.st.stm32cube.ide.mcu.externaltools.gnu-tools-for-stm32.10.3-2021.10.win32_1.0.100.202210260954/tools/bin/../lib/gcc/arm-none-eabi/10.3.1/../../../../arm-none-eabi/lib/thumb/v7e-m+fp/hard\libc_nano.a(lib_a-mprec.o)
                0x00000000080104f8                _Balloc
 .text._Bfree   0x0000000008010578       0x44 c:/st/stm32cubeide_1.11.0/stm32cubeide/plugins/com.st.stm32cube.ide.mcu.externaltools.gnu-tools-for-stm32.10.3-2021.10.win32_1.0.100.202210260954/tools/bin/../lib/gcc/arm-none-eabi/10.3.1/../../../../arm-none-eabi/lib/thumb/v7e-m+fp/hard\libc_nano.a(lib_a-mprec.o)
                0x0000000008010578                _Bfree
 .text.__multadd
                0x00000000080105bc       0x8c c:/st/stm32cubeide_1.11.0/stm32cubeide/plugins/com.st.stm32cube.ide.mcu.externaltools.gnu-tools-for-stm32.10.3-2021.10.win32_1.0.100.202210260954/tools/bin/../lib/gcc/arm-none-eabi/10.3.1/../../../../arm-none-eabi/lib/thumb/v7e-m+fp/hard\libc_nano.a(lib_a-mprec.o)
                0x00000000080105bc                __multadd
 .text.__hi0bits
                0x0000000008010648       0x40 c:/st/stm32cubeide_1.11.0/stm32cubeide/plugins/com.st.stm32cube.ide.mcu.externaltools.gnu-tools-for-stm32.10.3-2021.10.win32_1.0.100.202210260954/tools/bin/../lib/gcc/arm-none-eabi/10.3.1/../../../../arm-none-eabi/lib/thumb/v7e-m+fp/hard\libc_nano.a(lib_a-mprec.o)
                0x0000000008010648                __hi0bits
 .text.__lo0bits
                0x0000000008010688       0x5e c:/st/stm32cubeide_1.11.0/stm32cubeide/plugins/com.st.stm32cube.ide.mcu.externaltools.gnu-tools-for-stm32.10.3-2021.10.win32_1.0.100.202210260954/tools/bin/../lib/gcc/arm-none-eabi/10.3.1/../../../../arm-none-eabi/lib/thumb/v7e-m+fp/hard\libc_nano.a(lib_a-mprec.o)
                0x0000000008010688                __lo0bits
 *fill*         0x00000000080106e6        0x2 
 .text.__i2b    0x00000000080106e8       0x2c c:/st/stm32cubeide_1.11.0/stm32cubeide/plugins/com.st.stm32cube.ide.mcu.externaltools.gnu-tools-for-stm32.10.3-2021.10.win32_1.0.100.202210260954/tools/bin/../lib/gcc/arm-none-eabi/10.3.1/../../../../arm-none-eabi/lib/thumb/v7e-m+fp/hard\libc_nano.a(lib_a-mprec.o)
                0x00000000080106e8                __i2b
 .text.__multiply
                0x0000000008010714      0x154 c:/st/stm32cubeide_1.11.0/stm32cubeide/plugins/com.st.stm32cube.ide.mcu.externaltools.gnu-tools-for-stm32.10.3-2021.10.win32_1.0.100.202210260954/tools/bin/../lib/gcc/arm-none-eabi/10.3.1/../../../../arm-none-eabi/lib/thumb/v7e-m+fp/hard\libc_nano.a(lib_a-mprec.o)
                0x0000000008010714                __multiply
 .text.__pow5mult
                0x0000000008010868       0xb4 c:/st/stm32cubeide_1.11.0/stm32cubeide/plugins/com.st.stm32cube.ide.mcu.externaltools.gnu-tools-for-stm32.10.3-2021.10.win32_1.0.100.202210260954/tools/bin/../lib/gcc/arm-none-eabi/10.3.1/../../../../arm-none-eabi/lib/thumb/v7e-m+fp/hard\libc_nano.a(lib_a-mprec.o)
                0x0000000008010868                __pow5mult
 .text.__lshift
                0x000000000801091c       0xe0 c:/st/stm32cubeide_1.11.0/stm32cubeide/plugins/com.st.stm32cube.ide.mcu.externaltools.gnu-tools-for-stm32.10.3-2021.10.win32_1.0.100.202210260954/tools/bin/../lib/gcc/arm-none-eabi/10.3.1/../../../../arm-none-eabi/lib/thumb/v7e-m+fp/hard\libc_nano.a(lib_a-mprec.o)
                0x000000000801091c                __lshift
 .text.__mcmp   0x00000000080109fc       0x38 c:/st/stm32cubeide_1.11.0/stm32cubeide/plugins/com.st.stm32cube.ide.mcu.externaltools.gnu-tools-for-stm32.10.3-2021.10.win32_1.0.100.202210260954/tools/bin/../lib/gcc/arm-none-eabi/10.3.1/../../../../arm-none-eabi/lib/thumb/v7e-m+fp/hard\libc_nano.a(lib_a-mprec.o)
                0x00000000080109fc                __mcmp
 .text.__mdiff  0x0000000008010a34      0x114 c:/st/stm32cubeide_1.11.0/stm32cubeide/plugins/com.st.stm32cube.ide.mcu.externaltools.gnu-tools-for-stm32.10.3-2021.10.win32_1.0.100.202210260954/tools/bin/../lib/gcc/arm-none-eabi/10.3.1/../../../../arm-none-eabi/lib/thumb/v7e-m+fp/hard\libc_nano.a(lib_a-mprec.o)
                0x0000000008010a34                __mdiff
 .text.__d2b    0x0000000008010b48       0xb8 c:/st/stm32cubeide_1.11.0/stm32cubeide/plugins/com.st.stm32cube.ide.mcu.externaltools.gnu-tools-for-stm32.10.3-2021.10.win32_1.0.100.202210260954/tools/bin/../lib/gcc/arm-none-eabi/10.3.1/../../../../arm-none-eabi/lib/thumb/v7e-m+fp/hard\libc_nano.a(lib_a-mprec.o)
                0x0000000008010b48                __d2b
 .text._calloc_r
                0x0000000008010c00       0x2c c:/st/stm32cubeide_1.11.0/stm32cubeide/plugins/com.st.stm32cube.ide.mcu.externaltools.gnu-tools-for-stm32.10.3-2021.10.win32_1.0.100.202210260954/tools/bin/../lib/gcc/arm-none-eabi/10.3.1/../../../../arm-none-eabi/lib/thumb/v7e-m+fp/hard\libc_nano.a(lib_a-nano-callocr.o)
                0x0000000008010c00                _calloc_r
 .text.__sfputc_r
                0x0000000008010c2c       0x2e c:/st/stm32cubeide_1.11.0/stm32cubeide/plugins/com.st.stm32cube.ide.mcu.externaltools.gnu-tools-for-stm32.10.3-2021.10.win32_1.0.100.202210260954/tools/bin/../lib/gcc/arm-none-eabi/10.3.1/../../../../arm-none-eabi/lib/thumb/v7e-m+fp/hard\libc_nano.a(lib_a-nano-vfprintf.o)
 .text.__sfputs_r
                0x0000000008010c5a       0x24 c:/st/stm32cubeide_1.11.0/stm32cubeide/plugins/com.st.stm32cube.ide.mcu.externaltools.gnu-tools-for-stm32.10.3-2021.10.win32_1.0.100.202210260954/tools/bin/../lib/gcc/arm-none-eabi/10.3.1/../../../../arm-none-eabi/lib/thumb/v7e-m+fp/hard\libc_nano.a(lib_a-nano-vfprintf.o)
                0x0000000008010c5a                __sfputs_r
 *fill*         0x0000000008010c7e        0x2 
 .text._vfprintf_r
                0x0000000008010c80      0x260 c:/st/stm32cubeide_1.11.0/stm32cubeide/plugins/com.st.stm32cube.ide.mcu.externaltools.gnu-tools-for-stm32.10.3-2021.10.win32_1.0.100.202210260954/tools/bin/../lib/gcc/arm-none-eabi/10.3.1/../../../../arm-none-eabi/lib/thumb/v7e-m+fp/hard\libc_nano.a(lib_a-nano-vfprintf.o)
                0x0000000008010c80                _vfprintf_r
                0x0000000008010c80                _vfiprintf_r
 .text._read_r  0x0000000008010ee0       0x24 c:/st/stm32cubeide_1.11.0/stm32cubeide/plugins/com.st.stm32cube.ide.mcu.externaltools.gnu-tools-for-stm32.10.3-2021.10.win32_1.0.100.202210260954/tools/bin/../lib/gcc/arm-none-eabi/10.3.1/../../../../arm-none-eabi/lib/thumb/v7e-m+fp/hard\libc_nano.a(lib_a-readr.o)
                0x0000000008010ee0                _read_r
 .text.__assert_func
                0x0000000008010f04       0x3c c:/st/stm32cubeide_1.11.0/stm32cubeide/plugins/com.st.stm32cube.ide.mcu.externaltools.gnu-tools-for-stm32.10.3-2021.10.win32_1.0.100.202210260954/tools/bin/../lib/gcc/arm-none-eabi/10.3.1/../../../../arm-none-eabi/lib/thumb/v7e-m+fp/hard\libc_nano.a(lib_a-assert.o)
                0x0000000008010f04                __assert_func
 .text.fprintf  0x0000000008010f40       0x24 c:/st/stm32cubeide_1.11.0/stm32cubeide/plugins/com.st.stm32cube.ide.mcu.externaltools.gnu-tools-for-stm32.10.3-2021.10.win32_1.0.100.202210260954/tools/bin/../lib/gcc/arm-none-eabi/10.3.1/../../../../arm-none-eabi/lib/thumb/v7e-m+fp/hard\libc_nano.a(lib_a-fprintf.o)
                0x0000000008010f40                fiprintf
                0x0000000008010f40                fprintf
 .text._fstat_r
                0x0000000008010f64       0x24 c:/st/stm32cubeide_1.11.0/stm32cubeide/plugins/com.st.stm32cube.ide.mcu.externaltools.gnu-tools-for-stm32.10.3-2021.10.win32_1.0.100.202210260954/tools/bin/../lib/gcc/arm-none-eabi/10.3.1/../../../../arm-none-eabi/lib/thumb/v7e-m+fp/hard\libc_nano.a(lib_a-fstatr.o)
                0x0000000008010f64                _fstat_r
 .text._isatty_r
                0x0000000008010f88       0x20 c:/st/stm32cubeide_1.11.0/stm32cubeide/plugins/com.st.stm32cube.ide.mcu.externaltools.gnu-tools-for-stm32.10.3-2021.10.win32_1.0.100.202210260954/tools/bin/../lib/gcc/arm-none-eabi/10.3.1/../../../../arm-none-eabi/lib/thumb/v7e-m+fp/hard\libc_nano.a(lib_a-isattyr.o)
                0x0000000008010f88                _isatty_r
 .text.__ascii_mbtowc
                0x0000000008010fa8       0x24 c:/st/stm32cubeide_1.11.0/stm32cubeide/plugins/com.st.stm32cube.ide.mcu.externaltools.gnu-tools-for-stm32.10.3-2021.10.win32_1.0.100.202210260954/tools/bin/../lib/gcc/arm-none-eabi/10.3.1/../../../../arm-none-eabi/lib/thumb/v7e-m+fp/hard\libc_nano.a(lib_a-mbtowc_r.o)