../X-CUBE-AI/App/aiTestUtility.h:284:22:cyclesCounterStart	8	static
../X-CUBE-AI/App/aiTestUtility.h:291:26:cyclesCounterEnd	40	static
../X-CUBE-AI/App/aiValidation.c:152:15:aiOnExecNode_cb	104	static
../X-CUBE-AI/App/aiValidation.c:359:36:aiExecCtx	24	static
../X-CUBE-AI/App/aiValidation.c:537:6:aiPbCmdNNInfo	24	static
../X-CUBE-AI/App/aiValidation.c:552:6:aiPbCmdNNRun	176	static
../X-CUBE-AI/App/aiValidation.c:666:5:aiValidationInit	24	static
../X-CUBE-AI/App/aiValidation.c:679:5:aiValidationProcess	96	static
../X-CUBE-AI/App/aiValidation.c:710:6:aiValidationDeInit	8	static
