Archive member included to satisfy reference by file (symbol)

../Middlewares/ST/AI/Lib\NetworkRuntime700_CM4_GCC.a(ai_platform_interface.o)
                              ./X-CUBE-AI/App/network.o (ai_platform_get_weights_map)
../Middlewares/ST/AI/Lib\NetworkRuntime700_CM4_GCC.a(core_mem_manager.o)
                              ../Middlewares/ST/AI/Lib\NetworkRuntime700_CM4_GCC.a(ai_platform_interface.o) (core_mem_alloc)
../Middlewares/ST/AI/Lib\NetworkRuntime700_CM4_GCC.a(core_common.o)
                              ../Middlewares/ST/AI/Lib\NetworkRuntime700_CM4_GCC.a(ai_platform_interface.o) (core_init)
../Middlewares/ST/AI/Lib\NetworkRuntime700_CM4_GCC.a(layers_conv2d_generic_float.o)
                              ./X-CUBE-AI/App/network.o (forward_conv2d_nl_pool)
../Middlewares/ST/AI/Lib\NetworkRuntime700_CM4_GCC.a(layers_nl_generic_float.o)
                              ./X-CUBE-AI/App/network.o (nl_func_relu_array_f32)
../Middlewares/ST/AI/Lib\NetworkRuntime700_CM4_GCC.a(layers_pool_generic_float.o)
                              ./X-CUBE-AI/App/network.o (pool_func_mp_array_f32)
../Middlewares/ST/AI/Lib\NetworkRuntime700_CM4_GCC.a(layers.o)
                              ../Middlewares/ST/AI/Lib\NetworkRuntime700_CM4_GCC.a(ai_platform_interface.o) (ai_check_custom_types)
../Middlewares/ST/AI/Lib\NetworkRuntime700_CM4_GCC.a(arm_mat_init_f32.o)
                              ../Middlewares/ST/AI/Lib\NetworkRuntime700_CM4_GCC.a(layers_conv2d_generic_float.o) (st_dsp_arm_mat_init_f32)
../Middlewares/ST/AI/Lib\NetworkRuntime700_CM4_GCC.a(ai_datatypes_format.o)
                              ../Middlewares/ST/AI/Lib\NetworkRuntime700_CM4_GCC.a(ai_platform_interface.o) (ai_array_to_buffer_fmt)
../Middlewares/ST/AI/Lib\NetworkRuntime700_CM4_GCC.a(ai_math_helpers.o)
                              ../Middlewares/ST/AI/Lib\NetworkRuntime700_CM4_GCC.a(layers_nl_generic_float.o) (ai_math_sqrt)
../Middlewares/ST/AI/Lib\NetworkRuntime700_CM4_GCC.a(st_convolve_reference.o)
                              ../Middlewares/ST/AI/Lib\NetworkRuntime700_CM4_GCC.a(ai_math_helpers.o) (align_factor)
c:/st/stm32cubeide_1.11.0/stm32cubeide/plugins/com.st.stm32cube.ide.mcu.externaltools.gnu-tools-for-stm32.10.3-2021.10.win32_1.0.100.202210260954/tools/bin/../lib/gcc/arm-none-eabi/10.3.1/../../../../arm-none-eabi/lib/thumb/v7e-m+fp/hard\libc_nano.a(lib_a-errno.o)
                              ./Core/Src/sysmem.o (__errno)
c:/st/stm32cubeide_1.11.0/stm32cubeide/plugins/com.st.stm32cube.ide.mcu.externaltools.gnu-tools-for-stm32.10.3-2021.10.win32_1.0.100.202210260954/tools/bin/../lib/gcc/arm-none-eabi/10.3.1/../../../../arm-none-eabi/lib/thumb/v7e-m+fp/hard\libc_nano.a(lib_a-exit.o)
                              c:/st/stm32cubeide_1.11.0/stm32cubeide/plugins/com.st.stm32cube.ide.mcu.externaltools.gnu-tools-for-stm32.10.3-2021.10.win32_1.0.100.202210260954/tools/bin/../lib/gcc/arm-none-eabi/10.3.1/../../../../arm-none-eabi/lib/thumb/v7e-m+fp/hard/crt0.o (exit)
c:/st/stm32cubeide_1.11.0/stm32cubeide/plugins/com.st.stm32cube.ide.mcu.externaltools.gnu-tools-for-stm32.10.3-2021.10.win32_1.0.100.202210260954/tools/bin/../lib/gcc/arm-none-eabi/10.3.1/../../../../arm-none-eabi/lib/thumb/v7e-m+fp/hard\libc_nano.a(lib_a-impure.o)
                              c:/st/stm32cubeide_1.11.0/stm32cubeide/plugins/com.st.stm32cube.ide.mcu.externaltools.gnu-tools-for-stm32.10.3-2021.10.win32_1.0.100.202210260954/tools/bin/../lib/gcc/arm-none-eabi/10.3.1/../../../../arm-none-eabi/lib/thumb/v7e-m+fp/hard\libc_nano.a(lib_a-exit.o) (_global_impure_ptr)
c:/st/stm32cubeide_1.11.0/stm32cubeide/plugins/com.st.stm32cube.ide.mcu.externaltools.gnu-tools-for-stm32.10.3-2021.10.win32_1.0.100.202210260954/tools/bin/../lib/gcc/arm-none-eabi/10.3.1/../../../../arm-none-eabi/lib/thumb/v7e-m+fp/hard\libc_nano.a(lib_a-init.o)
                              c:/st/stm32cubeide_1.11.0/stm32cubeide/plugins/com.st.stm32cube.ide.mcu.externaltools.gnu-tools-for-stm32.10.3-2021.10.win32_1.0.100.202210260954/tools/bin/../lib/gcc/arm-none-eabi/10.3.1/../../../../arm-none-eabi/lib/thumb/v7e-m+fp/hard/crt0.o (__libc_init_array)
c:/st/stm32cubeide_1.11.0/stm32cubeide/plugins/com.st.stm32cube.ide.mcu.externaltools.gnu-tools-for-stm32.10.3-2021.10.win32_1.0.100.202210260954/tools/bin/../lib/gcc/arm-none-eabi/10.3.1/../../../../arm-none-eabi/lib/thumb/v7e-m+fp/hard\libc_nano.a(lib_a-malloc.o)
                              ./X-CUBE-AI/App/aiTestUtility.o (malloc)
c:/st/stm32cubeide_1.11.0/stm32cubeide/plugins/com.st.stm32cube.ide.mcu.externaltools.gnu-tools-for-stm32.10.3-2021.10.win32_1.0.100.202210260954/tools/bin/../lib/gcc/arm-none-eabi/10.3.1/../../../../arm-none-eabi/lib/thumb/v7e-m+fp/hard\libc_nano.a(lib_a-memcpy-stub.o)
                              ./X-CUBE-AI/App/aiPbMgr.o (memcpy)
[...]
Memory Configuration

Name             Origin             Length             Attributes
RAM              0x0000000020000000 0x0000000000018000 xrw
RAM2             0x0000000010000000 0x0000000000008000 xrw
FLASH            0x0000000008000000 0x0000000000100000 xr
*default*        0x0000000000000000 0xffffffffffffffff

Linker script and memory map

LOAD c:/st/stm32cubeide_1.11.0/stm32cubeide/plugins/com.st.stm32cube.ide.mcu.externaltools.gnu-tools-for-stm32.10.3-2021.10.win32_1.0.100.202210260954/tools/bin/../lib/gcc/arm-none-eabi/10.3.1/thumb/v7e-m+fp/hard/crti.o
LOAD c:/st/stm32cubeide_1.11.0/stm32cubeide/plugins/com.st.stm32cube.ide.mcu.externaltools.gnu-tools-for-stm32.10.3-2021.10.win32_1.0.100.202210260954/tools/bin/../lib/gcc/arm-none-eabi/10.3.1/thumb/v7e-m+fp/hard/crtbegin.o
LOAD c:/st/stm32cubeide_1.11.0/stm32cubeide/plugins/com.st.stm32cube.ide.mcu.externaltools.gnu-tools-for-stm32.10.3-2021.10.win32_1.0.100.202210260954/tools/bin/../lib/gcc/arm-none-eabi/10.3.1/../../../../arm-none-eabi/lib/thumb/v7e-m+fp/hard/crt0.o
LOAD ./Core/Src/main.o
LOAD ./Core/Src/stm32l4xx_hal_msp.o
LOAD ./Core/Src/stm32l4xx_it.o
LOAD ./Core/Src/sysmem.o
LOAD ./Core/Src/system_stm32l4xx.o
LOAD ./Core/Startup/startup_stm32l475vgtx.o
LOAD ./Drivers/STM32L4xx_HAL_Driver/Src/stm32l4xx_hal.o
LOAD ./Drivers/STM32L4xx_HAL_Driver/Src/stm32l4xx_hal_cortex.o
LOAD ./Drivers/STM32L4xx_HAL_Driver/Src/stm32l4xx_hal_crc.o
LOAD ./Drivers/STM32L4xx_HAL_Driver/Src/stm32l4xx_hal_crc_ex.o
LOAD ./Drivers/STM32L4xx_HAL_Driver/Src/stm32l4xx_hal_dma.o
LOAD ./Drivers/STM32L4xx_HAL_Driver/Src/stm32l4xx_hal_dma_ex.o
LOAD ./Drivers/STM32L4xx_HAL_Driver/Src/stm32l4xx_hal_exti.o
LOAD ./Drivers/STM32L4xx_HAL_Driver/Src/stm32l4xx_hal_flash.o
LOAD ./Drivers/STM32L4xx_HAL_Driver/Src/stm32l4xx_hal_flash_ex.o
LOAD ./Drivers/STM32L4xx_HAL_Driver/Src/stm32l4xx_hal_flash_ramfunc.o
LOAD ./Drivers/STM32L4xx_HAL_Driver/Src/stm32l4xx_hal_gpio.o
LOAD ./Drivers/STM32L4xx_HAL_Driver/Src/stm32l4xx_hal_i2c.o
LOAD ./Drivers/STM32L4xx_HAL_Driver/Src/stm32l4xx_hal_i2c_ex.o
LOAD ./Drivers/STM32L4xx_HAL_Driver/Src/stm32l4xx_hal_pwr.o
LOAD ./Drivers/STM32L4xx_HAL_Driver/Src/stm32l4xx_hal_pwr_ex.o
LOAD ./Drivers/STM32L4xx_HAL_Driver/Src/stm32l4xx_hal_rcc.o
LOAD ./Drivers/STM32L4xx_HAL_Driver/Src/stm32l4xx_hal_rcc_ex.o
LOAD ./Drivers/STM32L4xx_HAL_Driver/Src/stm32l4xx_hal_tim.o
LOAD ./Drivers/STM32L4xx_HAL_Driver/Src/stm32l4xx_hal_tim_ex.o
LOAD ./Drivers/STM32L4xx_HAL_Driver/Src/stm32l4xx_hal_uart.o
LOAD ./Drivers/STM32L4xx_HAL_Driver/Src/stm32l4xx_hal_uart_ex.o
LOAD ./X-CUBE-AI/App/aiPbIO.o
LOAD ./X-CUBE-AI/App/aiPbMgr.o
LOAD ./X-CUBE-AI/App/aiTestHelper.o
LOAD ./X-CUBE-AI/App/aiTestUtility.o
LOAD ./X-CUBE-AI/App/aiValidation.o
LOAD ./X-CUBE-AI/App/app_x-cube-ai.o
LOAD ./X-CUBE-AI/App/network.o
LOAD ./X-CUBE-AI/App/network_data.o
LOAD ./X-CUBE-AI/App/pb_common.o
LOAD ./X-CUBE-AI/App/pb_decode.o
LOAD ./X-CUBE-AI/App/pb_encode.o
LOAD ./X-CUBE-AI/App/stm32msg.pb.o
LOAD ./X-CUBE-AI/App/syscalls.o
LOAD ../Middlewares/ST/AI/Lib\NetworkRuntime700_CM4_GCC.a
START GROUP
LOAD c:/st/stm32cubeide_1.11.0/stm32cubeide/plugins/com.st.stm32cube.ide.mcu.externaltools.gnu-tools-for-stm32.10.3-2021.10.win32_1.0.100.202210260954/tools/bin/../lib/gcc/arm-none-eabi/10.3.1/../../../../arm-none-eabi/lib/thumb/v7e-m+fp/hard\libc_nano.a
LOAD c:/st/stm32cubeide_1.11.0/stm32cubeide/plugins/com.st.stm32cube.ide.mcu.externaltools.gnu-tools-for-stm32.10.3-2021.10.win32_1.0.100.202210260954/tools/bin/../lib/gcc/arm-none-eabi/10.3.1/../../../../arm-none-eabi/lib/thumb/v7e-m+fp/hard\libm.a
END GROUP
START GROUP
LOAD c:/st/stm32cubeide_1.11.0/stm32cubeide/plugins/com.st.stm32cube.ide.mcu.externaltools.gnu-tools-for-stm32.10.3-2021.10.win32_1.0.100.202210260954/tools/bin/../lib/gcc/arm-none-eabi/10.3.1/thumb/v7e-m+fp/hard\libgcc.a
LOAD c:/st/stm32cubeide_1.11.0/stm32cubeide/plugins/com.st.stm32cube.ide.mcu.externaltools.gnu-tools-for-stm32.10.3-2021.10.win32_1.0.100.202210260954/tools/bin/../lib/gcc/arm-none-eabi/10.3.1/../../../../arm-none-eabi/lib/thumb/v7e-m+fp/hard\libc_nano.a
END GROUP
START GROUP
LOAD c:/st/stm32cubeide_1.11.0/stm32cubeide/plugins/com.st.stm32cube.ide.mcu.externaltools.gnu-tools-for-stm32.10.3-2021.10.win32_1.0.100.202210260954/tools/bin/../lib/gcc/arm-none-eabi/10.3.1/thumb/v7e-m+fp/hard\libgcc.a
LOAD c:/st/stm32cubeide_1.11.0/stm32cubeide/plugins/com.st.stm32cube.ide.mcu.externaltools.gnu-tools-for-stm32.10.3-2021.10.win32_1.0.100.202210260954/tools/bin/../lib/gcc/arm-none-eabi/10.3.1/../../../../arm-none-eabi/lib/thumb/v7e-m+fp/hard\libc_nano.a
LOAD c:/st/stm32cubeide_1.11.0/stm32cubeide/plugins/com.st.stm32cube.ide.mcu.externaltools.gnu-tools-for-stm32.10.3-2021.10.win32_1.0.100.202210260954/tools/bin/../lib/gcc/arm-none-eabi/10.3.1/../../../../arm-none-eabi/lib/thumb/v7e-m+fp/hard\libnosys.a
END GROUP
START GROUP
LOAD c:/st/stm32cubeide_1.11.0/stm32cubeide/plugins/com.st.stm32cube.ide.mcu.externaltools.gnu-tools-for-stm32.10.3-2021.10.win32_1.0.100.202210260954/tools/bin/../lib/gcc/arm-none-eabi/10.3.1/thumb/v7e-m+fp/hard\libgcc.a
LOAD c:/st/stm32cubeide_1.11.0/stm32cubeide/plugins/com.st.stm32cube.ide.mcu.externaltools.gnu-tools-for-stm32.10.3-2021.10.win32_1.0.100.202210260954/tools/bin/../lib/gcc/arm-none-eabi/10.3.1/../../../../arm-none-eabi/lib/thumb/v7e-m+fp/hard\libc_nano.a
LOAD c:/st/stm32cubeide_1.11.0/stm32cubeide/plugins/com.st.stm32cube.ide.mcu.externaltools.gnu-tools-for-stm32.10.3-2021.10.win32_1.0.100.202210260954/tools/bin/../lib/gcc/arm-none-eabi/10.3.1/../../../../arm-none-eabi/lib/thumb/v7e-m+fp/hard\libnosys.a
END GROUP
LOAD c:/st/stm32cubeide_1.11.0/stm32cubeide/plugins/com.st.stm32cube.ide.mcu.externaltools.gnu-tools-for-stm32.10.3-2021.10.win32_1.0.100.202210260954/tools/bin/../lib/gcc/arm-none-eabi/10.3.1/thumb/v7e-m+fp/hard/crtend.o
LOAD c:/st/stm32cubeide_1.11.0/stm32cubeide/plugins/com.st.stm32cube.ide.mcu.externaltools.gnu-tools-for-stm32.10.3-2021.10.win32_1.0.100.202210260954/tools/bin/../lib/gcc/arm-none-eabi/10.3.1/thumb/v7e-m+fp/hard/crtn.o
                0x0000000020018000                _estack = (ORIGIN (RAM) + LENGTH (RAM))
                0x0000000000000800                _Min_Heap_Size = 0x800
                0x0000000000000800                _Min_Stack_Size = 0x800

.isr_vector     0x0000000008000000      0x188
                0x0000000008000000                . = ALIGN (0x4)
 *(.isr_vector)
 .isr_vector    0x0000000008000000      0x188 ./Core/Startup/startup_stm32l475vgtx.o
                0x0000000008000000                g_pfnVectors
                0x0000000008000188                . = ALIGN (0x4)

.text           0x0000000008000190     0xc3bc
                0x0000000008000190                . = ALIGN (0x4)
 *(.text)
 .text          0x0000000008000190       0x40 c:/st/stm32cubeide_1.11.0/stm32cubeide/plugins/com.st.stm32cube.ide.mcu.externaltools.gnu-tools-for-stm32.10.3-2021.10.win32_1.0.100.202210260954/tools/bin/../lib/gcc/arm-none-eabi/10.3.1/thumb/v7e-m+fp/hard/crtbegin.o
 .text          0x00000000080001d0       0x10 c:/st/stm32cubeide_1.11.0/stm32cubeide/plugins/com.st.stm32cube.ide.mcu.externaltools.gnu-tools-for-stm32.10.3-2021.10.win32_1.0.100.202210260954/tools/bin/../lib/gcc/arm-none-eabi/10.3.1/../../../../arm-none-eabi/lib/thumb/v7e-m+fp/hard\libc_nano.a(lib_a-strlen.o)
                0x00000000080001d0                strlen
 .text          0x00000000080001e0       0xa0 c:/st/stm32cubeide_1.11.0/stm32cubeide/plugins/com.st.stm32cube.ide.mcu.externaltools.gnu-tools-for-stm32.10.3-2021.10.win32_1.0.100.202210260954/tools/bin/../lib/gcc/arm-none-eabi/10.3.1/../../../../arm-none-eabi/lib/thumb/v7e-m+fp/hard\libc_nano.a(lib_a-memchr.o)
                0x00000000080001e0                memchr
 .text          0x0000000008000280      0x378 c:/st/stm32cubeide_1.11.0/stm32cubeide/plugins/com.st.stm32cube.ide.mcu.externaltools.gnu-tools-for-stm32.10.3-2021.10.win32_1.0.100.202210260954/tools/bin/../lib/gcc/arm-none-eabi/10.3.1/thumb/v7e-m+fp/hard\libgcc.a(_arm_addsubdf3.o)
                0x0000000008000280                __aeabi_drsub
                0x0000000008000288                __aeabi_dsub
                0x0000000008000288                __subdf3
                0x000000000800028c                __aeabi_dadd
                0x000000000800028c                __adddf3
                0x0000000008000504                __floatunsidf
                0x0000000008000504                __aeabi_ui2d
                0x0000000008000524                __floatsidf
                0x0000000008000524                __aeabi_i2d
                0x0000000008000548                __aeabi_f2d
                0x0000000008000548                __extendsfdf2
                0x000000000800058c                __floatundidf
                0x000000000800058c                __aeabi_ul2d
                0x000000000800059c                __floatdidf
                0x000000000800059c                __aeabi_l2d
 .text          0x00000000080005f8      0x424 c:/st/stm32cubeide_1.11.0/stm32cubeide/plugins/com.st.stm32cube.ide.mcu.externaltools.gnu-tools-for-stm32.10.3-2021.10.win32_1.0.100.202210260954/tools/bin/../lib/gcc/arm-none-eabi/10.3.1/thumb/v7e-m+fp/hard\libgcc.a(_arm_muldivdf3.o)
                0x00000000080005f8                __aeabi_dmul
                0x00000000080005f8                __muldf3
                0x000000000800084c                __divdf3
                0x000000000800084c                __aeabi_ddiv
 .text          0x0000000008000a1c      0x110 c:/st/stm32cubeide_1.11.0/stm32cubeide/plugins/com.st.stm32cube.ide.mcu.externaltools.gnu-tools-for-stm32.10.3-2021.10.win32_1.0.100.202210260954/tools/bin/../lib/gcc/arm-none-eabi/10.3.1/thumb/v7e-m+fp/hard\libgcc.a(_arm_cmpdf2.o)
                0x0000000008000a1c                __gtdf2
                0x0000000008000a1c                __gedf2
                0x0000000008000a24                __ltdf2
                0x0000000008000a24                __ledf2
                0x0000000008000a2c                __nedf2
                0x0000000008000a2c                __eqdf2
                0x0000000008000a2c                __cmpdf2
                0x0000000008000aa8                __aeabi_cdrcmple
                0x0000000008000ab8                __aeabi_cdcmpeq
                0x0000000008000ab8                __aeabi_cdcmple
                0x0000000008000ac8                __aeabi_dcmpeq
                0x0000000008000adc                __aeabi_dcmplt
                0x0000000008000af0                __aeabi_dcmple
                0x0000000008000b04                __aeabi_dcmpge
                0x0000000008000b18                __aeabi_dcmpgt
 .text          0x0000000008000b2c       0x2c c:/st/stm32cubeide_1.11.0/stm32cubeide/plugins/com.st.stm32cube.ide.mcu.externaltools.gnu-tools-for-stm32.10.3-2021.10.win32_1.0.100.202210260954/tools/bin/../lib/gcc/arm-none-eabi/10.3.1/thumb/v7e-m+fp/hard\libgcc.a(_arm_unorddf2.o)
                0x0000000008000b2c                __unorddf2
                0x0000000008000b2c                __aeabi_dcmpun
 .text          0x0000000008000b58       0x50 c:/st/stm32cubeide_1.11.0/stm32cubeide/plugins/com.st.stm32cube.ide.mcu.externaltools.gnu-tools-for-stm32.10.3-2021.10.win32_1.0.100.202210260954/tools/bin/../lib/gcc/arm-none-eabi/10.3.1/thumb/v7e-m+fp/hard\libgcc.a(_arm_fixdfsi.o)
                0x0000000008000b58                __aeabi_d2iz
                0x0000000008000b58                __fixdfsi
 .text          0x0000000008000ba8      0x21c c:/st/stm32cubeide_1.11.0/stm32cubeide/plugins/com.st.stm32cube.ide.mcu.externaltools.gnu-tools-for-stm32.10.3-2021.10.win32_1.0.100.202210260954/tools/bin/../lib/gcc/arm-none-eabi/10.3.1/thumb/v7e-m+fp/hard\libgcc.a(_arm_addsubsf3.o)
                0x0000000008000ba8                __aeabi_frsub
                0x0000000008000bb0                __subsf3
                0x0000000008000bb0                __aeabi_fsub
                0x0000000008000bb4                __aeabi_fadd
                0x0000000008000bb4                __addsf3
                0x0000000008000d14                __aeabi_ui2f
                0x0000000008000d14                __floatunsisf
                0x0000000008000d1c                __aeabi_i2f
                0x0000000008000d1c                __floatsisf
                0x0000000008000d38                __aeabi_ul2f
                0x0000000008000d38                __floatundisf
                0x0000000008000d48                __aeabi_l2f
                0x0000000008000d48                __floatdisf
 .text          0x0000000008000dc4       0x30 c:/st/stm32cubeide_1.11.0/stm32cubeide/plugins/com.st.stm32cube.ide.mcu.externaltools.gnu-tools-for-stm32.10.3-2021.10.win32_1.0.100.202210260954/tools/bin/../lib/gcc/arm-none-eabi/10.3.1/thumb/v7e-m+fp/hard\libgcc.a(_aeabi_uldivmod.o)
                0x0000000008000dc4                __aeabi_uldivmod
 .text          0x0000000008000df4      0x2d0 c:/st/stm32cubeide_1.11.0/stm32cubeide/plugins/com.st.stm32cube.ide.mcu.externaltools.gnu-tools-for-stm32.10.3-2021.10.win32_1.0.100.202210260954/tools/bin/../lib/gcc/arm-none-eabi/10.3.1/thumb/v7e-m+fp/hard\libgcc.a(_udivmoddi4.o)
                0x0000000008000df4                __udivmoddi4
 .text          0x00000000080010c4        0x4 c:/st/stm32cubeide_1.11.0/stm32cubeide/plugins/com.st.stm32cube.ide.mcu.externaltools.gnu-tools-for-stm32.10.3-2021.10.win32_1.0.100.202210260954/tools/bin/../lib/gcc/arm-none-eabi/10.3.1/thumb/v7e-m+fp/hard\libgcc.a(_dvmd_tls.o)
                0x00000000080010c4                __aeabi_idiv0
                0x00000000080010c4                __aeabi_ldiv0
 *(.text*)
 .text.SystemClock_Config
                0x00000000080010c8       0x76 ./Core/Src/main.o
                0x00000000080010c8                SystemClock_Config
 *fill*         0x000000000800113e        0x2 
 .text.startup.main
                0x0000000008001140      0x368 ./Core/Src/main.o
                0x0000000008001140                main
 .text.MX_USART1_UART_Init
                0x00000000080014a8       0x38 ./Core/Src/main.o
                0x00000000080014a8                MX_USART1_UART_Init
 .text.Error_Handler
                0x00000000080014e0        0x4 ./Core/Src/main.o
                0x00000000080014e0                Error_Handler
 .text.HAL_MspInit
                0x00000000080014e4       0x30 ./Core/Src/stm32l4xx_hal_msp.o
                0x00000000080014e4                HAL_MspInit
 .text.HAL_CRC_MspInit
                0x0000000008001514       0x28 ./Core/Src/stm32l4xx_hal_msp.o
                0x0000000008001514                HAL_CRC_MspInit
 .text.HAL_UART_MspInit
                0x000000000800153c       0x84 ./Core/Src/stm32l4xx_hal_msp.o
                0x000000000800153c                HAL_UART_MspInit
 .text.NMI_Handler
                0x00000000080015c0        0x2 ./Core/Src/stm32l4xx_it.o
                0x00000000080015c0                NMI_Handler
 .text.HardFault_Handler
                0x00000000080015c2        0x2 ./Core/Src/stm32l4xx_it.o
                0x00000000080015c2                HardFault_Handler
 .text.MemManage_Handler
                0x00000000080015c4        0x2 ./Core/Src/stm32l4xx_it.o
                0x00000000080015c4                MemManage_Handler
 .text.BusFault_Handler
                0x00000000080015c6        0x2 ./Core/Src/stm32l4xx_it.o
                0x00000000080015c6                BusFault_Handler
 .text.UsageFault_Handler
                0x00000000080015c8        0x2 ./Core/Src/stm32l4xx_it.o
                0x00000000080015c8                UsageFault_Handler
 .text.SVC_Handler
                0x00000000080015ca        0x2 ./Core/Src/stm32l4xx_it.o
                0x00000000080015ca                SVC_Handler
 .text.DebugMon_Handler
                0x00000000080015cc        0x2 ./Core/Src/stm32l4xx_it.o
                0x00000000080015cc                DebugMon_Handler
 .text.PendSV_Handler
                0x00000000080015ce        0x2 ./Core/Src/stm32l4xx_it.o
                0x00000000080015ce                PendSV_Handler
 .text.SysTick_Handler
                0x00000000080015d0        0x4 ./Core/Src/stm32l4xx_it.o
                0x00000000080015d0                SysTick_Handler
 .text.EXTI9_5_IRQHandler
                0x00000000080015d4       0x20 ./Core/Src/stm32l4xx_it.o
                0x00000000080015d4                EXTI9_5_IRQHandler
 .text.EXTI15_10_IRQHandler
                0x00000000080015f4       0x2e ./Core/Src/stm32l4xx_it.o
                0x00000000080015f4                EXTI15_10_IRQHandler
 *fill*         0x0000000008001622        0x2 
 .text._sbrk    0x0000000008001624       0x40 ./Core/Src/sysmem.o
                0x0000000008001624                _sbrk
 .text.SystemInit
                0x0000000008001664       0x14 ./Core/Src/system_stm32l4xx.o
                0x0000000008001664                SystemInit
 .text.Reset_Handler
                0x0000000008001678       0x50 ./Core/Startup/startup_stm32l475vgtx.o
                0x0000000008001678                Reset_Handler
 .text.Default_Handler
                0x00000000080016c8        0x2 ./Core/Startup/startup_stm32l475vgtx.o
                0x00000000080016c8                RTC_Alarm_IRQHandler
                0x00000000080016c8                EXTI2_IRQHandler
                0x00000000080016c8                TIM8_TRG_COM_IRQHandler
                0x00000000080016c8                TIM8_CC_IRQHandler
                0x00000000080016c8                TIM1_CC_IRQHandler
                0x00000000080016c8                TSC_IRQHandler
                0x00000000080016c8                TAMP_STAMP_IRQHandler
                0x00000000080016c8                EXTI3_IRQHandler
                0x00000000080016c8                LPTIM2_IRQHandler
                0x00000000080016c8                DFSDM1_FLT1_IRQHandler
                0x00000000080016c8                I2C3_ER_IRQHandler
                0x00000000080016c8                DFSDM1_FLT2_IRQHandler
                0x00000000080016c8                EXTI0_IRQHandler
                0x00000000080016c8                I2C2_EV_IRQHandler
                0x00000000080016c8                CAN1_RX0_IRQHandler
                0x00000000080016c8                FPU_IRQHandler
                0x00000000080016c8                TIM1_UP_TIM16_IRQHandler
                0x00000000080016c8                ADC1_2_IRQHandler
                0x00000000080016c8                SPI1_IRQHandler
                0x00000000080016c8                TIM6_DAC_IRQHandler
                0x00000000080016c8                TIM8_UP_IRQHandler
                0x00000000080016c8                DMA2_Channel2_IRQHandler
                0x00000000080016c8                DMA1_Channel4_IRQHandler
                0x00000000080016c8                SAI2_IRQHandler
                0x00000000080016c8                DFSDM1_FLT3_IRQHandler
                0x00000000080016c8                USART3_IRQHandler
                0x00000000080016c8                DMA1_Channel7_IRQHandler
                0x00000000080016c8                CAN1_RX1_IRQHandler
                0x00000000080016c8                UART5_IRQHandler
                0x00000000080016c8                ADC3_IRQHandler
                0x00000000080016c8                TIM4_IRQHandler
                0x00000000080016c8                DMA2_Channel1_IRQHandler
                0x00000000080016c8                QUADSPI_IRQHandler
                0x00000000080016c8                I2C1_EV_IRQHandler
                0x00000000080016c8                DMA1_Channel6_IRQHandler
                0x00000000080016c8                UART4_IRQHandler
                0x00000000080016c8                DMA2_Channel4_IRQHandler
                0x00000000080016c8                TIM3_IRQHandler
                0x00000000080016c8                RCC_IRQHandler
                0x00000000080016c8                DMA1_Channel1_IRQHandler
                0x00000000080016c8                Default_Handler
                0x00000000080016c8                DMA2_Channel7_IRQHandler
                0x00000000080016c8                TIM7_IRQHandler
                0x00000000080016c8                SDMMC1_IRQHandler
                0x00000000080016c8                TIM5_IRQHandler
                0x00000000080016c8                I2C3_EV_IRQHandler
                0x00000000080016c8                RTC_WKUP_IRQHandler
                0x00000000080016c8                PVD_PVM_IRQHandler
                0x00000000080016c8                SPI2_IRQHandler
                0x00000000080016c8                CAN1_TX_IRQHandler
                0x00000000080016c8                DMA2_Channel5_IRQHandler
                0x00000000080016c8                DMA1_Channel5_IRQHandler
                0x00000000080016c8                EXTI4_IRQHandler
                0x00000000080016c8                RNG_IRQHandler
                0x00000000080016c8                TIM1_TRG_COM_TIM17_IRQHandler
                0x00000000080016c8                DMA1_Channel3_IRQHandler
                0x00000000080016c8                COMP_IRQHandler
                0x00000000080016c8                WWDG_IRQHandler
                0x00000000080016c8                LPUART1_IRQHandler
                0x00000000080016c8                DMA2_Channel6_IRQHandler
                0x00000000080016c8                TIM2_IRQHandler
                0x00000000080016c8                EXTI1_IRQHandler
                0x00000000080016c8                USART2_IRQHandler
                0x00000000080016c8                DFSDM1_FLT0_IRQHandler
                0x00000000080016c8                I2C2_ER_IRQHandler
                0x00000000080016c8                DMA1_Channel2_IRQHandler
                0x00000000080016c8                TIM8_BRK_IRQHandler
                0x00000000080016c8                CAN1_SCE_IRQHandler
                0x00000000080016c8                FLASH_IRQHandler
                0x00000000080016c8                USART1_IRQHandler
                0x00000000080016c8                OTG_FS_IRQHandler
                0x00000000080016c8                SPI3_IRQHandler
                0x00000000080016c8                I2C1_ER_IRQHandler
                0x00000000080016c8                FMC_IRQHandler
                0x00000000080016c8                SWPMI1_IRQHandler
                0x00000000080016c8                LPTIM1_IRQHandler
                0x00000000080016c8                SAI1_IRQHandler
                0x00000000080016c8                DMA2_Channel3_IRQHandler
                0x00000000080016c8                TIM1_BRK_TIM15_IRQHandler
 *fill*         0x00000000080016ca        0x2 
 .text.HAL_InitTick
                0x00000000080016cc       0x4c ./Drivers/STM32L4xx_HAL_Driver/Src/stm32l4xx_hal.o
                0x00000000080016cc                HAL_InitTick
 .text.HAL_Init
                0x0000000008001718       0x1e ./Drivers/STM32L4xx_HAL_Driver/Src/stm32l4xx_hal.o
                0x0000000008001718                HAL_Init
 *fill*         0x0000000008001736        0x2 
 .text.HAL_IncTick
                0x0000000008001738       0x18 ./Drivers/STM32L4xx_HAL_Driver/Src/stm32l4xx_hal.o
                0x0000000008001738                HAL_IncTick
 .text.HAL_GetTick
                0x0000000008001750        0xc ./Drivers/STM32L4xx_HAL_Driver/Src/stm32l4xx_hal.o
                0x0000000008001750                HAL_GetTick
 .text.HAL_Delay
                0x000000000800175c       0x28 ./Drivers/STM32L4xx_HAL_Driver/Src/stm32l4xx_hal.o
                0x000000000800175c                HAL_Delay
 .text.HAL_GetHalVersion
                0x0000000008001784        0x8 ./Drivers/STM32L4xx_HAL_Driver/Src/stm32l4xx_hal.o
                0x0000000008001784                HAL_GetHalVersion
 .text.HAL_GetREVID
                0x000000000800178c        0xc ./Drivers/STM32L4xx_HAL_Driver/Src/stm32l4xx_hal.o
                0x000000000800178c                HAL_GetREVID
 .text.HAL_GetDEVID
                0x0000000008001798       0x10 ./Drivers/STM32L4xx_HAL_Driver/Src/stm32l4xx_hal.o
                0x0000000008001798                HAL_GetDEVID
 .text.HAL_NVIC_SetPriorityGrouping
                0x00000000080017a8       0x24 ./Drivers/STM32L4xx_HAL_Driver/Src/stm32l4xx_hal_cortex.o
                0x00000000080017a8                HAL_NVIC_SetPriorityGrouping
 .text.HAL_NVIC_SetPriority
                0x00000000080017cc       0x64 ./Drivers/STM32L4xx_HAL_Driver/Src/stm32l4xx_hal_cortex.o
                0x00000000080017cc                HAL_NVIC_SetPriority
 .text.HAL_NVIC_EnableIRQ
                0x0000000008001830       0x1c ./Drivers/STM32L4xx_HAL_Driver/Src/stm32l4xx_hal_cortex.o
                0x0000000008001830                HAL_NVIC_EnableIRQ
 .text.HAL_SYSTICK_Config
                0x000000000800184c       0x28 ./Drivers/STM32L4xx_HAL_Driver/Src/stm32l4xx_hal_cortex.o
                0x000000000800184c                HAL_SYSTICK_Config
 .text.HAL_CRC_Init
                0x0000000008001874       0x74 ./Drivers/STM32L4xx_HAL_Driver/Src/stm32l4xx_hal_crc.o
                0x0000000008001874                HAL_CRC_Init
 .text.HAL_CRCEx_Polynomial_Set
                0x00000000080018e8       0x48 ./Drivers/STM32L4xx_HAL_Driver/Src/stm32l4xx_hal_crc_ex.o
                0x00000000080018e8                HAL_CRCEx_Polynomial_Set
 .text.HAL_GPIO_Init
                0x0000000008001930      0x1bc ./Drivers/STM32L4xx_HAL_Driver/Src/stm32l4xx_hal_gpio.o
                0x0000000008001930                HAL_GPIO_Init
 .text.HAL_GPIO_WritePin
                0x0000000008001aec        0xa ./Drivers/STM32L4xx_HAL_Driver/Src/stm32l4xx_hal_gpio.o
                0x0000000008001aec                HAL_GPIO_WritePin
 .text.HAL_GPIO_EXTI_Callback
                0x0000000008001af6        0x2 ./Drivers/STM32L4xx_HAL_Driver/Src/stm32l4xx_hal_gpio.o
                0x0000000008001af6                HAL_GPIO_EXTI_Callback
 .text.HAL_GPIO_EXTI_IRQHandler
                0x0000000008001af8       0x18 ./Drivers/STM32L4xx_HAL_Driver/Src/stm32l4xx_hal_gpio.o
                0x0000000008001af8                HAL_GPIO_EXTI_IRQHandler
 .text.HAL_PWREx_GetVoltageRange
                0x0000000008001b10       0x10 ./Drivers/STM32L4xx_HAL_Driver/Src/stm32l4xx_hal_pwr_ex.o
                0x0000000008001b10                HAL_PWREx_GetVoltageRange
 .text.HAL_PWREx_ControlVoltageScaling
                0x0000000008001b20       0x6c ./Drivers/STM32L4xx_HAL_Driver/Src/stm32l4xx_hal_pwr_ex.o
                0x0000000008001b20                HAL_PWREx_ControlVoltageScaling
 .text.RCC_SetFlashLatencyFromMSIRange
                0x0000000008001b8c       0x84 ./Drivers/STM32L4xx_HAL_Driver/Src/stm32l4xx_hal_rcc.o
 .text.HAL_RCC_GetSysClockFreq
                0x0000000008001c10       0x9c ./Drivers/STM32L4xx_HAL_Driver/Src/stm32l4xx_hal_rcc.o
                0x0000000008001c10                HAL_RCC_GetSysClockFreq
 .text.HAL_RCC_OscConfig
                0x0000000008001cac      0x500 ./Drivers/STM32L4xx_HAL_Driver/Src/stm32l4xx_hal_rcc.o
                0x0000000008001cac                HAL_RCC_OscConfig
 .text.HAL_RCC_ClockConfig
                0x00000000080021ac      0x154 ./Drivers/STM32L4xx_HAL_Driver/Src/stm32l4xx_hal_rcc.o
                0x00000000080021ac                HAL_RCC_ClockConfig
 .text.HAL_RCC_GetHCLKFreq
                0x0000000008002300        0xc ./Drivers/STM32L4xx_HAL_Driver/Src/stm32l4xx_hal_rcc.o
                0x0000000008002300                HAL_RCC_GetHCLKFreq
 .text.HAL_RCC_GetPCLK1Freq
                0x000000000800230c       0x24 ./Drivers/STM32L4xx_HAL_Driver/Src/stm32l4xx_hal_rcc.o
                0x000000000800230c                HAL_RCC_GetPCLK1Freq
 .text.HAL_RCC_GetPCLK2Freq
                0x0000000008002330       0x24 ./Drivers/STM32L4xx_HAL_Driver/Src/stm32l4xx_hal_rcc.o
                0x0000000008002330                HAL_RCC_GetPCLK2Freq
 .text.RCCEx_PLLSAI1_Config
                0x0000000008002354      0x114 ./Drivers/STM32L4xx_HAL_Driver/Src/stm32l4xx_hal_rcc_ex.o
 .text.RCCEx_PLLSAI2_Config
                0x0000000008002468       0xf8 ./Drivers/STM32L4xx_HAL_Driver/Src/stm32l4xx_hal_rcc_ex.o
 .text.HAL_RCCEx_PeriphCLKConfig
                0x0000000008002560      0x3d8 ./Drivers/STM32L4xx_HAL_Driver/Src/stm32l4xx_hal_rcc_ex.o
                0x0000000008002560                HAL_RCCEx_PeriphCLKConfig
 .text.UART_SetConfig
                0x0000000008002938      0x284 ./Drivers/STM32L4xx_HAL_Driver/Src/stm32l4xx_hal_uart.o
                0x0000000008002938                UART_SetConfig
 .text.UART_AdvFeatureConfig
                0x0000000008002bbc       0xa8 ./Drivers/STM32L4xx_HAL_Driver/Src/stm32l4xx_hal_uart.o
                0x0000000008002bbc                UART_AdvFeatureConfig
 .text.UART_WaitOnFlagUntilTimeout
                0x0000000008002c64       0xbc ./Drivers/STM32L4xx_HAL_Driver/Src/stm32l4xx_hal_uart.o
                0x0000000008002c64                UART_WaitOnFlagUntilTimeout
 .text.HAL_UART_Transmit
                0x0000000008002d20       0xb4 ./Drivers/STM32L4xx_HAL_Driver/Src/stm32l4xx_hal_uart.o
                0x0000000008002d20                HAL_UART_Transmit
 .text.HAL_UART_Receive
                0x0000000008002dd4       0xec ./Drivers/STM32L4xx_HAL_Driver/Src/stm32l4xx_hal_uart.o
                0x0000000008002dd4                HAL_UART_Receive
 .text.UART_CheckIdleState
                0x0000000008002ec0       0x66 ./Drivers/STM32L4xx_HAL_Driver/Src/stm32l4xx_hal_uart.o
                0x0000000008002ec0                UART_CheckIdleState
 .text.HAL_UART_Init
                0x0000000008002f26       0x5c ./Drivers/STM32L4xx_HAL_Driver/Src/stm32l4xx_hal_uart.o
                0x0000000008002f26                HAL_UART_Init
 *fill*         0x0000000008002f82        0x2 
 .text.write_callback
                0x0000000008002f84       0x40 ./X-CUBE-AI/App/aiPbIO.o
 .text.read_callback
                0x0000000008002fc4       0x88 ./X-CUBE-AI/App/aiPbIO.o
 .text.pb_io_flush_ostream
                0x000000000800304c       0x20 ./X-CUBE-AI/App/aiPbIO.o
                0x000000000800304c                pb_io_flush_ostream
 .text.pb_io_flush_istream
                0x000000000800306c       0x18 ./X-CUBE-AI/App/aiPbIO.o
                0x000000000800306c                pb_io_flush_istream
 .text.pb_io_ostream
                0x0000000008003084       0x1c ./X-CUBE-AI/App/aiPbIO.o
                0x0000000008003084                pb_io_ostream
 .text.pb_io_istream
                0x00000000080030a0       0x18 ./X-CUBE-AI/App/aiPbIO.o
                0x00000000080030a0                pb_io_istream
 .text.pb_io_stream_init
                0x00000000080030b8        0xa ./X-CUBE-AI/App/aiPbIO.o
                0x00000000080030b8                pb_io_stream_init
 .text.aiPbBuffer_read_cb3
                0x00000000080030c2       0xa4 ./X-CUBE-AI/App/aiPbMgr.o
 .text.aiPbMgrSetMetaInfo.constprop.0
                0x0000000008003166       0x4c ./X-CUBE-AI/App/aiPbMgr.o
 .text.init_aibuffer_msg
                0x00000000080031b2       0x2e ./X-CUBE-AI/App/aiPbMgr.o
 .text.nn_shape_w_cb
                0x00000000080031e0       0x50 ./X-CUBE-AI/App/aiPbMgr.o
 .text.nn_outputs_w_cb
                0x0000000008003230       0x10 ./X-CUBE-AI/App/aiPbMgr.o
 .text.nn_inputs_w_cb
                0x0000000008003240       0x10 ./X-CUBE-AI/App/aiPbMgr.o
 .text.aiPbBuffer_write_cb3
                0x0000000008003250       0x40 ./X-CUBE-AI/App/aiPbMgr.o
 .text.aiPbMgrInit
                0x0000000008003290       0x60 ./X-CUBE-AI/App/aiPbMgr.o
                0x0000000008003290                aiPbMgrInit
 .text.aiPbMgrSendResp
                0x00000000080032f0       0x24 ./X-CUBE-AI/App/aiPbMgr.o
                0x00000000080032f0                aiPbMgrSendResp
 .text.aiPbMgrWaitAndProcess
                0x0000000008003314       0x70 ./X-CUBE-AI/App/aiPbMgr.o
                0x0000000008003314                aiPbMgrWaitAndProcess
 .text.aiPbMgrSendAck
                0x0000000008003384       0x14 ./X-CUBE-AI/App/aiPbMgr.o
                0x0000000008003384                aiPbMgrSendAck
 .text.aiPbMgrWaitAck
                0x0000000008003398       0x2c ./X-CUBE-AI/App/aiPbMgr.o
                0x0000000008003398                aiPbMgrWaitAck
 .text.aiPbAiBufferSize
                0x00000000080033c4       0x12 ./X-CUBE-AI/App/aiPbMgr.o
                0x00000000080033c4                aiPbAiBufferSize
 *fill*         0x00000000080033d6        0x2 
 .text.aiPbMgrReceiveAiBuffer3
                0x00000000080033d8       0x78 ./X-CUBE-AI/App/aiPbMgr.o
                0x00000000080033d8                aiPbMgrReceiveAiBuffer3
 .text.aiPbMgrSendAiBuffer4
                0x0000000008003450       0xa0 ./X-CUBE-AI/App/aiPbMgr.o
                0x0000000008003450                aiPbMgrSendAiBuffer4
 .text.aiPbCmdSync
                0x00000000080034f0       0x26 ./X-CUBE-AI/App/aiPbMgr.o
                0x00000000080034f0                aiPbCmdSync
 .text.aiPbCmdSysInfo
                0x0000000008003516       0x30 ./X-CUBE-AI/App/aiPbMgr.o
                0x0000000008003516                aiPbCmdSysInfo
 *fill*         0x0000000008003546        0x2 
 .text.aiPbStrCopy
                0x0000000008003548       0x50 ./X-CUBE-AI/App/aiPbMgr.o
                0x0000000008003548                aiPbStrCopy
 .text.aiPbVersionToUint32
                0x0000000008003598        0x8 ./X-CUBE-AI/App/aiPbMgr.o
                0x0000000008003598                aiPbVersionToUint32
 .text.aiPbMgrSendNNInfo
                0x00000000080035a0       0xe8 ./X-CUBE-AI/App/aiPbMgr.o
                0x00000000080035a0                aiPbMgrSendNNInfo
 .text.aiPlatformVersion
                0x0000000008003688       0x20 ./X-CUBE-AI/App/aiTestHelper.o
                0x0000000008003688                aiPlatformVersion
 .text.aiLogErr
                0x00000000080036a8       0x2c ./X-CUBE-AI/App/aiTestHelper.o
                0x00000000080036a8                aiLogErr
 .text.aiPrintLayoutBuffer
                0x00000000080036d4      0x130 ./X-CUBE-AI/App/aiTestHelper.o
                0x00000000080036d4                aiPrintLayoutBuffer
 .text.aiPrintNetworkInfo
                0x0000000008003804      0x120 ./X-CUBE-AI/App/aiTestHelper.o
                0x0000000008003804                aiPrintNetworkInfo
 .text.ioRawWriteBuffer
                0x0000000008003924       0x1c ./X-CUBE-AI/App/aiTestUtility.o
                0x0000000008003924                ioRawWriteBuffer
 .text.ioRawReadBuffer
                0x0000000008003940       0x1c ./X-CUBE-AI/App/aiTestUtility.o
                0x0000000008003940                ioRawReadBuffer
 .text.ioRawDisableLLWrite
                0x000000000800395c        0xc ./X-CUBE-AI/App/aiTestUtility.o
                0x000000000800395c                ioRawDisableLLWrite
 .text._write   0x0000000008003968       0x40 ./X-CUBE-AI/App/aiTestUtility.o
                0x0000000008003968                _write
 .text.__wrap_malloc
                0x00000000080039a8       0x50 ./X-CUBE-AI/App/aiTestUtility.o
                0x00000000080039a8                __wrap_malloc
 .text.dwtIpInit
                0x00000000080039f8       0x28 ./X-CUBE-AI/App/aiTestUtility.o
                0x00000000080039f8                dwtIpInit
 .text.dwtCyclesToTime
                0x0000000008003a20       0x78 ./X-CUBE-AI/App/aiTestUtility.o
                0x0000000008003a20                dwtCyclesToTime
 .text.dwtCyclesToFloatMs
                0x0000000008003a98       0x3c ./X-CUBE-AI/App/aiTestUtility.o
                0x0000000008003a98                dwtCyclesToFloatMs
 .text.getFlashCacheConf
                0x0000000008003ad4        0xc ./X-CUBE-AI/App/aiTestUtility.o
                0x0000000008003ad4                getFlashCacheConf
 .text.systemSettingLog
                0x0000000008003ae0      0x178 ./X-CUBE-AI/App/aiTestUtility.o
                0x0000000008003ae0                systemSettingLog
 .text.cyclesCounterStart
                0x0000000008003c58       0x20 ./X-CUBE-AI/App/aiValidation.o
 .text.cyclesCounterEnd
                0x0000000008003c78       0x58 ./X-CUBE-AI/App/aiValidation.o
 .text.aiOnExecNode_cb
                0x0000000008003cd0      0x18c ./X-CUBE-AI/App/aiValidation.o
 .text.aiExecCtx
                0x0000000008003e5c       0x50 ./X-CUBE-AI/App/aiValidation.o
 .text.aiPbCmdNNInfo
                0x0000000008003eac       0x36 ./X-CUBE-AI/App/aiValidation.o
                0x0000000008003eac                aiPbCmdNNInfo
 *fill*         0x0000000008003ee2        0x2 
 .text.aiPbCmdNNRun
                0x0000000008003ee4      0x254 ./X-CUBE-AI/App/aiValidation.o
                0x0000000008003ee4                aiPbCmdNNRun
 .text.aiValidationInit
                0x0000000008004138       0x5c ./X-CUBE-AI/App/aiValidation.o
                0x0000000008004138                aiValidationInit
 .text.aiValidationProcess
                0x0000000008004194      0x1e8 ./X-CUBE-AI/App/aiValidation.o
                0x0000000008004194                aiValidationProcess
 .text.ai_mnetwork_handle
                0x000000000800437c       0x1c ./X-CUBE-AI/App/app_x-cube-ai.o
 .text.ai_mnetwork_is_valid.constprop.0
                0x0000000008004398       0x28 ./X-CUBE-AI/App/app_x-cube-ai.o
 .text.MX_X_CUBE_AI_Init
                0x00000000080043c0        0xe ./X-CUBE-AI/App/app_x-cube-ai.o
                0x00000000080043c0                MX_X_CUBE_AI_Init
 .text.MX_X_CUBE_AI_Process
                0x00000000080043ce        0x4 ./X-CUBE-AI/App/app_x-cube-ai.o
                0x00000000080043ce                MX_X_CUBE_AI_Process
 *fill*         0x00000000080043d2        0x2 
 .text.ai_mnetwork_find
                0x00000000080043d4       0x1c ./X-CUBE-AI/App/app_x-cube-ai.o
                0x00000000080043d4                ai_mnetwork_find
 .text.ai_mnetwork_create
                0x00000000080043f0       0x5c ./X-CUBE-AI/App/app_x-cube-ai.o
                0x00000000080043f0                ai_mnetwork_create
 .text.ai_mnetwork_destroy
                0x000000000800444c       0x30 ./X-CUBE-AI/App/app_x-cube-ai.o
                0x000000000800444c                ai_mnetwork_destroy
 .text.ai_mnetwork_get_info
                0x000000000800447c       0x16 ./X-CUBE-AI/App/app_x-cube-ai.o
                0x000000000800447c                ai_mnetwork_get_info
 .text.ai_mnetwork_get_error
                0x0000000008004492       0x1a ./X-CUBE-AI/App/app_x-cube-ai.o
                0x0000000008004492                ai_mnetwork_get_error
 .text.ai_mnetwork_init
                0x00000000080044ac       0x70 ./X-CUBE-AI/App/app_x-cube-ai.o
                0x00000000080044ac                ai_mnetwork_init
 .text.ai_mnetwork_run
                0x000000000800451c       0x22 ./X-CUBE-AI/App/app_x-cube-ai.o
                0x000000000800451c                ai_mnetwork_run
 .text.ai_mnetwork_get_private_handle
                0x000000000800453e       0x30 ./X-CUBE-AI/App/app_x-cube-ai.o
                0x000000000800453e                ai_mnetwork_get_private_handle
 .text.ai_mnetwork_get_ext_data_activations
                0x000000000800456e       0x22 ./X-CUBE-AI/App/app_x-cube-ai.o
                0x000000000800456e                ai_mnetwork_get_ext_data_activations
 .text.ai_network_get_info
                0x0000000008004590       0x8c ./X-CUBE-AI/App/network.o
                0x0000000008004590                ai_network_get_info
 .text.ai_network_get_error
                0x000000000800461c        0x4 ./X-CUBE-AI/App/network.o
                0x000000000800461c                ai_network_get_error
 .text.ai_network_create
                0x0000000008004620       0x1c ./X-CUBE-AI/App/network.o
                0x0000000008004620                ai_network_create
 .text.ai_network_destroy
                0x000000000800463c        0x4 ./X-CUBE-AI/App/network.o
                0x000000000800463c                ai_network_destroy
 .text.ai_network_init
                0x0000000008004640      0x168 ./X-CUBE-AI/App/network.o
                0x0000000008004640                ai_network_init
 .text.ai_network_run
                0x00000000080047a8        0x4 ./X-CUBE-AI/App/network.o
                0x00000000080047a8                ai_network_run
 .text.ai_network_forward
                0x00000000080047ac        0x6 ./X-CUBE-AI/App/network.o
                0x00000000080047ac                ai_network_forward
 *fill*         0x00000000080047b2        0x2 
 .text.ai_network_data_weights_get
                0x00000000080047b4        0x8 ./X-CUBE-AI/App/network_data.o
                0x00000000080047b4                ai_network_data_weights_get
 .text.pb_field_iter_begin
                0x00000000080047bc       0x24 ./X-CUBE-AI/App/pb_common.o
                0x00000000080047bc                pb_field_iter_begin
 .text.pb_field_iter_next
                0x00000000080047e0       0x82 ./X-CUBE-AI/App/pb_common.o
                0x00000000080047e0                pb_field_iter_next
 .text.pb_field_iter_find
                0x0000000008004862       0x2e ./X-CUBE-AI/App/pb_common.o
                0x0000000008004862                pb_field_iter_find
 .text.buf_read
                0x0000000008004890       0x1e ./X-CUBE-AI/App/pb_decode.o
 .text.pb_field_set_to_default
                0x00000000080048ae       0xb8 ./X-CUBE-AI/App/pb_decode.o
 .text.pb_message_set_to_defaults
                0x0000000008004966       0x22 ./X-CUBE-AI/App/pb_decode.o
 .text.pb_readbyte
                0x0000000008004988       0x40 ./X-CUBE-AI/App/pb_decode.o
 .text.pb_decode_varint32_eof
                0x00000000080049c8       0x9c ./X-CUBE-AI/App/pb_decode.o
 .text.pb_read  0x0000000008004a64       0x78 ./X-CUBE-AI/App/pb_decode.o
                0x0000000008004a64                pb_read
 .text.pb_decode_varint32
                0x0000000008004adc        0x6 ./X-CUBE-AI/App/pb_decode.o
                0x0000000008004adc                pb_decode_varint32
 *fill*         0x0000000008004ae2        0x2 
 .text.pb_dec_fixed_length_bytes
                0x0000000008004ae4       0x5c ./X-CUBE-AI/App/pb_decode.o
 .text.pb_dec_string
                0x0000000008004b40       0x64 ./X-CUBE-AI/App/pb_decode.o
 .text.pb_dec_bytes
                0x0000000008004ba4       0x5c ./X-CUBE-AI/App/pb_decode.o
 .text.pb_decode_varint
                0x0000000008004c00       0x6c ./X-CUBE-AI/App/pb_decode.o
                0x0000000008004c00                pb_decode_varint
 .text.pb_dec_uvarint
                0x0000000008004c6c       0x74 ./X-CUBE-AI/App/pb_decode.o
 .text.pb_dec_varint
                0x0000000008004ce0       0x6c ./X-CUBE-AI/App/pb_decode.o
 .text.pb_decode_tag
                0x0000000008004d4c       0x34 ./X-CUBE-AI/App/pb_decode.o
                0x0000000008004d4c                pb_decode_tag
 .text.pb_skip_field
                0x0000000008004d80       0x68 ./X-CUBE-AI/App/pb_decode.o
                0x0000000008004d80                pb_skip_field
 .text.pb_make_string_substream
                0x0000000008004de8       0x40 ./X-CUBE-AI/App/pb_decode.o
                0x0000000008004de8                pb_make_string_substream
 .text.pb_close_string_substream
                0x0000000008004e28       0x24 ./X-CUBE-AI/App/pb_decode.o
                0x0000000008004e28                pb_close_string_substream
 .text.decode_field
                0x0000000008004e4c      0x200 ./X-CUBE-AI/App/pb_decode.o
 .text.pb_decode_noinit
                0x000000000800504c      0x21c ./X-CUBE-AI/App/pb_decode.o
                0x000000000800504c                pb_decode_noinit
 .text.pb_decode
                0x0000000008005268       0x20 ./X-CUBE-AI/App/pb_decode.o
                0x0000000008005268                pb_decode
 .text.pb_dec_submessage
                0x0000000008005288       0x60 ./X-CUBE-AI/App/pb_decode.o
 .text.pb_decode_delimited
                0x00000000080052e8       0x30 ./X-CUBE-AI/App/pb_decode.o
                0x00000000080052e8                pb_decode_delimited
 .text.pb_decode_svarint
                0x0000000008005318       0x2a ./X-CUBE-AI/App/pb_decode.o
                0x0000000008005318                pb_decode_svarint
 *fill*         0x0000000008005342        0x2 
 .text.pb_dec_svarint
                0x0000000008005344       0x70 ./X-CUBE-AI/App/pb_decode.o
 .text.pb_decode_fixed32
                0x00000000080053b4       0x18 ./X-CUBE-AI/App/pb_decode.o
                0x00000000080053b4                pb_decode_fixed32
 .text.pb_dec_fixed32
                0x00000000080053cc        0x6 ./X-CUBE-AI/App/pb_decode.o
 .text.pb_decode_fixed64
                0x00000000080053d2       0x1a ./X-CUBE-AI/App/pb_decode.o
                0x00000000080053d2                pb_decode_fixed64
 .text.pb_dec_fixed64
                0x00000000080053ec        0x6 ./X-CUBE-AI/App/pb_decode.o
 .text.pb_check_proto3_default_value
                0x00000000080053f2       0x98 ./X-CUBE-AI/App/pb_encode.o
 *fill*         0x000000000800548a        0x2 
 .text.pb_write
                0x000000000800548c       0x48 ./X-CUBE-AI/App/pb_encode.o
                0x000000000800548c                pb_write
 .text.pb_encode_varint
                0x00000000080054d4       0x54 ./X-CUBE-AI/App/pb_encode.o
                0x00000000080054d4                pb_encode_varint
 .text.pb_enc_uvarint
                0x0000000008005528       0x40 ./X-CUBE-AI/App/pb_encode.o
 .text.pb_enc_varint
                0x0000000008005568       0x44 ./X-CUBE-AI/App/pb_encode.o
 .text.pb_encode_svarint
                0x00000000080055ac       0x1c ./X-CUBE-AI/App/pb_encode.o
                0x00000000080055ac                pb_encode_svarint
 .text.pb_enc_svarint
                0x00000000080055c8       0x44 ./X-CUBE-AI/App/pb_encode.o
 .text.pb_encode_fixed32
                0x000000000800560c       0x2a ./X-CUBE-AI/App/pb_encode.o
                0x000000000800560c                pb_encode_fixed32
 .text.pb_enc_fixed32
                0x0000000008005636        0x6 ./X-CUBE-AI/App/pb_encode.o
 .text.pb_encode_fixed64
                0x000000000800563c       0x40 ./X-CUBE-AI/App/pb_encode.o
                0x000000000800563c                pb_encode_fixed64
 .text.pb_enc_fixed64
                0x000000000800567c        0x6 ./X-CUBE-AI/App/pb_encode.o
 .text.pb_encode_tag
                0x0000000008005682        0xc ./X-CUBE-AI/App/pb_encode.o
                0x0000000008005682                pb_encode_tag
 *fill*         0x000000000800568e        0x2 
 .text.pb_encode_tag_for_field
                0x0000000008005690       0x44 ./X-CUBE-AI/App/pb_encode.o
                0x0000000008005690                pb_encode_tag_for_field
 .text.encode_field
                0x00000000080056d4      0x208 ./X-CUBE-AI/App/pb_encode.o
 .text.pb_encode
                0x00000000080058dc       0x68 ./X-CUBE-AI/App/pb_encode.o
                0x00000000080058dc                pb_encode
 .text.pb_encode_string
                0x0000000008005944       0x24 ./X-CUBE-AI/App/pb_encode.o
                0x0000000008005944                pb_encode_string
 .text.pb_enc_fixed_length_bytes
                0x0000000008005968        0xc ./X-CUBE-AI/App/pb_encode.o
 .text.pb_enc_string
                0x0000000008005974       0x2e ./X-CUBE-AI/App/pb_encode.o
 *fill*         0x00000000080059a2        0x2 
 .text.pb_enc_bytes
                0x00000000080059a4       0x40 ./X-CUBE-AI/App/pb_encode.o
 .text.pb_encode_submessage
                0x00000000080059e4       0x98 ./X-CUBE-AI/App/pb_encode.o
                0x00000000080059e4                pb_encode_submessage
 .text.pb_enc_submessage
                0x0000000008005a7c       0x20 ./X-CUBE-AI/App/pb_encode.o
 .text._platform_observer_node_exec_cb
                0x0000000008005a9c      0x10c ../Middlewares/ST/AI/Lib\NetworkRuntime700_CM4_GCC.a(ai_platform_interface.o)
 .text._ai_platform_acquire_crc
                0x0000000008005ba8        0x4 ../Middlewares/ST/AI/Lib\NetworkRuntime700_CM4_GCC.a(ai_platform_interface.o)
                0x0000000008005ba8                _ai_platform_acquire_crc
 .text._ai_platform_release_crc
                0x0000000008005bac        0x4 ../Middlewares/ST/AI/Lib\NetworkRuntime700_CM4_GCC.a(ai_platform_interface.o)
                0x0000000008005bac                _ai_platform_release_crc
 .text.ai_platform_get_weights_map
                0x0000000008005bb0       0x68 ../Middlewares/ST/AI/Lib\NetworkRuntime700_CM4_GCC.a(ai_platform_interface.o)
                0x0000000008005bb0                ai_platform_get_weights_map
 .text.ai_platform_get_activations_map
                0x0000000008005c18       0x68 ../Middlewares/ST/AI/Lib\NetworkRuntime700_CM4_GCC.a(ai_platform_interface.o)
                0x0000000008005c18                ai_platform_get_activations_map
 .text.ai_platform_runtime_get_revision
                0x0000000008005c80       0x84 ../Middlewares/ST/AI/Lib\NetworkRuntime700_CM4_GCC.a(ai_platform_interface.o)
                0x0000000008005c80                ai_platform_runtime_get_revision
 .text.ai_platform_runtime_get_version
                0x0000000008005d04       0x84 ../Middlewares/ST/AI/Lib\NetworkRuntime700_CM4_GCC.a(ai_platform_interface.o)
                0x0000000008005d04                ai_platform_runtime_get_version
 .text.ai_platform_api_get_version
                0x0000000008005d88       0xa8 ../Middlewares/ST/AI/Lib\NetworkRuntime700_CM4_GCC.a(ai_platform_interface.o)
                0x0000000008005d88                ai_platform_api_get_version
 .text.ai_platform_interface_api_get_version
                0x0000000008005e30       0xa8 ../Middlewares/ST/AI/Lib\NetworkRuntime700_CM4_GCC.a(ai_platform_interface.o)
                0x0000000008005e30                ai_platform_interface_api_get_version
 .text.ai_platform_context_acquire
                0x0000000008005ed8       0x90 ../Middlewares/ST/AI/Lib\NetworkRuntime700_CM4_GCC.a(ai_platform_interface.o)
                0x0000000008005ed8                ai_platform_context_acquire
 .text.ai_platform_network_get_error
                0x0000000008005f68       0xf4 ../Middlewares/ST/AI/Lib\NetworkRuntime700_CM4_GCC.a(ai_platform_interface.o)
                0x0000000008005f68                ai_platform_network_get_error
 .text.ai_platform_api_get_network_report
                0x000000000800605c      0x544 ../Middlewares/ST/AI/Lib\NetworkRuntime700_CM4_GCC.a(ai_platform_interface.o)
                0x000000000800605c                ai_platform_api_get_network_report
 .text.ai_platform_network_create
                0x00000000080065a0      0x1ac ../Middlewares/ST/AI/Lib\NetworkRuntime700_CM4_GCC.a(ai_platform_interface.o)
                0x00000000080065a0                ai_platform_network_create
 .text.ai_platform_network_destroy
                0x000000000800674c       0xf0 ../Middlewares/ST/AI/Lib\NetworkRuntime700_CM4_GCC.a(ai_platform_interface.o)
                0x000000000800674c                ai_platform_network_destroy
 .text.ai_platform_network_init
                0x000000000800683c      0x224 ../Middlewares/ST/AI/Lib\NetworkRuntime700_CM4_GCC.a(ai_platform_interface.o)
                0x000000000800683c                ai_platform_network_init
 .text.ai_platform_network_post_init
                0x0000000008006a60      0x128 ../Middlewares/ST/AI/Lib\NetworkRuntime700_CM4_GCC.a(ai_platform_interface.o)
                0x0000000008006a60                ai_platform_network_post_init
 .text.ai_platform_network_process
                0x0000000008006b88      0x4fc ../Middlewares/ST/AI/Lib\NetworkRuntime700_CM4_GCC.a(ai_platform_interface.o)
                0x0000000008006b88                ai_platform_network_process
 .text.ai_platform_observer_register_s
                0x0000000008007084      0x140 ../Middlewares/ST/AI/Lib\NetworkRuntime700_CM4_GCC.a(ai_platform_interface.o)
                0x0000000008007084                ai_platform_observer_register_s
 .text.ai_platform_observer_unregister_s
                0x00000000080071c4      0x104 ../Middlewares/ST/AI/Lib\NetworkRuntime700_CM4_GCC.a(ai_platform_interface.o)
                0x00000000080071c4                ai_platform_observer_unregister_s
 .text.core_init
                0x00000000080072c8        0x4 ../Middlewares/ST/AI/Lib\NetworkRuntime700_CM4_GCC.a(core_common.o)
                0x00000000080072c8                core_init
 .text.core_get_error
                0x00000000080072cc        0xc ../Middlewares/ST/AI/Lib\NetworkRuntime700_CM4_GCC.a(core_common.o)
                0x00000000080072cc                core_get_error
 .text.core_set_error
                0x00000000080072d8       0x18 ../Middlewares/ST/AI/Lib\NetworkRuntime700_CM4_GCC.a(core_common.o)
                0x00000000080072d8                core_set_error
 .text.func_dummy
                0x00000000080072f0        0x4 ../Middlewares/ST/AI/Lib\NetworkRuntime700_CM4_GCC.a(layers_conv2d_generic_float.o)
 .text.ai_dict8_dot_array_f32
                0x00000000080072f4      0x19c ../Middlewares/ST/AI/Lib\NetworkRuntime700_CM4_GCC.a(layers_conv2d_generic_float.o)
                0x00000000080072f4                ai_dict8_dot_array_f32
 .text.ai_dict4_dot_array_f32
                0x0000000008007490      0x17c ../Middlewares/ST/AI/Lib\NetworkRuntime700_CM4_GCC.a(layers_conv2d_generic_float.o)
                0x0000000008007490                ai_dict4_dot_array_f32
 .text.ai_dict_decompress_f32
                0x000000000800760c       0xa0 ../Middlewares/ST/AI/Lib\NetworkRuntime700_CM4_GCC.a(layers_conv2d_generic_float.o)
                0x000000000800760c                ai_dict_decompress_f32
 .text.forward_conv2d_nl_pool
                0x00000000080076ac     0x1270 ../Middlewares/ST/AI/Lib\NetworkRuntime700_CM4_GCC.a(layers_conv2d_generic_float.o)
                0x00000000080076ac                forward_conv2d_nl_pool
 .text.forward_dense
                0x000000000800891c      0x470 ../Middlewares/ST/AI/Lib\NetworkRuntime700_CM4_GCC.a(layers_conv2d_generic_float.o)
                0x000000000800891c                forward_dense
 .text.nl_func_relu_array_f32
                0x0000000008008d8c       0x50 ../Middlewares/ST/AI/Lib\NetworkRuntime700_CM4_GCC.a(layers_nl_generic_float.o)
                0x0000000008008d8c                nl_func_relu_array_f32
 .text.nl_func_sm_array_f32
                0x0000000008008ddc      0x100 ../Middlewares/ST/AI/Lib\NetworkRuntime700_CM4_GCC.a(layers_nl_generic_float.o)
                0x0000000008008ddc                nl_func_sm_array_f32
 .text.nl_func_relu_generic_array_f32
                0x0000000008008edc       0xfc ../Middlewares/ST/AI/Lib\NetworkRuntime700_CM4_GCC.a(layers_nl_generic_float.o)
                0x0000000008008edc                nl_func_relu_generic_array_f32
 .text.forward_relu
                0x0000000008008fd8      0x124 ../Middlewares/ST/AI/Lib\NetworkRuntime700_CM4_GCC.a(layers_nl_generic_float.o)
                0x0000000008008fd8                forward_relu
 .text.forward_sm
                0x00000000080090fc       0x64 ../Middlewares/ST/AI/Lib\NetworkRuntime700_CM4_GCC.a(layers_nl_generic_float.o)
                0x00000000080090fc                forward_sm
 .text.pool_func_mp_array_f32
                0x0000000008009160      0x2b8 ../Middlewares/ST/AI/Lib\NetworkRuntime700_CM4_GCC.a(layers_pool_generic_float.o)
                0x0000000008009160                pool_func_mp_array_f32
 .text.ai_check_custom_types
                0x0000000008009418       0x54 ../Middlewares/ST/AI/Lib\NetworkRuntime700_CM4_GCC.a(layers.o)
                0x0000000008009418                ai_check_custom_types
 .text.ai_layers_init_all
                0x000000000800946c       0x28 ../Middlewares/ST/AI/Lib\NetworkRuntime700_CM4_GCC.a(layers.o)
                0x000000000800946c                ai_layers_init_all
 .text.ai_layers_post_init_all
                0x0000000008009494       0x30 ../Middlewares/ST/AI/Lib\NetworkRuntime700_CM4_GCC.a(layers.o)
                0x0000000008009494                ai_layers_post_init_all
 .text.ai_layers_forward_all
                0x00000000080094c4       0x9c ../Middlewares/ST/AI/Lib\NetworkRuntime700_CM4_GCC.a(layers.o)
                0x00000000080094c4                ai_layers_forward_all
 .text.ai_layers_destroy_all
                0x0000000008009560       0x30 ../Middlewares/ST/AI/Lib\NetworkRuntime700_CM4_GCC.a(layers.o)
                0x0000000008009560                ai_layers_destroy_all
 .text.ai_array_to_buffer_fmt
                0x0000000008009590       0xb0 ../Middlewares/ST/AI/Lib\NetworkRuntime700_CM4_GCC.a(ai_datatypes_format.o)
                0x0000000008009590                ai_array_to_buffer_fmt
 .text.ai_array_get_byte_size
                0x0000000008009640       0x44 ../Middlewares/ST/AI/Lib\NetworkRuntime700_CM4_GCC.a(ai_datatypes_format.o)
                0x0000000008009640                ai_array_get_byte_size
 .text.__errno  0x0000000008009684        0xc c:/st/stm32cubeide_1.11.0/stm32cubeide/plugins/com.st.stm32cube.ide.mcu.externaltools.gnu-tools-for-stm32.10.3-2021.10.win32_1.0.100.202210260954/tools/bin/../lib/gcc/arm-none-eabi/10.3.1/../../../../arm-none-eabi/lib/thumb/v7e-m+fp/hard\libc_nano.a(lib_a-errno.o)
                0x0000000008009684                __errno
 .text.__libc_init_array
                0x0000000008009690       0x48 c:/st/stm32cubeide_1.11.0/stm32cubeide/plugins/com.st.stm32cube.ide.mcu.externaltools.gnu-tools-for-stm32.10.3-2021.10.win32_1.0.100.202210260954/tools/bin/../lib/gcc/arm-none-eabi/10.3.1/../../../../arm-none-eabi/lib/thumb/v7e-m+fp/hard\libc_nano.a(lib_a-init.o)
                0x0000000008009690                __libc_init_array
 .text.malloc   0x00000000080096d8       0x10 c:/st/stm32cubeide_1.11.0/stm32cubeide/plugins/com.st.stm32cube.ide.mcu.externaltools.gnu-tools-for-stm32.10.3-2021.10.win32_1.0.100.202210260954/tools/bin/../lib/gcc/arm-none-eabi/10.3.1/../../../../arm-none-eabi/lib/thumb/v7e-m+fp/hard\libc_nano.a(lib_a-malloc.o)
                0x00000000080096d8                malloc
 .text.memcpy   0x00000000080096e8       0x1c c:/st/stm32cubeide_1.11.0/stm32cubeide/plugins/com.st.stm32cube.ide.mcu.externaltools.gnu-tools-for-stm32.10.3-2021.10.win32_1.0.100.202210260954/tools/bin/../lib/gcc/arm-none-eabi/10.3.1/../../../../arm-none-eabi/lib/thumb/v7e-m+fp/hard\libc_nano.a(lib_a-memcpy-stub.o)
                0x00000000080096e8                memcpy
 .text.memset   0x0000000008009704       0x10 c:/st/stm32cubeide_1.11.0/stm32cubeide/plugins/com.st.stm32cube.ide.mcu.externaltools.gnu-tools-for-stm32.10.3-2021.10.win32_1.0.100.202210260954/tools/bin/../lib/gcc/arm-none-eabi/10.3.1/../../../../arm-none-eabi/lib/thumb/v7e-m+fp/hard\libc_nano.a(lib_a-memset.o)
                0x0000000008009704                memset
 .text._free_r  0x0000000008009714       0x98 c:/st/stm32cubeide_1.11.0/stm32cubeide/plugins/com.st.stm32cube.ide.mcu.externaltools.gnu-tools-for-stm32.10.3-2021.10.win32_1.0.100.202210260954/tools/bin/../lib/gcc/arm-none-eabi/10.3.1/../../../../arm-none-eabi/lib/thumb/v7e-m+fp/hard\libc_nano.a(lib_a-nano-freer.o)
                0x0000000008009714                _free_r
 .text.sbrk_aligned
                0x00000000080097ac       0x40 c:/st/stm32cubeide_1.11.0/stm32cubeide/plugins/com.st.stm32cube.ide.mcu.externaltools.gnu-tools-for-stm32.10.3-2021.10.win32_1.0.100.202210260954/tools/bin/../lib/gcc/arm-none-eabi/10.3.1/../../../../arm-none-eabi/lib/thumb/v7e-m+fp/hard\libc_nano.a(lib_a-nano-mallocr.o)
 .text._malloc_r
                0x00000000080097ec       0xe8 c:/st/stm32cubeide_1.11.0/stm32cubeide/plugins/com.st.stm32cube.ide.mcu.externaltools.gnu-tools-for-stm32.10.3-2021.10.win32_1.0.100.202210260954/tools/bin/../lib/gcc/arm-none-eabi/10.3.1/../../../../arm-none-eabi/lib/thumb/v7e-m+fp/hard\libc_nano.a(lib_a-nano-mallocr.o)
                0x00000000080097ec                _malloc_r
 .text.__cvt    0x00000000080098d4       0xc4 c:/st/stm32cubeide_1.11.0/stm32cubeide/plugins/com.st.stm32cube.ide.mcu.externaltools.gnu-tools-for-stm32.10.3-2021.10.win32_1.0.100.202210260954/tools/bin/../lib/gcc/arm-none-eabi/10.3.1/../../../../arm-none-eabi/lib/thumb/v7e-m+fp/hard\libc_nano.a(lib_a-nano-vfprintf_float.o)
                0x00000000080098d4                __cvt
 .text.__exponent
                0x0000000008009998       0x7c c:/st/stm32cubeide_1.11.0/stm32cubeide/plugins/com.st.stm32cube.ide.mcu.externaltools.gnu-tools-for-stm32.10.3-2021.10.win32_1.0.100.202210260954/tools/bin/../lib/gcc/arm-none-eabi/10.3.1/../../../../arm-none-eabi/lib/thumb/v7e-m+fp/hard\libc_nano.a(lib_a-nano-vfprintf_float.o)
                0x0000000008009998                __exponent
 .text._printf_float
                0x0000000008009a14      0x46c c:/st/stm32cubeide_1.11.0/stm32cubeide/plugins/com.st.stm32cube.ide.mcu.externaltools.gnu-tools-for-stm32.10.3-2021.10.win32_1.0.100.202210260954/tools/bin/../lib/gcc/arm-none-eabi/10.3.1/../../../../arm-none-eabi/lib/thumb/v7e-m+fp/hard\libc_nano.a(lib_a-nano-vfprintf_float.o)
                0x0000000008009a14                _printf_float
 .text._printf_common
                0x0000000008009e80       0xda c:/st/stm32cubeide_1.11.0/stm32cubeide/plugins/com.st.stm32cube.ide.mcu.externaltools.gnu-tools-for-stm32.10.3-2021.10.win32_1.0.100.202210260954/tools/bin/../lib/gcc/arm-none-eabi/10.3.1/../../../../arm-none-eabi/lib/thumb/v7e-m+fp/hard\libc_nano.a(lib_a-nano-vfprintf_i.o)
                0x0000000008009e80                _printf_common
 *fill*         0x0000000008009f5a        0x2 
 .text._printf_i
                0x0000000008009f5c      0x24c c:/st/stm32cubeide_1.11.0/stm32cubeide/plugins/com.st.stm32cube.ide.mcu.externaltools.gnu-tools-for-stm32.10.3-2021.10.win32_1.0.100.202210260954/tools/bin/../lib/gcc/arm-none-eabi/10.3.1/../../../../arm-none-eabi/lib/thumb/v7e-m+fp/hard\libc_nano.a(lib_a-nano-vfprintf_i.o)
                0x0000000008009f5c                _printf_i
 .text.printf   0x000000000800a1a8       0x30 c:/st/stm32cubeide_1.11.0/stm32cubeide/plugins/com.st.stm32cube.ide.mcu.externaltools.gnu-tools-for-stm32.10.3-2021.10.win32_1.0.100.202210260954/tools/bin/../lib/gcc/arm-none-eabi/10.3.1/../../../../arm-none-eabi/lib/thumb/v7e-m+fp/hard\libc_nano.a(lib_a-printf.o)
                0x000000000800a1a8                iprintf
                0x000000000800a1a8                printf
 .text._puts_r  0x000000000800a1d8       0xdc c:/st/stm32cubeide_1.11.0/stm32cubeide/plugins/com.st.stm32cube.ide.mcu.externaltools.gnu-tools-for-stm32.10.3-2021.10.win32_1.0.100.202210260954/tools/bin/../lib/gcc/arm-none-eabi/10.3.1/../../../../arm-none-eabi/lib/thumb/v7e-m+fp/hard\libc_nano.a(lib_a-puts.o)
                0x000000000800a1d8                _puts_r
 .text.puts     0x000000000800a2b4       0x10 c:/st/stm32cubeide_1.11.0/stm32cubeide/plugins/com.st.stm32cube.ide.mcu.externaltools.gnu-tools-for-stm32.10.3-2021.10.win32_1.0.100.202210260954/tools/bin/../lib/gcc/arm-none-eabi/10.3.1/../../../../arm-none-eabi/lib/thumb/v7e-m+fp/hard\libc_nano.a(lib_a-puts.o)
                0x000000000800a2b4                puts
 .text._sbrk_r  0x000000000800a2c4       0x20 c:/st/stm32cubeide_1.11.0/stm32cubeide/plugins/com.st.stm32cube.ide.mcu.externaltools.gnu-tools-for-stm32.10.3-2021.10.win32_1.0.100.202210260954/tools/bin/../lib/gcc/arm-none-eabi/10.3.1/../../../../arm-none-eabi/lib/thumb/v7e-m+fp/hard\libc_nano.a(lib_a-sbrkr.o)
                0x000000000800a2c4                _sbrk_r
 .text.strncmp  0x000000000800a2e4       0x28 c:/st/stm32cubeide_1.11.0/stm32cubeide/plugins/com.st.stm32cube.ide.mcu.externaltools.gnu-tools-for-stm32.10.3-2021.10.win32_1.0.100.202210260954/tools/bin/../lib/gcc/arm-none-eabi/10.3.1/../../../../arm-none-eabi/lib/thumb/v7e-m+fp/hard\libc_nano.a(lib_a-strncmp.o)
                0x000000000800a2e4                strncmp
 .text.__swbuf_r
                0x000000000800a30c       0xa4 c:/st/stm32cubeide_1.11.0/stm32cubeide/plugins/com.st.stm32cube.ide.mcu.externaltools.gnu-tools-for-stm32.10.3-2021.10.win32_1.0.100.202210260954/tools/bin/../lib/gcc/arm-none-eabi/10.3.1/../../../../arm-none-eabi/lib/thumb/v7e-m+fp/hard\libc_nano.a(lib_a-wbuf.o)
                0x000000000800a30c                __swbuf_r
 .text.__swsetup_r
                0x000000000800a3b0       0xdc c:/st/stm32cubeide_1.11.0/stm32cubeide/plugins/com.st.stm32cube.ide.mcu.externaltools.gnu-tools-for-stm32.10.3-2021.10.win32_1.0.100.202210260954/tools/bin/../lib/gcc/arm-none-eabi/10.3.1/../../../../arm-none-eabi/lib/thumb/v7e-m+fp/hard\libc_nano.a(lib_a-wsetup.o)
                0x000000000800a3b0                __swsetup_r
 .text.quorem   0x000000000800a48c      0x116 c:/st/stm32cubeide_1.11.0/stm32cubeide/plugins/com.st.stm32cube.ide.mcu.externaltools.gnu-tools-for-stm32.10.3-2021.10.win32_1.0.100.202210260954/tools/bin/../lib/gcc/arm-none-eabi/10.3.1/../../../../arm-none-eabi/lib/thumb/v7e-m+fp/hard\libc_nano.a(lib_a-dtoa.o)
 *fill*         0x000000000800a5a2        0x6 
 .text._dtoa_r  0x000000000800a5a8      0xbdc c:/st/stm32cubeide_1.11.0/stm32cubeide/plugins/com.st.stm32cube.ide.mcu.externaltools.gnu-tools-for-stm32.10.3-2021.10.win32_1.0.100.202210260954/tools/bin/../lib/gcc/arm-none-eabi/10.3.1/../../../../arm-none-eabi/lib/thumb/v7e-m+fp/hard\libc_nano.a(lib_a-dtoa.o)
                0x000000000800a5a8                _dtoa_r
 .text.__sflush_r
                0x000000000800b184      0x10c c:/st/stm32cubeide_1.11.0/stm32cubeide/plugins/com.st.stm32cube.ide.mcu.externaltools.gnu-tools-for-stm32.10.3-2021.10.win32_1.0.100.202210260954/tools/bin/../lib/gcc/arm-none-eabi/10.3.1/../../../../arm-none-eabi/lib/thumb/v7e-m+fp/hard\libc_nano.a(lib_a-fflush.o)
                0x000000000800b184                __sflush_r
 .text._fflush_r
                0x000000000800b290       0x78 c:/st/stm32cubeide_1.11.0/stm32cubeide/plugins/com.st.stm32cube.ide.mcu.externaltools.gnu-tools-for-stm32.10.3-2021.10.win32_1.0.100.202210260954/tools/bin/../lib/gcc/arm-none-eabi/10.3.1/../../../../arm-none-eabi/lib/thumb/v7e-m+fp/hard\libc_nano.a(lib_a-fflush.o)
                0x000000000800b290                _fflush_r
 .text.std      0x000000000800b308       0x48 c:/st/stm32cubeide_1.11.0/stm32cubeide/plugins/com.st.stm32cube.ide.mcu.externaltools.gnu-tools-for-stm32.10.3-2021.10.win32_1.0.100.202210260954/tools/bin/../lib/gcc/arm-none-eabi/10.3.1/../../../../arm-none-eabi/lib/thumb/v7e-m+fp/hard\libc_nano.a(lib_a-findfp.o)
 .text._cleanup_r
                0x000000000800b350        0xc c:/st/stm32cubeide_1.11.0/stm32cubeide/plugins/com.st.stm32cube.ide.mcu.externaltools.gnu-tools-for-stm32.10.3-2021.10.win32_1.0.100.202210260954/tools/bin/../lib/gcc/arm-none-eabi/10.3.1/../../../../arm-none-eabi/lib/thumb/v7e-m+fp/hard\libc_nano.a(lib_a-findfp.o)
                0x000000000800b350                _cleanup_r
 .text.__sfmoreglue
                0x000000000800b35c       0x2c c:/st/stm32cubeide_1.11.0/stm32cubeide/plugins/com.st.stm32cube.ide.mcu.externaltools.gnu-tools-for-stm32.10.3-2021.10.win32_1.0.100.202210260954/tools/bin/../lib/gcc/arm-none-eabi/10.3.1/../../../../arm-none-eabi/lib/thumb/v7e-m+fp/hard\libc_nano.a(lib_a-findfp.o)
                0x000000000800b35c                __sfmoreglue
 .text.__sfp_lock_acquire
                0x000000000800b388        0xc c:/st/stm32cubeide_1.11.0/stm32cubeide/plugins/com.st.stm32cube.ide.mcu.externaltools.gnu-tools-for-stm32.10.3-2021.10.win32_1.0.100.202210260954/tools/bin/../lib/gcc/arm-none-eabi/10.3.1/../../../../arm-none-eabi/lib/thumb/v7e-m+fp/hard\libc_nano.a(lib_a-findfp.o)
                0x000000000800b388                __sfp_lock_acquire
 .text.__sfp_lock_release
                0x000000000800b394        0xc c:/st/stm32cubeide_1.11.0/stm32cubeide/plugins/com.st.stm32cube.ide.mcu.externaltools.gnu-tools-for-stm32.10.3-2021.10.win32_1.0.100.202210260954/tools/bin/../lib/gcc/arm-none-eabi/10.3.1/../../../../arm-none-eabi/lib/thumb/v7e-m+fp/hard\libc_nano.a(lib_a-findfp.o)
                0x000000000800b394                __sfp_lock_release
 .text.__sinit_lock_acquire
                0x000000000800b3a0        0xc c:/st/stm32cubeide_1.11.0/stm32cubeide/plugins/com.st.stm32cube.ide.mcu.externaltools.gnu-tools-for-stm32.10.3-2021.10.win32_1.0.100.202210260954/tools/bin/../lib/gcc/arm-none-eabi/10.3.1/../../../../arm-none-eabi/lib/thumb/v7e-m+fp/hard\libc_nano.a(lib_a-findfp.o)
                0x000000000800b3a0                __sinit_lock_acquire
 .text.__sinit_lock_release
                0x000000000800b3ac        0xc c:/st/stm32cubeide_1.11.0/stm32cubeide/plugins/com.st.stm32cube.ide.mcu.externaltools.gnu-tools-for-stm32.10.3-2021.10.win32_1.0.100.202210260954/tools/bin/../lib/gcc/arm-none-eabi/10.3.1/../../../../arm-none-eabi/lib/thumb/v7e-m+fp/hard\libc_nano.a(lib_a-findfp.o)
                0x000000000800b3ac                __sinit_lock_release
 .text.__sinit  0x000000000800b3b8       0x70 c:/st/stm32cubeide_1.11.0/stm32cubeide/plugins/com.st.stm32cube.ide.mcu.externaltools.gnu-tools-for-stm32.10.3-2021.10.win32_1.0.100.202210260954/tools/bin/../lib/gcc/arm-none-eabi/10.3.1/../../../../arm-none-eabi/lib/thumb/v7e-m+fp/hard\libc_nano.a(lib_a-findfp.o)
                0x000000000800b3b8                __sinit
 .text.__sfp    0x000000000800b428       0x8c c:/st/stm32cubeide_1.11.0/stm32cubeide/plugins/com.st.stm32cube.ide.mcu.externaltools.gnu-tools-for-stm32.10.3-2021.10.win32_1.0.100.202210260954/tools/bin/../lib/gcc/arm-none-eabi/10.3.1/../../../../arm-none-eabi/lib/thumb/v7e-m+fp/hard\libc_nano.a(lib_a-findfp.o)
                0x000000000800b428                __sfp
 .text._fwalk_reent
                0x000000000800b4b4       0x3e c:/st/stm32cubeide_1.11.0/stm32cubeide/plugins/com.st.stm32cube.ide.mcu.externaltools.gnu-tools-for-stm32.10.3-2021.10.win32_1.0.100.202210260954/tools/bin/../lib/gcc/arm-none-eabi/10.3.1/../../../../arm-none-eabi/lib/thumb/v7e-m+fp/hard\libc_nano.a(lib_a-fwalk.o)
                0x000000000800b4b4                _fwalk_reent
 *fill*         0x000000000800b4f2        0x2 
 .text._localeconv_r
                0x000000000800b4f4        0x8 c:/st/stm32cubeide_1.11.0/stm32cubeide/plugins/com.st.stm32cube.ide.mcu.externaltools.gnu-tools-for-stm32.10.3-2021.10.win32_1.0.100.202210260954/tools/bin/../lib/gcc/arm-none-eabi/10.3.1/../../../../arm-none-eabi/lib/thumb/v7e-m+fp/hard\libc_nano.a(lib_a-localeconv.o)
                0x000000000800b4f4                _localeconv_r
 .text.__retarget_lock_init_recursive
                0x000000000800b4fc        0x2 c:/st/stm32cubeide_1.11.0/stm32cubeide/plugins/com.st.stm32cube.ide.mcu.externaltools.gnu-tools-for-stm32.10.3-2021.10.win32_1.0.100.202210260954/tools/bin/../lib/gcc/arm-none-eabi/10.3.1/../../../../arm-none-eabi/lib/thumb/v7e-m+fp/hard\libc_nano.a(lib_a-lock.o)
                0x000000000800b4fc                __retarget_lock_init_recursive
 .text.__retarget_lock_acquire_recursive
                0x000000000800b4fe        0x2 c:/st/stm32cubeide_1.11.0/stm32cubeide/plugins/com.st.stm32cube.ide.mcu.externaltools.gnu-tools-for-stm32.10.3-2021.10.win32_1.0.100.202210260954/tools/bin/../lib/gcc/arm-none-eabi/10.3.1/../../../../arm-none-eabi/lib/thumb/v7e-m+fp/hard\libc_nano.a(lib_a-lock.o)
                0x000000000800b4fe                __retarget_lock_acquire_recursive
 .text.__retarget_lock_release_recursive
                0x000000000800b500        0x2 c:/st/stm32cubeide_1.11.0/stm32cubeide/plugins/com.st.stm32cube.ide.mcu.externaltools.gnu-tools-for-stm32.10.3-2021.10.win32_1.0.100.202210260954/tools/bin/../lib/gcc/arm-none-eabi/10.3.1/../../../../arm-none-eabi/lib/thumb/v7e-m+fp/hard\libc_nano.a(lib_a-lock.o)
                0x000000000800b500                __retarget_lock_release_recursive
 .text.__swhatbuf_r
                0x000000000800b502       0x4a c:/st/stm32cubeide_1.11.0/stm32cubeide/plugins/com.st.stm32cube.ide.mcu.externaltools.gnu-tools-for-stm32.10.3-2021.10.win32_1.0.100.202210260954/tools/bin/../lib/gcc/arm-none-eabi/10.3.1/../../../../arm-none-eabi/lib/thumb/v7e-m+fp/hard\libc_nano.a(lib_a-makebuf.o)
                0x000000000800b502                __swhatbuf_r
 .text.__smakebuf_r
                0x000000000800b54c       0x80 c:/st/stm32cubeide_1.11.0/stm32cubeide/plugins/com.st.stm32cube.ide.mcu.externaltools.gnu-tools-for-stm32.10.3-2021.10.win32_1.0.100.202210260954/tools/bin/../lib/gcc/arm-none-eabi/10.3.1/../../../../arm-none-eabi/lib/thumb/v7e-m+fp/hard\libc_nano.a(lib_a-makebuf.o)
                0x000000000800b54c                __smakebuf_r
 .text.__malloc_lock
                0x000000000800b5cc        0xc c:/st/stm32cubeide_1.11.0/stm32cubeide/plugins/com.st.stm32cube.ide.mcu.externaltools.gnu-tools-for-stm32.10.3-2021.10.win32_1.0.100.202210260954/tools/bin/../lib/gcc/arm-none-eabi/10.3.1/../../../../arm-none-eabi/lib/thumb/v7e-m+fp/hard\libc_nano.a(lib_a-mlock.o)
                0x000000000800b5cc                __malloc_lock
 .text.__malloc_unlock
                0x000000000800b5d8        0xc c:/st/stm32cubeide_1.11.0/stm32cubeide/plugins/com.st.stm32cube.ide.mcu.externaltools.gnu-tools-for-stm32.10.3-2021.10.win32_1.0.100.202210260954/tools/bin/../lib/gcc/arm-none-eabi/10.3.1/../../../../arm-none-eabi/lib/thumb/v7e-m+fp/hard\libc_nano.a(lib_a-mlock.o)
                0x000000000800b5d8                __malloc_unlock
 .text._Balloc  0x000000000800b5e4       0x80 c:/st/stm32cubeide_1.11.0/stm32cubeide/plugins/com.st.stm32cube.ide.mcu.externaltools.gnu-tools-for-stm32.10.3-2021.10.win32_1.0.100.202210260954/tools/bin/../lib/gcc/arm-none-eabi/10.3.1/../../../../arm-none-eabi/lib/thumb/v7e-m+fp/hard\libc_nano.a(lib_a-mprec.o)
                0x000000000800b5e4                _Balloc
 .text._Bfree   0x000000000800b664       0x44 c:/st/stm32cubeide_1.11.0/stm32cubeide/plugins/com.st.stm32cube.ide.mcu.externaltools.gnu-tools-for-stm32.10.3-2021.10.win32_1.0.100.202210260954/tools/bin/../lib/gcc/arm-none-eabi/10.3.1/../../../../arm-none-eabi/lib/thumb/v7e-m+fp/hard\libc_nano.a(lib_a-mprec.o)
                0x000000000800b664                _Bfree
 .text.__multadd
                0x000000000800b6a8       0x8c c:/st/stm32cubeide_1.11.0/stm32cubeide/plugins/com.st.stm32cube.ide.mcu.externaltools.gnu-tools-for-stm32.10.3-2021.10.win32_1.0.100.202210260954/tools/bin/../lib/gcc/arm-none-eabi/10.3.1/../../../../arm-none-eabi/lib/thumb/v7e-m+fp/hard\libc_nano.a(lib_a-mprec.o)
                0x000000000800b6a8                __multadd
 .text.__hi0bits
                0x000000000800b734       0x40 c:/st/stm32cubeide_1.11.0/stm32cubeide/plugins/com.st.stm32cube.ide.mcu.externaltools.gnu-tools-for-stm32.10.3-2021.10.win32_1.0.100.202210260954/tools/bin/../lib/gcc/arm-none-eabi/10.3.1/../../../../arm-none-eabi/lib/thumb/v7e-m+fp/hard\libc_nano.a(lib_a-mprec.o)
                0x000000000800b734                __hi0bits
 .text.__lo0bits
                0x000000000800b774       0x5e c:/st/stm32cubeide_1.11.0/stm32cubeide/plugins/com.st.stm32cube.ide.mcu.externaltools.gnu-tools-for-stm32.10.3-2021.10.win32_1.0.100.202210260954/tools/bin/../lib/gcc/arm-none-eabi/10.3.1/../../../../arm-none-eabi/lib/thumb/v7e-m+fp/hard\libc_nano.a(lib_a-mprec.o)
                0x000000000800b774                __lo0bits
 *fill*         0x000000000800b7d2        0x2 
 .text.__i2b    0x000000000800b7d4       0x2c c:/st/stm32cubeide_1.11.0/stm32cubeide/plugins/com.st.stm32cube.ide.mcu.externaltools.gnu-tools-for-stm32.10.3-2021.10.win32_1.0.100.202210260954/tools/bin/../lib/gcc/arm-none-eabi/10.3.1/../../../../arm-none-eabi/lib/thumb/v7e-m+fp/hard\libc_nano.a(lib_a-mprec.o)
                0x000000000800b7d4                __i2b
 .text.__multiply
                0x000000000800b800      0x154 c:/st/stm32cubeide_1.11.0/stm32cubeide/plugins/com.st.stm32cube.ide.mcu.externaltools.gnu-tools-for-stm32.10.3-2021.10.win32_1.0.100.202210260954/tools/bin/../lib/gcc/arm-none-eabi/10.3.1/../../../../arm-none-eabi/lib/thumb/v7e-m+fp/hard\libc_nano.a(lib_a-mprec.o)
                0x000000000800b800                __multiply
 .text.__pow5mult
                0x000000000800b954       0xb4 c:/st/stm32cubeide_1.11.0/stm32cubeide/plugins/com.st.stm32cube.ide.mcu.externaltools.gnu-tools-for-stm32.10.3-2021.10.win32_1.0.100.202210260954/tools/bin/../lib/gcc/arm-none-eabi/10.3.1/../../../../arm-none-eabi/lib/thumb/v7e-m+fp/hard\libc_nano.a(lib_a-mprec.o)
                0x000000000800b954                __pow5mult
 .text.__lshift
                0x000000000800ba08       0xe0 c:/st/stm32cubeide_1.11.0/stm32cubeide/plugins/com.st.stm32cube.ide.mcu.externaltools.gnu-tools-for-stm32.10.3-2021.10.win32_1.0.100.202210260954/tools/bin/../lib/gcc/arm-none-eabi/10.3.1/../../../../arm-none-eabi/lib/thumb/v7e-m+fp/hard\libc_nano.a(lib_a-mprec.o)
                0x000000000800ba08                __lshift
 .text.__mcmp   0x000000000800bae8       0x38 c:/st/stm32cubeide_1.11.0/stm32cubeide/plugins/com.st.stm32cube.ide.mcu.externaltools.gnu-tools-for-stm32.10.3-2021.10.win32_1.0.100.202210260954/tools/bin/../lib/gcc/arm-none-eabi/10.3.1/../../../../arm-none-eabi/lib/thumb/v7e-m+fp/hard\libc_nano.a(lib_a-mprec.o)
                0x000000000800bae8                __mcmp
 .text.__mdiff  0x000000000800bb20      0x114 c:/st/stm32cubeide_1.11.0/stm32cubeide/plugins/com.st.stm32cube.ide.mcu.externaltools.gnu-tools-for-stm32.10.3-2021.10.win32_1.0.100.202210260954/tools/bin/../lib/gcc/arm-none-eabi/10.3.1/../../../../arm-none-eabi/lib/thumb/v7e-m+fp/hard\libc_nano.a(lib_a-mprec.o)
                0x000000000800bb20                __mdiff
 .text.__d2b    0x000000000800bc34       0xb8 c:/st/stm32cubeide_1.11.0/stm32cubeide/plugins/com.st.stm32cube.ide.mcu.externaltools.gnu-tools-for-stm32.10.3-2021.10.win32_1.0.100.202210260954/tools/bin/../lib/gcc/arm-none-eabi/10.3.1/../../../../arm-none-eabi/lib/thumb/v7e-m+fp/hard\libc_nano.a(lib_a-mprec.o)
                0x000000000800bc34                __d2b
 .text._calloc_r
                0x000000000800bcec       0x2c c:/st/stm32cubeide_1.11.0/stm32cubeide/plugins/com.st.stm32cube.ide.mcu.externaltools.gnu-tools-for-stm32.10.3-2021.10.win32_1.0.100.202210260954/tools/bin/../lib/gcc/arm-none-eabi/10.3.1/../../../../arm-none-eabi/lib/thumb/v7e-m+fp/hard\libc_nano.a(lib_a-nano-callocr.o)
                0x000000000800bcec                _calloc_r
 .text.__sfputc_r
                0x000000000800bd18       0x2e c:/st/stm32cubeide_1.11.0/stm32cubeide/plugins/com.st.stm32cube.ide.mcu.externaltools.gnu-tools-for-stm32.10.3-2021.10.win32_1.0.100.202210260954/tools/bin/../lib/gcc/arm-none-eabi/10.3.1/../../../../arm-none-eabi/lib/thumb/v7e-m+fp/hard\libc_nano.a(lib_a-nano-vfprintf.o)
 .text.__sfputs_r
                0x000000000800bd46       0x24 c:/st/stm32cubeide_1.11.0/stm32cubeide/plugins/com.st.stm32cube.ide.mcu.externaltools.gnu-tools-for-stm32.10.3-2021.10.win32_1.0.100.202210260954/tools/bin/../lib/gcc/arm-none-eabi/10.3.1/../../../../arm-none-eabi/lib/thumb/v7e-m+fp/hard\libc_nano.a(lib_a-nano-vfprintf.o)
                0x000000000800bd46                __sfputs_r
 *fill*         0x000000000800bd6a        0x2 
 .text._vfprintf_r
                0x000000000800bd6c      0x260 c:/st/stm32cubeide_1.11.0/stm32cubeide/plugins/com.st.stm32cube.ide.mcu.externaltools.gnu-tools-for-stm32.10.3-2021.10.win32_1.0.100.202210260954/tools/bin/../lib/gcc/arm-none-eabi/10.3.1/../../../../arm-none-eabi/lib/thumb/v7e-m+fp/hard\libc_nano.a(lib_a-nano-vfprintf.o)
                0x000000000800bd6c                _vfprintf_r
                0x000000000800bd6c                _vfiprintf_r
 .text.__sread  0x000000000800bfcc       0x22 c:/st/stm32cubeide_1.11.0/stm32cubeide/plugins/com.st.stm32cube.ide.mcu.externaltools.gnu-tools-for-stm32.10.3-2021.10.win32_1.0.100.202210260954/tools/bin/../lib/gcc/arm-none-eabi/10.3.1/../../../../arm-none-eabi/lib/thumb/v7e-m+fp/hard\libc_nano.a(lib_a-stdio.o)
                0x000000000800bfcc                __sread
 .text.__swrite
                0x000000000800bfee       0x38 c:/st/stm32cubeide_1.11.0/stm32cubeide/plugins/com.st.stm32cube.ide.mcu.externaltools.gnu-tools-for-stm32.10.3-2021.10.win32_1.0.100.202210260954/tools/bin/../lib/gcc/arm-none-eabi/10.3.1/../../../../arm-none-eabi/lib/thumb/v7e-m+fp/hard\libc_nano.a(lib_a-stdio.o)
                0x000000000800bfee                __swrite
 .text.__sseek  0x000000000800c026       0x24 c:/st/stm32cubeide_1.11.0/stm32cubeide/plugins/com.st.stm32cube.ide.mcu.externaltools.gnu-tools-for-stm32.10.3-2021.10.win32_1.0.100.202210260954/tools/bin/../lib/gcc/arm-none-eabi/10.3.1/../../../../arm-none-eabi/lib/thumb/v7e-m+fp/hard\libc_nano.a(lib_a-stdio.o)
                0x000000000800c026                __sseek
 .text.__sclose
                0x000000000800c04a        0x8 c:/st/stm32cubeide_1.11.0/stm32cubeide/plugins/com.st.stm32cube.ide.mcu.externaltools.gnu-tools-for-stm32.10.3-2021.10.win32_1.0.100.202210260954/tools/bin/../lib/gcc/arm-none-eabi/10.3.1/../../../../arm-none-eabi/lib/thumb/v7e-m+fp/hard\libc_nano.a(lib_a-stdio.o)
                0x000000000800c04a                __sclose
 *fill*         0x000000000800c052        0x2 
 .text._write_r
                0x000000000800c054       0x24 c:/st/stm32cubeide_1.11.0/stm32cubeide/plugins/com.st.stm32cube.ide.mcu.externaltools.gnu-tools-for-stm32.10.3-2021.10.win32_1.0.100.202210260954/tools/bin/../lib/gcc/arm-none-eabi/10.3.1/../../../../arm-none-eabi/lib/thumb/v7e-m+fp/hard\libc_nano.a(lib_a-writer.o)
                0x000000000800c054                _write_r
 .text.__assert_func
                0x000000000800c078       0x3c c:/st/stm32cubeide_1.11.0/stm32cubeide/plugins/com.st.stm32cube.ide.mcu.externaltools.gnu-tools-for-stm32.10.3-2021.10.win32_1.0.100.202210260954/tools/bin/../lib/gcc/arm-none-eabi/10.3.1/../../../../arm-none-eabi/lib/thumb/v7e-m+fp/hard\libc_nano.a(lib_a-assert.o)
                0x000000000800c078                __assert_func
 .text._close_r
                0x000000000800c0b4       0x20 c:/st/stm32cubeide_1.11.0/stm32cubeide/plugins/com.st.stm32cube.ide.mcu.externaltools.gnu-tools-for-stm32.10.3-2021.10.win32_1.0.100.202210260954/tools/bin/../lib/gcc/arm-none-eabi/10.3.1/../../../../arm-none-eabi/lib/thumb/v7e-m+fp/hard\libc_nano.a(lib_a-closer.o)
                0x000000000800c0b4                _close_r
 .text.fprintf  0x000000000800c0d4       0x24 c:/st/stm32cubeide_1.11.0/stm32cubeide/plugins/com.st.stm32cube.ide.mcu.externaltools.gnu-tools-for-stm32.10.3-2021.10.win32_1.0.100.202210260954/tools/bin/../lib/gcc/arm-none-eabi/10.3.1/../../../../arm-none-eabi/lib/thumb/v7e-m+fp/hard\libc_nano.a(lib_a-fprintf.o)
                0x000000000800c0d4                fiprintf
                0x000000000800c0d4                fprintf
 .text._fstat_r
                0x000000000800c0f8       0x24 c:/st/stm32cubeide_1.11.0/stm32cubeide/plugins/com.st.stm32cube.ide.mcu.externaltools.gnu-tools-for-stm32.10.3-2021.10.win32_1.0.100.202210260954/tools/bin/../lib/gcc/arm-none-eabi/10.3.1/../../../../arm-none-eabi/lib/thumb/v7e-m+fp/hard\libc_nano.a(lib_a-fstatr.o)
                0x000000000800c0f8                _fstat_r
 .text._isatty_r
                0x000000000800c11c       0x20 c:/st/stm32cubeide_1.11.0/stm32cubeide/plugins/com.st.stm32cube.ide.mcu.externaltools.gnu-tools-for-stm32.10.3-2021.10.win32_1.0.100.202210260954/tools/bin/../lib/gcc/arm-none-eabi/10.3.1/../../../../arm-none-eabi/lib/thumb/v7e-m+fp/hard\libc_nano.a(lib_a-isattyr.o)
                0x000000000800c11c                _isatty_r
 .text._lseek_r
                0x000000000800c13c       0x24 c:/st/stm32cubeide_1.11.0/stm32cubeide/plugins/com.st.stm32cube.ide.mcu.externaltools.gnu-tools-for-stm32.10.3-2021.10.win32_1.0.100.202210260954/tools/bin/../lib/gcc/arm-none-eabi/10.3.1/../../../../arm-none-eabi/lib/thumb/v7e-m+fp/hard\libc_nano.a(lib_a-lseekr.o)
                0x000000000800c13c                _lseek_r
 .text.__ascii_mbtowc
                0x000000000800c160       0x24 c:/st/stm32cubeide_1.11.0/stm32cubeide/plugins/com.st.stm32cube.ide.mcu.externaltools.gnu-tools-for-stm32.10.3-2021.10.win32_1.0.100.202210260954/tools/bin/../lib/gcc/arm-none-eabi/10.3.1/../../../../arm-none-eabi/lib/thumb/v7e-m+fp/hard\libc_nano.a(lib_a-mbtowc_r.o)
                0x000000000800c160                __ascii_mbtowc
 .text._read_r  0x000000000800c184       0x24 c:/st/stm32cubeide_1.11.0/stm32cubeide/plugins/com.st.stm32cube.ide.mcu.externaltools.gnu-tools-for-stm32.10.3-2021.10.win32_1.0.100.202210260954/tools/bin/../lib/gcc/arm-none-eabi/10.3.1/../../../../arm-none-eabi/lib/thumb/v7e-m+fp/hard\libc_nano.a(lib_a-readr.o)
                0x000000000800c184                _read_r
 .text.__ascii_wctomb
                0x000000000800c1a8       0x1a c:/st/stm32cubeide_1.11.0/stm32cubeide/plugins/com.st.stm32cube.ide.mcu.externaltools.gnu-tools-for-stm32.10.3-2021.10.win32_1.0.100.202210260954/tools/bin/../lib/gcc/arm-none-eabi/10.3.1/../../../../arm-none-eabi/lib/thumb/v7e-m+fp/hard\libc_nano.a(lib_a-wctomb_r.o)
                0x000000000800c1a8                __ascii_wctomb
 .text.abort    0x000000000800c1c2        0xe c:/st/stm32cubeide_1.11.0/stm32cubeide/plugins/com.st.stm32cube.ide.mcu.externaltools.gnu-tools-for-stm32.10.3-2021.10.win32_1.0.100.202210260954/tools/bin/../lib/gcc/arm-none-eabi/10.3.1/../../../../arm-none-eabi/lib/thumb/v7e-m+fp/hard\libc_nano.a(lib_a-abort.o)
                0x000000000800c1c2                abort
 .text._raise_r
                0x000000000800c1d0       0x50 c:/st/stm32cubeide_1.11.0/stm32cubeide/plugins/com.st.stm32cube.ide.mcu.externaltools.gnu-tools-for-stm32.10.3-2021.10.win32_1.0.100.202210260954/tools/bin/../lib/gcc/arm-none-eabi/10.3.1/../../../../arm-none-eabi/lib/thumb/v7e-m+fp/hard\libc_nano.a(lib_a-signal.o)
                0x000000000800c1d0                _raise_r
 .text.raise    0x000000000800c220       0x10 c:/st/stm32cubeide_1.11.0/stm32cubeide/plugins/com.st.stm32cube.ide.mcu.externaltools.gnu-tools-for-stm32.10.3-2021.10.win32_1.0.100.202210260954/tools/bin/../lib/gcc/arm-none-eabi/10.3.1/../../../../arm-none-eabi/lib/thumb/v7e-m+fp/hard\libc_nano.a(lib_a-signal.o)
                0x000000000800c220                raise
 .text._kill_r  0x000000000800c230       0x24 c:/st/stm32cubeide_1.11.0/stm32cubeide/plugins/com.st.stm32cube.ide.mcu.externaltools.gnu-tools-for-stm32.10.3-2021.10.win32_1.0.100.202210260954/tools/bin/../lib/gcc/arm-none-eabi/10.3.1/../../../../arm-none-eabi/lib/thumb/v7e-m+fp/hard\libc_nano.a(lib_a-signalr.o)
                0x000000000800c230                _kill_r
 .text._getpid_r
                0x000000000800c254        0x4 c:/st/stm32cubeide_1.11.0/stm32cubeide/plugins/com.st.stm32cube.ide.mcu.externaltools.gnu-tools-for-stm32.10.3-2021.10.win32_1.0.100.202210260954/tools/bin/../lib/gcc/arm-none-eabi/10.3.1/../../../../arm-none-eabi/lib/thumb/v7e-m+fp/hard\libc_nano.a(lib_a-signalr.o)
                0x000000000800c254                _getpid_r
 .text.expf     0x000000000800c258       0x6c c:/st/stm32cubeide_1.11.0/stm32cubeide/plugins/com.st.stm32cube.ide.mcu.externaltools.gnu-tools-for-stm32.10.3-2021.10.win32_1.0.100.202210260954/tools/bin/../lib/gcc/arm-none-eabi/10.3.1/../../../../arm-none-eabi/lib/thumb/v7e-m+fp/hard\libm.a(lib_a-wf_exp.o)
                0x000000000800c258                expf
 .text.__ieee754_expf
                0x000000000800c2c4      0x19c c:/st/stm32cubeide_1.11.0/stm32cubeide/plugins/com.st.stm32cube.ide.mcu.externaltools.gnu-tools-for-stm32.10.3-2021.10.win32_1.0.100.202210260954/tools/bin/../lib/gcc/arm-none-eabi/10.3.1/../../../../arm-none-eabi/lib/thumb/v7e-m+fp/hard\libm.a(lib_a-ef_exp.o)
                0x000000000800c2c4                __ieee754_expf
 .text.with_errnof
                0x000000000800c460       0x16 c:/st/stm32cubeide_1.11.0/stm32cubeide/plugins/com.st.stm32cube.ide.mcu.externaltools.gnu-tools-for-stm32.10.3-2021.10.win32_1.0.100.202210260954/tools/bin/../lib/gcc/arm-none-eabi/10.3.1/../../../../arm-none-eabi/lib/thumb/v7e-m+fp/hard\libm.a(lib_a-math_errf.o)
 .text.xflowf   0x000000000800c476       0x16 c:/st/stm32cubeide_1.11.0/stm32cubeide/plugins/com.st.stm32cube.ide.mcu.externaltools.gnu-tools-for-stm32.10.3-2021.10.win32_1.0.100.202210260954/tools/bin/../lib/gcc/arm-none-eabi/10.3.1/../../../../arm-none-eabi/lib/thumb/v7e-m+fp/hard\libm.a(lib_a-math_errf.o)
 .text.__math_uflowf
                0x000000000800c48c        0xc c:/st/stm32cubeide_1.11.0/stm32cubeide/plugins/com.st.stm32cube.ide.mcu.externaltools.gnu-tools-for-stm32.10.3-2021.10.win32_1.0.100.202210260954/tools/bin/../lib/gcc/arm-none-eabi/10.3.1/../../../../arm-none-eabi/lib/thumb/v7e-m+fp/hard\libm.a(lib_a-math_errf.o)
                0x000000000800c48c                __math_uflowf
 .text.__math_oflowf
                0x000000000800c498        0xc c:/st/stm32cubeide_1.11.0/stm32cubeide/plugins/com.st.stm32cube.ide.mcu.externaltools.gnu-tools-for-stm32.10.3-2021.10.win32_1.0.100.202210260954/tools/bin/../lib/gcc/arm-none-eabi/10.3.1/../../../../arm-none-eabi/lib/thumb/v7e-m+fp/hard\libm.a(lib_a-math_errf.o)
                0x000000000800c498                __math_oflowf
 .text.finitef  0x000000000800c4a4       0x1a c:/st/stm32cubeide_1.11.0/stm32cubeide/plugins/com.st.stm32cube.ide.mcu.externaltools.gnu-tools-for-stm32.10.3-2021.10.win32_1.0.100.202210260954/tools/bin/../lib/gcc/arm-none-eabi/10.3.1/../../../../arm-none-eabi/lib/thumb/v7e-m+fp/hard\libm.a(lib_a-sf_finite.o)
                0x000000000800c4a4                finitef
 *fill*         0x000000000800c4be        0x2 
 .text._close   0x000000000800c4c0       0x10 c:/st/stm32cubeide_1.11.0/stm32cubeide/plugins/com.st.stm32cube.ide.mcu.externaltools.gnu-tools-for-stm32.10.3-2021.10.win32_1.0.100.202210260954/tools/bin/../lib/gcc/arm-none-eabi/10.3.1/../../../../arm-none-eabi/lib/thumb/v7e-m+fp/hard\libnosys.a(close.o)
                0x000000000800c4c0                _close
 .text._fstat   0x000000000800c4d0       0x10 c:/st/stm32cubeide_1.11.0/stm32cubeide/plugins/com.st.stm32cube.ide.mcu.externaltools.gnu-tools-for-stm32.10.3-2021.10.win32_1.0.100.202210260954/tools/bin/../lib/gcc/arm-none-eabi/10.3.1/../../../../arm-none-eabi/lib/thumb/v7e-m+fp/hard\libnosys.a(fstat.o)
                0x000000000800c4d0                _fstat
 .text._getpid  0x000000000800c4e0       0x10 c:/st/stm32cubeide_1.11.0/stm32cubeide/plugins/com.st.stm32cube.ide.mcu.externaltools.gnu-tools-for-stm32.10.3-2021.10.win32_1.0.100.202210260954/tools/bin/../lib/gcc/arm-none-eabi/10.3.1/../../../../arm-none-eabi/lib/thumb/v7e-m+fp/hard\libnosys.a(getpid.o)
                0x000000000800c4e0                _getpid
 .text._isatty  0x000000000800c4f0       0x10 c:/st/stm32cubeide_1.11.0/stm32cubeide/plugins/com.st.stm32cube.ide.mcu.externaltools.gnu-tools-for-stm32.10.3-2021.10.win32_1.0.100.202210260954/tools/bin/../lib/gcc/arm-none-eabi/10.3.1/../../../../arm-none-eabi/lib/thumb/v7e-m+fp/hard\libnosys.a(isatty.o)
                0x000000000800c4f0                _isatty
 .text._kill    0x000000000800c500       0x10 c:/st/stm32cubeide_1.11.0/stm32cubeide/plugins/com.st.stm32cube.ide.mcu.externaltools.gnu-tools-for-stm32.10.3-2021.10.win32_1.0.100.202210260954/tools/bin/../lib/gcc/arm-none-eabi/10.3.1/../../../../arm-none-eabi/lib/thumb/v7e-m+fp/hard\libnosys.a(kill.o)
                0x000000000800c500                _kill
 .text._lseek   0x000000000800c510       0x10 c:/st/stm32cubeide_1.11.0/stm32cubeide/plugins/com.st.stm32cube.ide.mcu.externaltools.gnu-tools-for-stm32.10.3-2021.10.win32_1.0.100.202210260954/tools/bin/../lib/gcc/arm-none-eabi/10.3.1/../../../../arm-none-eabi/lib/thumb/v7e-m+fp/hard\libnosys.a(lseek.o)
                0x000000000800c510                _lseek
 .text._read    0x000000000800c520       0x10 c:/st/stm32cubeide_1.11.0/stm32cubeide/plugins/com.st.stm32cube.ide.mcu.externaltools.gnu-tools-for-stm32.10.3-2021.10.win32_1.0.100.202210260954/tools/bin/../lib/gcc/arm-none-eabi/10.3.1/../../../../arm-none-eabi/lib/thumb/v7e-m+fp/hard\libnosys.a(read.o)
                0x000000000800c520                _read
 .text._exit    0x000000000800c530        0x2 c:/st/stm32cubeide_1.11.0/stm32cubeide/plugins/com.st.stm32cube.ide.mcu.externaltools.gnu-tools-for-stm32.10.3-2021.10.win32_1.0.100.202210260954/tools/bin/../lib/gcc/arm-none-eabi/10.3.1/../../../../arm-none-eabi/lib/thumb/v7e-m+fp/hard\libnosys.a(_exit.o)
                0x000000000800c530                _exit
 *(.glue_7)
 .glue_7        0x000000000800c532        0x0 linker stubs
 *(.glue_7t)
 .glue_7t       0x000000000800c532        0x0 linker stubs
 *(.eh_frame)
 *fill*         0x000000000800c532        0x2 
 .eh_frame      0x000000000800c534        0x0 c:/st/stm32cubeide_1.11.0/stm32cubeide/plugins/com.st.stm32cube.ide.mcu.externaltools.gnu-tools-for-stm32.10.3-2021.10.win32_1.0.100.202210260954/tools/bin/../lib/gcc/arm-none-eabi/10.3.1/thumb/v7e-m+fp/hard/crtbegin.o
 *(.init)
 .init          0x000000000800c534        0x4 c:/st/stm32cubeide_1.11.0/stm32cubeide/plugins/com.st.stm32cube.ide.mcu.externaltools.gnu-tools-for-stm32.10.3-2021.10.win32_1.0.100.202210260954/tools/bin/../lib/gcc/arm-none-eabi/10.3.1/thumb/v7e-m+fp/hard/crti.o
                0x000000000800c534                _init
 .init          0x000000000800c538        0x8 c:/st/stm32cubeide_1.11.0/stm32cubeide/plugins/com.st.stm32cube.ide.mcu.externaltools.gnu-tools-for-stm32.10.3-2021.10.win32_1.0.100.202210260954/tools/bin/../lib/gcc/arm-none-eabi/10.3.1/thumb/v7e-m+fp/hard/crtn.o
 *(.fini)
 .fini          0x000000000800c540        0x4 c:/st/stm32cubeide_1.11.0/stm32cubeide/plugins/com.st.stm32cube.ide.mcu.externaltools.gnu-tools-for-stm32.10.3-2021.10.win32_1.0.100.202210260954/tools/bin/../lib/gcc/arm-none-eabi/10.3.1/thumb/v7e-m+fp/hard/crti.o
                0x000000000800c540                _fini
 .fini          0x000000000800c544        0x8 c:/st/stm32cubeide_1.11.0/stm32cubeide/plugins/com.st.stm32cube.ide.mcu.externaltools.gnu-tools-for-stm32.10.3-2021.10.win32_1.0.100.202210260954/tools/bin/../lib/gcc/arm-none-eabi/10.3.1/thumb/v7e-m+fp/hard/crtn.o
                0x000000000800c54c                . = ALIGN (0x4)
                0x000000000800c54c                _etext = .

.vfp11_veneer   0x000000000800c54c        0x0
 .vfp11_veneer  0x000000000800c54c        0x0 linker stubs

.v4_bx          0x000000000800c54c        0x0
 .v4_bx         0x000000000800c54c        0x0 linker stubs

.iplt           0x000000000800c54c        0x0
 .iplt          0x000000000800c54c        0x0 c:/st/stm32cubeide_1.11.0/stm32cubeide/plugins/com.st.stm32cube.ide.mcu.externaltools.gnu-tools-for-stm32.10.3-2021.10.win32_1.0.100.202210260954/tools/bin/../lib/gcc/arm-none-eabi/10.3.1/thumb/v7e-m+fp/hard/crtbegin.o
